Archive member included to satisfy reference by file (symbol)

E:/Program Files/STM32CubeIDE_1.18.1/STM32CubeIDE/plugins/com.st.stm32cube.ide.mcu.externaltools.gnu-tools-for-stm32.13.3.rel1.win32_1.0.0.202411081344/tools/bin/../lib/gcc/arm-none-eabi/13.3.1/../../../../arm-none-eabi/lib/thumb/v6-m/nofp\libc_nano.a(libc_a-exit.o)
                              E:/Program Files/STM32CubeIDE_1.18.1/STM32CubeIDE/plugins/com.st.stm32cube.ide.mcu.externaltools.gnu-tools-for-stm32.13.3.rel1.win32_1.0.0.202411081344/tools/bin/../lib/gcc/arm-none-eabi/13.3.1/../../../../arm-none-eabi/lib/thumb/v6-m/nofp/crt0.o (exit)
E:/Program Files/STM32CubeIDE_1.18.1/STM32CubeIDE/plugins/com.st.stm32cube.ide.mcu.externaltools.gnu-tools-for-stm32.13.3.rel1.win32_1.0.0.202411081344/tools/bin/../lib/gcc/arm-none-eabi/13.3.1/../../../../arm-none-eabi/lib/thumb/v6-m/nofp\libc_nano.a(libc_a-findfp.o)
                              E:/Program Files/STM32CubeIDE_1.18.1/STM32CubeIDE/plugins/com.st.stm32cube.ide.mcu.externaltools.gnu-tools-for-stm32.13.3.rel1.win32_1.0.0.202411081344/tools/bin/../lib/gcc/arm-none-eabi/13.3.1/../../../../arm-none-eabi/lib/thumb/v6-m/nofp\libc_nano.a(libc_a-exit.o) (__stdio_exit_handler)
E:/Program Files/STM32CubeIDE_1.18.1/STM32CubeIDE/plugins/com.st.stm32cube.ide.mcu.externaltools.gnu-tools-for-stm32.13.3.rel1.win32_1.0.0.202411081344/tools/bin/../lib/gcc/arm-none-eabi/13.3.1/../../../../arm-none-eabi/lib/thumb/v6-m/nofp\libc_nano.a(libc_a-fwalk.o)
                              E:/Program Files/STM32CubeIDE_1.18.1/STM32CubeIDE/plugins/com.st.stm32cube.ide.mcu.externaltools.gnu-tools-for-stm32.13.3.rel1.win32_1.0.0.202411081344/tools/bin/../lib/gcc/arm-none-eabi/13.3.1/../../../../arm-none-eabi/lib/thumb/v6-m/nofp\libc_nano.a(libc_a-findfp.o) (_fwalk_sglue)
E:/Program Files/STM32CubeIDE_1.18.1/STM32CubeIDE/plugins/com.st.stm32cube.ide.mcu.externaltools.gnu-tools-for-stm32.13.3.rel1.win32_1.0.0.202411081344/tools/bin/../lib/gcc/arm-none-eabi/13.3.1/../../../../arm-none-eabi/lib/thumb/v6-m/nofp\libc_nano.a(libc_a-printf.o)
                              ./Core/ethernet/net_app.o (printf)
E:/Program Files/STM32CubeIDE_1.18.1/STM32CubeIDE/plugins/com.st.stm32cube.ide.mcu.externaltools.gnu-tools-for-stm32.13.3.rel1.win32_1.0.0.202411081344/tools/bin/../lib/gcc/arm-none-eabi/13.3.1/../../../../arm-none-eabi/lib/thumb/v6-m/nofp\libc_nano.a(libc_a-puts.o)
                              ./Core/Src/main.o (puts)
E:/Program Files/STM32CubeIDE_1.18.1/STM32CubeIDE/plugins/com.st.stm32cube.ide.mcu.externaltools.gnu-tools-for-stm32.13.3.rel1.win32_1.0.0.202411081344/tools/bin/../lib/gcc/arm-none-eabi/13.3.1/../../../../arm-none-eabi/lib/thumb/v6-m/nofp\libc_nano.a(libc_a-stdio.o)
                              E:/Program Files/STM32CubeIDE_1.18.1/STM32CubeIDE/plugins/com.st.stm32cube.ide.mcu.externaltools.gnu-tools-for-stm32.13.3.rel1.win32_1.0.0.202411081344/tools/bin/../lib/gcc/arm-none-eabi/13.3.1/../../../../arm-none-eabi/lib/thumb/v6-m/nofp\libc_nano.a(libc_a-findfp.o) (__sread)
E:/Program Files/STM32CubeIDE_1.18.1/STM32CubeIDE/plugins/com.st.stm32cube.ide.mcu.externaltools.gnu-tools-for-stm32.13.3.rel1.win32_1.0.0.202411081344/tools/bin/../lib/gcc/arm-none-eabi/13.3.1/../../../../arm-none-eabi/lib/thumb/v6-m/nofp\libc_nano.a(libc_a-wbuf.o)
                              E:/Program Files/STM32CubeIDE_1.18.1/STM32CubeIDE/plugins/com.st.stm32cube.ide.mcu.externaltools.gnu-tools-for-stm32.13.3.rel1.win32_1.0.0.202411081344/tools/bin/../lib/gcc/arm-none-eabi/13.3.1/../../../../arm-none-eabi/lib/thumb/v6-m/nofp\libc_nano.a(libc_a-puts.o) (__swbuf_r)
E:/Program Files/STM32CubeIDE_1.18.1/STM32CubeIDE/plugins/com.st.stm32cube.ide.mcu.externaltools.gnu-tools-for-stm32.13.3.rel1.win32_1.0.0.202411081344/tools/bin/../lib/gcc/arm-none-eabi/13.3.1/../../../../arm-none-eabi/lib/thumb/v6-m/nofp\libc_nano.a(libc_a-wsetup.o)
                              E:/Program Files/STM32CubeIDE_1.18.1/STM32CubeIDE/plugins/com.st.stm32cube.ide.mcu.externaltools.gnu-tools-for-stm32.13.3.rel1.win32_1.0.0.202411081344/tools/bin/../lib/gcc/arm-none-eabi/13.3.1/../../../../arm-none-eabi/lib/thumb/v6-m/nofp\libc_nano.a(libc_a-puts.o) (__swsetup_r)
E:/Program Files/STM32CubeIDE_1.18.1/STM32CubeIDE/plugins/com.st.stm32cube.ide.mcu.externaltools.gnu-tools-for-stm32.13.3.rel1.win32_1.0.0.202411081344/tools/bin/../lib/gcc/arm-none-eabi/13.3.1/../../../../arm-none-eabi/lib/thumb/v6-m/nofp\libc_nano.a(libc_a-memcmp.o)
                              ./Core/ethernet/net_app.o (memcmp)
E:/Program Files/STM32CubeIDE_1.18.1/STM32CubeIDE/plugins/com.st.stm32cube.ide.mcu.externaltools.gnu-tools-for-stm32.13.3.rel1.win32_1.0.0.202411081344/tools/bin/../lib/gcc/arm-none-eabi/13.3.1/../../../../arm-none-eabi/lib/thumb/v6-m/nofp\libc_nano.a(libc_a-memset.o)
[...]
Memory Configuration

Name             Origin             Length             Attributes
RAM              0x20000000         0x00024000         xrw
FLASH            0x08008000         0x00078000         xr
*default*        0x00000000         0xffffffff

Linker script and memory map

LOAD E:/Program Files/STM32CubeIDE_1.18.1/STM32CubeIDE/plugins/com.st.stm32cube.ide.mcu.externaltools.gnu-tools-for-stm32.13.3.rel1.win32_1.0.0.202411081344/tools/bin/../lib/gcc/arm-none-eabi/13.3.1/thumb/v6-m/nofp/crti.o
LOAD E:/Program Files/STM32CubeIDE_1.18.1/STM32CubeIDE/plugins/com.st.stm32cube.ide.mcu.externaltools.gnu-tools-for-stm32.13.3.rel1.win32_1.0.0.202411081344/tools/bin/../lib/gcc/arm-none-eabi/13.3.1/thumb/v6-m/nofp/crtbegin.o
LOAD E:/Program Files/STM32CubeIDE_1.18.1/STM32CubeIDE/plugins/com.st.stm32cube.ide.mcu.externaltools.gnu-tools-for-stm32.13.3.rel1.win32_1.0.0.202411081344/tools/bin/../lib/gcc/arm-none-eabi/13.3.1/../../../../arm-none-eabi/lib/thumb/v6-m/nofp/crt0.o
LOAD ./Core/Src/main.o
LOAD ./Core/Src/stm32g0xx_hal_msp.o
LOAD ./Core/Src/stm32g0xx_it.o
LOAD ./Core/Src/syscalls.o
LOAD ./Core/Src/sysmem.o
LOAD ./Core/Src/system_stm32g0xx.o
LOAD ./Core/Startup/startup_stm32g0b1vetx.o
LOAD ./Core/ethernet/W5500/w5500.o
LOAD ./Core/ethernet/net_app.o
LOAD ./Core/ethernet/net_services.o
LOAD ./Core/ethernet/socket.o
LOAD ./Core/ethernet/w5500_hal.o
LOAD ./Core/ethernet/wizchip_conf.o
LOAD ./Core/user/access.o
LOAD ./Core/user/pcf8563.o
LOAD ./Core/user/timApp.o
LOAD ./Core/user/usart.o
LOAD ./Core/user/user.o
LOAD ./Core/user/w25q128.o
LOAD ./Core/user/wiegand.o
LOAD ./Drivers/STM32G0xx_HAL_Driver/Src/stm32g0xx_hal.o
LOAD ./Drivers/STM32G0xx_HAL_Driver/Src/stm32g0xx_hal_adc.o
LOAD ./Drivers/STM32G0xx_HAL_Driver/Src/stm32g0xx_hal_adc_ex.o
LOAD ./Drivers/STM32G0xx_HAL_Driver/Src/stm32g0xx_hal_cortex.o
LOAD ./Drivers/STM32G0xx_HAL_Driver/Src/stm32g0xx_hal_dma.o
LOAD ./Drivers/STM32G0xx_HAL_Driver/Src/stm32g0xx_hal_dma_ex.o
LOAD ./Drivers/STM32G0xx_HAL_Driver/Src/stm32g0xx_hal_exti.o
LOAD ./Drivers/STM32G0xx_HAL_Driver/Src/stm32g0xx_hal_flash.o
LOAD ./Drivers/STM32G0xx_HAL_Driver/Src/stm32g0xx_hal_flash_ex.o
LOAD ./Drivers/STM32G0xx_HAL_Driver/Src/stm32g0xx_hal_gpio.o
LOAD ./Drivers/STM32G0xx_HAL_Driver/Src/stm32g0xx_hal_i2c.o
LOAD ./Drivers/STM32G0xx_HAL_Driver/Src/stm32g0xx_hal_i2c_ex.o
LOAD ./Drivers/STM32G0xx_HAL_Driver/Src/stm32g0xx_hal_iwdg.o
LOAD ./Drivers/STM32G0xx_HAL_Driver/Src/stm32g0xx_hal_pwr.o
LOAD ./Drivers/STM32G0xx_HAL_Driver/Src/stm32g0xx_hal_pwr_ex.o
LOAD ./Drivers/STM32G0xx_HAL_Driver/Src/stm32g0xx_hal_rcc.o
LOAD ./Drivers/STM32G0xx_HAL_Driver/Src/stm32g0xx_hal_rcc_ex.o
LOAD ./Drivers/STM32G0xx_HAL_Driver/Src/stm32g0xx_hal_spi.o
LOAD ./Drivers/STM32G0xx_HAL_Driver/Src/stm32g0xx_hal_spi_ex.o
LOAD ./Drivers/STM32G0xx_HAL_Driver/Src/stm32g0xx_hal_tim.o
LOAD ./Drivers/STM32G0xx_HAL_Driver/Src/stm32g0xx_hal_tim_ex.o
LOAD ./Drivers/STM32G0xx_HAL_Driver/Src/stm32g0xx_hal_uart.o
LOAD ./Drivers/STM32G0xx_HAL_Driver/Src/stm32g0xx_hal_uart_ex.o
LOAD ./Drivers/STM32G0xx_HAL_Driver/Src/stm32g0xx_ll_adc.o
LOAD ./Drivers/STM32G0xx_HAL_Driver/Src/stm32g0xx_ll_rcc.o
START GROUP
LOAD E:/Program Files/STM32CubeIDE_1.18.1/STM32CubeIDE/plugins/com.st.stm32cube.ide.mcu.externaltools.gnu-tools-for-stm32.13.3.rel1.win32_1.0.0.202411081344/tools/bin/../lib/gcc/arm-none-eabi/13.3.1/../../../../arm-none-eabi/lib/thumb/v6-m/nofp\libc_nano.a
LOAD E:/Program Files/STM32CubeIDE_1.18.1/STM32CubeIDE/plugins/com.st.stm32cube.ide.mcu.externaltools.gnu-tools-for-stm32.13.3.rel1.win32_1.0.0.202411081344/tools/bin/../lib/gcc/arm-none-eabi/13.3.1/../../../../arm-none-eabi/lib/thumb/v6-m/nofp\libm.a
END GROUP
START GROUP
LOAD E:/Program Files/STM32CubeIDE_1.18.1/STM32CubeIDE/plugins/com.st.stm32cube.ide.mcu.externaltools.gnu-tools-for-stm32.13.3.rel1.win32_1.0.0.202411081344/tools/bin/../lib/gcc/arm-none-eabi/13.3.1/thumb/v6-m/nofp\libgcc.a
LOAD E:/Program Files/STM32CubeIDE_1.18.1/STM32CubeIDE/plugins/com.st.stm32cube.ide.mcu.externaltools.gnu-tools-for-stm32.13.3.rel1.win32_1.0.0.202411081344/tools/bin/../lib/gcc/arm-none-eabi/13.3.1/../../../../arm-none-eabi/lib/thumb/v6-m/nofp\libc_nano.a
END GROUP
START GROUP
LOAD E:/Program Files/STM32CubeIDE_1.18.1/STM32CubeIDE/plugins/com.st.stm32cube.ide.mcu.externaltools.gnu-tools-for-stm32.13.3.rel1.win32_1.0.0.202411081344/tools/bin/../lib/gcc/arm-none-eabi/13.3.1/thumb/v6-m/nofp\libgcc.a
LOAD E:/Program Files/STM32CubeIDE_1.18.1/STM32CubeIDE/plugins/com.st.stm32cube.ide.mcu.externaltools.gnu-tools-for-stm32.13.3.rel1.win32_1.0.0.202411081344/tools/bin/../lib/gcc/arm-none-eabi/13.3.1/../../../../arm-none-eabi/lib/thumb/v6-m/nofp\libc_nano.a
LOAD E:/Program Files/STM32CubeIDE_1.18.1/STM32CubeIDE/plugins/com.st.stm32cube.ide.mcu.externaltools.gnu-tools-for-stm32.13.3.rel1.win32_1.0.0.202411081344/tools/bin/../lib/gcc/arm-none-eabi/13.3.1/../../../../arm-none-eabi/lib/thumb/v6-m/nofp\libnosys.a
END GROUP
START GROUP
LOAD E:/Program Files/STM32CubeIDE_1.18.1/STM32CubeIDE/plugins/com.st.stm32cube.ide.mcu.externaltools.gnu-tools-for-stm32.13.3.rel1.win32_1.0.0.202411081344/tools/bin/../lib/gcc/arm-none-eabi/13.3.1/thumb/v6-m/nofp\libgcc.a
LOAD E:/Program Files/STM32CubeIDE_1.18.1/STM32CubeIDE/plugins/com.st.stm32cube.ide.mcu.externaltools.gnu-tools-for-stm32.13.3.rel1.win32_1.0.0.202411081344/tools/bin/../lib/gcc/arm-none-eabi/13.3.1/../../../../arm-none-eabi/lib/thumb/v6-m/nofp\libc_nano.a
LOAD E:/Program Files/STM32CubeIDE_1.18.1/STM32CubeIDE/plugins/com.st.stm32cube.ide.mcu.externaltools.gnu-tools-for-stm32.13.3.rel1.win32_1.0.0.202411081344/tools/bin/../lib/gcc/arm-none-eabi/13.3.1/../../../../arm-none-eabi/lib/thumb/v6-m/nofp\libnosys.a
END GROUP
LOAD E:/Program Files/STM32CubeIDE_1.18.1/STM32CubeIDE/plugins/com.st.stm32cube.ide.mcu.externaltools.gnu-tools-for-stm32.13.3.rel1.win32_1.0.0.202411081344/tools/bin/../lib/gcc/arm-none-eabi/13.3.1/thumb/v6-m/nofp/crtend.o
LOAD E:/Program Files/STM32CubeIDE_1.18.1/STM32CubeIDE/plugins/com.st.stm32cube.ide.mcu.externaltools.gnu-tools-for-stm32.13.3.rel1.win32_1.0.0.202411081344/tools/bin/../lib/gcc/arm-none-eabi/13.3.1/thumb/v6-m/nofp/crtn.o
                0x20024000                        _estack = (ORIGIN (RAM) + LENGTH (RAM))
                0x00000200                        _Min_Heap_Size = 0x200
                0x00000400                        _Min_Stack_Size = 0x400

.isr_vector     0x08008000       0xbc
                0x08008000                        . = ALIGN (0x4)
 *(.isr_vector)
 .isr_vector    0x08008000       0xbc ./Core/Startup/startup_stm32g0b1vetx.o
                0x08008000                g_pfnVectors
                0x080080bc                        . = ALIGN (0x4)

.text           0x080080bc    0x1220c
                0x080080bc                        . = ALIGN (0x4)
 *(.text)
 .text          0x080080bc       0x48 E:/Program Files/STM32CubeIDE_1.18.1/STM32CubeIDE/plugins/com.st.stm32cube.ide.mcu.externaltools.gnu-tools-for-stm32.13.3.rel1.win32_1.0.0.202411081344/tools/bin/../lib/gcc/arm-none-eabi/13.3.1/thumb/v6-m/nofp/crtbegin.o
 .text          0x08008104        0xe E:/Program Files/STM32CubeIDE_1.18.1/STM32CubeIDE/plugins/com.st.stm32cube.ide.mcu.externaltools.gnu-tools-for-stm32.13.3.rel1.win32_1.0.0.202411081344/tools/bin/../lib/gcc/arm-none-eabi/13.3.1/../../../../arm-none-eabi/lib/thumb/v6-m/nofp\libc_nano.a(libc_a-strlen.o)
                0x08008104                strlen
 *fill*         0x08008112        0x2 
 .text          0x08008114       0x14 E:/Program Files/STM32CubeIDE_1.18.1/STM32CubeIDE/plugins/com.st.stm32cube.ide.mcu.externaltools.gnu-tools-for-stm32.13.3.rel1.win32_1.0.0.202411081344/tools/bin/../lib/gcc/arm-none-eabi/13.3.1/thumb/v6-m/nofp\libgcc.a(_thumb1_case_shi.o)
                0x08008114                __gnu_thumb1_case_shi
 .text          0x08008128      0x114 E:/Program Files/STM32CubeIDE_1.18.1/STM32CubeIDE/plugins/com.st.stm32cube.ide.mcu.externaltools.gnu-tools-for-stm32.13.3.rel1.win32_1.0.0.202411081344/tools/bin/../lib/gcc/arm-none-eabi/13.3.1/thumb/v6-m/nofp\libgcc.a(_udivsi3.o)
                0x08008128                __aeabi_uidiv
                0x08008128                __udivsi3
                0x08008234                __aeabi_uidivmod
 .text          0x0800823c      0x1d4 E:/Program Files/STM32CubeIDE_1.18.1/STM32CubeIDE/plugins/com.st.stm32cube.ide.mcu.externaltools.gnu-tools-for-stm32.13.3.rel1.win32_1.0.0.202411081344/tools/bin/../lib/gcc/arm-none-eabi/13.3.1/thumb/v6-m/nofp\libgcc.a(_divsi3.o)
                0x0800823c                __divsi3
                0x0800823c                __aeabi_idiv
                0x08008408                __aeabi_idivmod
 .text          0x08008410        0x4 E:/Program Files/STM32CubeIDE_1.18.1/STM32CubeIDE/plugins/com.st.stm32cube.ide.mcu.externaltools.gnu-tools-for-stm32.13.3.rel1.win32_1.0.0.202411081344/tools/bin/../lib/gcc/arm-none-eabi/13.3.1/thumb/v6-m/nofp\libgcc.a(_dvmd_tls.o)
                0x08008410                __aeabi_idiv0
                0x08008410                __aeabi_ldiv0
 .text          0x08008414       0x40 E:/Program Files/STM32CubeIDE_1.18.1/STM32CubeIDE/plugins/com.st.stm32cube.ide.mcu.externaltools.gnu-tools-for-stm32.13.3.rel1.win32_1.0.0.202411081344/tools/bin/../lib/gcc/arm-none-eabi/13.3.1/thumb/v6-m/nofp\libgcc.a(_aeabi_uldivmod.o)
                0x08008414                __aeabi_uldivmod
 .text          0x08008454       0x30 E:/Program Files/STM32CubeIDE_1.18.1/STM32CubeIDE/plugins/com.st.stm32cube.ide.mcu.externaltools.gnu-tools-for-stm32.13.3.rel1.win32_1.0.0.202411081344/tools/bin/../lib/gcc/arm-none-eabi/13.3.1/thumb/v6-m/nofp\libgcc.a(_fixunssfsi.o)
                0x08008454                __fixunssfsi
                0x08008454                __aeabi_f2uiz
 .text          0x08008484      0x198 E:/Program Files/STM32CubeIDE_1.18.1/STM32CubeIDE/plugins/com.st.stm32cube.ide.mcu.externaltools.gnu-tools-for-stm32.13.3.rel1.win32_1.0.0.202411081344/tools/bin/../lib/gcc/arm-none-eabi/13.3.1/thumb/v6-m/nofp\libgcc.a(_udivmoddi4.o)
                0x08008484                __udivmoddi4
 .text          0x0800861c      0x22c E:/Program Files/STM32CubeIDE_1.18.1/STM32CubeIDE/plugins/com.st.stm32cube.ide.mcu.externaltools.gnu-tools-for-stm32.13.3.rel1.win32_1.0.0.202411081344/tools/bin/../lib/gcc/arm-none-eabi/13.3.1/thumb/v6-m/nofp\libgcc.a(divsf3.o)
                0x0800861c                __aeabi_fdiv
 .text          0x08008848      0x2b4 E:/Program Files/STM32CubeIDE_1.18.1/STM32CubeIDE/plugins/com.st.stm32cube.ide.mcu.externaltools.gnu-tools-for-stm32.13.3.rel1.win32_1.0.0.202411081344/tools/bin/../lib/gcc/arm-none-eabi/13.3.1/thumb/v6-m/nofp\libgcc.a(mulsf3.o)
                0x08008848                __aeabi_fmul
 .text          0x08008afc      0x4c8 E:/Program Files/STM32CubeIDE_1.18.1/STM32CubeIDE/plugins/com.st.stm32cube.ide.mcu.externaltools.gnu-tools-for-stm32.13.3.rel1.win32_1.0.0.202411081344/tools/bin/../lib/gcc/arm-none-eabi/13.3.1/thumb/v6-m/nofp\libgcc.a(subsf3.o)
                0x08008afc                __aeabi_fsub
 .text          0x08008fc4       0x40 E:/Program Files/STM32CubeIDE_1.18.1/STM32CubeIDE/plugins/com.st.stm32cube.ide.mcu.externaltools.gnu-tools-for-stm32.13.3.rel1.win32_1.0.0.202411081344/tools/bin/../lib/gcc/arm-none-eabi/13.3.1/thumb/v6-m/nofp\libgcc.a(fixsfsi.o)
                0x08008fc4                __aeabi_f2iz
 .text          0x08009004       0x8c E:/Program Files/STM32CubeIDE_1.18.1/STM32CubeIDE/plugins/com.st.stm32cube.ide.mcu.externaltools.gnu-tools-for-stm32.13.3.rel1.win32_1.0.0.202411081344/tools/bin/../lib/gcc/arm-none-eabi/13.3.1/thumb/v6-m/nofp\libgcc.a(floatunsisf.o)
                0x08009004                __aeabi_ui2f
 .text          0x08009090       0x74 E:/Program Files/STM32CubeIDE_1.18.1/STM32CubeIDE/plugins/com.st.stm32cube.ide.mcu.externaltools.gnu-tools-for-stm32.13.3.rel1.win32_1.0.0.202411081344/tools/bin/../lib/gcc/arm-none-eabi/13.3.1/thumb/v6-m/nofp\libgcc.a(_arm_cmpsf2.o)
                0x08009090                __aeabi_cfrcmple
                0x08009098                __aeabi_cfcmpeq
                0x08009098                __aeabi_cfcmple
                0x080090a8                __aeabi_fcmpeq
                0x080090b4                __aeabi_fcmplt
                0x080090c8                __aeabi_fcmple
                0x080090dc                __aeabi_fcmpgt
                0x080090f0                __aeabi_fcmpge
 .text          0x08009104       0x3c E:/Program Files/STM32CubeIDE_1.18.1/STM32CubeIDE/plugins/com.st.stm32cube.ide.mcu.externaltools.gnu-tools-for-stm32.13.3.rel1.win32_1.0.0.202411081344/tools/bin/../lib/gcc/arm-none-eabi/13.3.1/thumb/v6-m/nofp\libgcc.a(_clzsi2.o)
                0x08009104                __clzsi2
 .text          0x08009140       0x18 E:/Program Files/STM32CubeIDE_1.18.1/STM32CubeIDE/plugins/com.st.stm32cube.ide.mcu.externaltools.gnu-tools-for-stm32.13.3.rel1.win32_1.0.0.202411081344/tools/bin/../lib/gcc/arm-none-eabi/13.3.1/thumb/v6-m/nofp\libgcc.a(_clzdi2.o)
                0x08009140                __clzdi2
 .text          0x08009158       0x50 E:/Program Files/STM32CubeIDE_1.18.1/STM32CubeIDE/plugins/com.st.stm32cube.ide.mcu.externaltools.gnu-tools-for-stm32.13.3.rel1.win32_1.0.0.202411081344/tools/bin/../lib/gcc/arm-none-eabi/13.3.1/thumb/v6-m/nofp\libgcc.a(eqsf2.o)
                0x08009158                __eqsf2
                0x08009158                __nesf2
 .text          0x080091a8       0x90 E:/Program Files/STM32CubeIDE_1.18.1/STM32CubeIDE/plugins/com.st.stm32cube.ide.mcu.externaltools.gnu-tools-for-stm32.13.3.rel1.win32_1.0.0.202411081344/tools/bin/../lib/gcc/arm-none-eabi/13.3.1/thumb/v6-m/nofp\libgcc.a(gesf2.o)
                0x080091a8                __gesf2
                0x080091a8                __gtsf2
 .text          0x08009238       0x90 E:/Program Files/STM32CubeIDE_1.18.1/STM32CubeIDE/plugins/com.st.stm32cube.ide.mcu.externaltools.gnu-tools-for-stm32.13.3.rel1.win32_1.0.0.202411081344/tools/bin/../lib/gcc/arm-none-eabi/13.3.1/thumb/v6-m/nofp\libgcc.a(lesf2.o)
                0x08009238                __ltsf2
                0x08009238                __lesf2
 *(.text*)
 .text.__NVIC_SystemReset
                0x080092c8       0x24 ./Core/Src/main.o
 .text.main     0x080092ec       0xb4 ./Core/Src/main.o
                0x080092ec                main
 .text.SystemClock_Config
                0x080093a0       0xb6 ./Core/Src/main.o
                0x080093a0                SystemClock_Config
 *fill*         0x08009456        0x2 
 .text.MX_ADC1_Init
                0x08009458       0xe4 ./Core/Src/main.o
 .text.MX_I2C2_Init
                0x0800953c       0x80 ./Core/Src/main.o
 .text.MX_IWDG_Init
                0x080095bc       0x40 ./Core/Src/main.o
 .text.MX_SPI1_Init
                0x080095fc       0x7c ./Core/Src/main.o
 .text.MX_SPI2_Init
                0x08009678       0x7c ./Core/Src/main.o
 .text.MX_TIM2_Init
                0x080096f4       0xb0 ./Core/Src/main.o
 .text.MX_TIM6_Init
                0x080097a4       0x80 ./Core/Src/main.o
 .text.MX_USART1_UART_Init
                0x08009824       0x9c ./Core/Src/main.o
 .text.MX_DMA_Init
                0x080098c0       0x4c ./Core/Src/main.o
 .text.MX_GPIO_Init
                0x0800990c      0x1f4 ./Core/Src/main.o
 .text.Error_Handler
                0x08009b00        0xc ./Core/Src/main.o
                0x08009b00                Error_Handler
 .text.HAL_MspInit
                0x08009b0c       0x50 ./Core/Src/stm32g0xx_hal_msp.o
                0x08009b0c                HAL_MspInit
 .text.HAL_ADC_MspInit
                0x08009b5c       0xb8 ./Core/Src/stm32g0xx_hal_msp.o
                0x08009b5c                HAL_ADC_MspInit
 .text.HAL_I2C_MspInit
                0x08009c14       0xc4 ./Core/Src/stm32g0xx_hal_msp.o
                0x08009c14                HAL_I2C_MspInit
 .text.HAL_SPI_MspInit
                0x08009cd8      0x10c ./Core/Src/stm32g0xx_hal_msp.o
                0x08009cd8                HAL_SPI_MspInit
 .text.HAL_TIM_Base_MspInit
                0x08009de4       0x70 ./Core/Src/stm32g0xx_hal_msp.o
                0x08009de4                HAL_TIM_Base_MspInit
 .text.HAL_UART_MspInit
                0x08009e54      0x18c ./Core/Src/stm32g0xx_hal_msp.o
                0x08009e54                HAL_UART_MspInit
 .text.NMI_Handler
                0x08009fe0        0x8 ./Core/Src/stm32g0xx_it.o
                0x08009fe0                NMI_Handler
 .text.HardFault_Handler
                0x08009fe8        0x8 ./Core/Src/stm32g0xx_it.o
                0x08009fe8                HardFault_Handler
 .text.SVC_Handler
                0x08009ff0        0xa ./Core/Src/stm32g0xx_it.o
                0x08009ff0                SVC_Handler
 .text.PendSV_Handler
                0x08009ffa        0xa ./Core/Src/stm32g0xx_it.o
                0x08009ffa                PendSV_Handler
 .text.SysTick_Handler
                0x0800a004        0xe ./Core/Src/stm32g0xx_it.o
                0x0800a004                SysTick_Handler
 .text.EXTI4_15_IRQHandler
                0x0800a012       0x58 ./Core/Src/stm32g0xx_it.o
                0x0800a012                EXTI4_15_IRQHandler
 *fill*         0x0800a06a        0x2 
 .text.DMA1_Channel1_IRQHandler
                0x0800a06c       0x18 ./Core/Src/stm32g0xx_it.o
                0x0800a06c                DMA1_Channel1_IRQHandler
 .text.DMA1_Channel2_3_IRQHandler
                0x0800a084       0x18 ./Core/Src/stm32g0xx_it.o
                0x0800a084                DMA1_Channel2_3_IRQHandler
 .text.TIM6_DAC_LPTIM1_IRQHandler
                0x0800a09c       0x18 ./Core/Src/stm32g0xx_it.o
                0x0800a09c                TIM6_DAC_LPTIM1_IRQHandler
 .text.USART1_IRQHandler
                0x0800a0b4       0x18 ./Core/Src/stm32g0xx_it.o
                0x0800a0b4                USART1_IRQHandler
 .text._read    0x0800a0cc       0x3a ./Core/Src/syscalls.o
                0x0800a0cc                _read
 .text._write   0x0800a106       0x38 ./Core/Src/syscalls.o
                0x0800a106                _write
 .text._close   0x0800a13e       0x14 ./Core/Src/syscalls.o
                0x0800a13e                _close
 .text._fstat   0x0800a152       0x1c ./Core/Src/syscalls.o
                0x0800a152                _fstat
 .text._isatty  0x0800a16e       0x12 ./Core/Src/syscalls.o
                0x0800a16e                _isatty
 .text._lseek   0x0800a180       0x16 ./Core/Src/syscalls.o
                0x0800a180                _lseek
 *fill*         0x0800a196        0x2 
 .text._sbrk    0x0800a198       0x6c ./Core/Src/sysmem.o
                0x0800a198                _sbrk
 .text.SystemInit
                0x0800a204        0xa ./Core/Src/system_stm32g0xx.o
                0x0800a204                SystemInit
 *fill*         0x0800a20e        0x2 
 .text.Reset_Handler
                0x0800a210       0x50 ./Core/Startup/startup_stm32g0b1vetx.o
                0x0800a210                Reset_Handler
 .text.Default_Handler
                0x0800a260        0x2 ./Core/Startup/startup_stm32g0b1vetx.o
                0x0800a260                I2C2_3_IRQHandler
                0x0800a260                USART3_4_5_6_LPUART1_IRQHandler
                0x0800a260                TIM1_CC_IRQHandler
                0x0800a260                ADC1_COMP_IRQHandler
                0x0800a260                I2C1_IRQHandler
                0x0800a260                TIM7_LPTIM2_IRQHandler
                0x0800a260                TIM17_FDCAN_IT1_IRQHandler
                0x0800a260                DMA1_Ch4_7_DMA2_Ch1_5_DMAMUX1_OVR_IRQHandler
                0x0800a260                RCC_CRS_IRQHandler
                0x0800a260                RTC_TAMP_IRQHandler
                0x0800a260                SPI1_IRQHandler
                0x0800a260                USB_UCPD1_2_IRQHandler
                0x0800a260                EXTI2_3_IRQHandler
                0x0800a260                USART2_LPUART2_IRQHandler
                0x0800a260                PVD_VDDIO2_IRQHandler
                0x0800a260                Default_Handler
                0x0800a260                CEC_IRQHandler
                0x0800a260                TIM14_IRQHandler
                0x0800a260                TIM15_IRQHandler
                0x0800a260                TIM3_TIM4_IRQHandler
                0x0800a260                EXTI0_1_IRQHandler
                0x0800a260                SPI2_3_IRQHandler
                0x0800a260                WWDG_IRQHandler
                0x0800a260                TIM2_IRQHandler
                0x0800a260                FLASH_IRQHandler
                0x0800a260                TIM16_FDCAN_IT0_IRQHandler
                0x0800a260                TIM1_BRK_UP_TRG_COM_IRQHandler
 *fill*         0x0800a262        0x2 
 .text.WIZCHIP_READ
                0x0800a264       0xa4 ./Core/ethernet/W5500/w5500.o
                0x0800a264                WIZCHIP_READ
 .text.WIZCHIP_WRITE
                0x0800a308       0xac ./Core/ethernet/W5500/w5500.o
                0x0800a308                WIZCHIP_WRITE
 .text.WIZCHIP_READ_BUF
                0x0800a3b4       0xdc ./Core/ethernet/W5500/w5500.o
                0x0800a3b4                WIZCHIP_READ_BUF
 .text.WIZCHIP_WRITE_BUF
                0x0800a490       0xdc ./Core/ethernet/W5500/w5500.o
                0x0800a490                WIZCHIP_WRITE_BUF
 .text.getSn_TX_FSR
                0x0800a56c       0xd8 ./Core/ethernet/W5500/w5500.o
                0x0800a56c                getSn_TX_FSR
 .text.getSn_RX_RSR
                0x0800a644       0xd8 ./Core/ethernet/W5500/w5500.o
                0x0800a644                getSn_RX_RSR
 .text.wiz_send_data
                0x0800a71c       0xee ./Core/ethernet/W5500/w5500.o
                0x0800a71c                wiz_send_data
 .text.wiz_recv_data
                0x0800a80a       0xee ./Core/ethernet/W5500/w5500.o
                0x0800a80a                wiz_recv_data
 .text.wiz_recv_ignore
                0x0800a8f8       0xba ./Core/ethernet/W5500/w5500.o
                0x0800a8f8                wiz_recv_ignore
 *fill*         0x0800a9b2        0x2 
 .text.__NVIC_SystemReset
                0x0800a9b4       0x24 ./Core/ethernet/net_app.o
 .text.bytes_to_uint32
                0x0800a9d8       0x34 ./Core/ethernet/net_app.o
 .text.bytes_to_uint16
                0x0800aa0c       0x28 ./Core/ethernet/net_app.o
 .text.crc      0x0800aa34       0x5e ./Core/ethernet/net_app.o
                0x0800aa34                crc
 .text.xor_encrypt
                0x0800aa92       0x8e ./Core/ethernet/net_app.o
                0x0800aa92                xor_encrypt
 .text.reply_add_byte
                0x0800ab20       0x3c ./Core/ethernet/net_app.o
 .text.pack_device_info
                0x0800ab5c      0x214 ./Core/ethernet/net_app.o
                0x0800ab5c                pack_device_info
 .text.CompareUID
                0x0800ad70       0x3c ./Core/ethernet/net_app.o
                0x0800ad70                CompareUID
 .text.calculate_weekday
                0x0800adac       0xe8 ./Core/ethernet/net_app.o
                0x0800adac                calculate_weekday
 .text.SetTime  0x0800ae94       0x84 ./Core/ethernet/net_app.o
                0x0800ae94                SetTime
 .text.reply_send
                0x0800af18       0xb0 ./Core/ethernet/net_app.o
 .text.reply_init
                0x0800afc8       0x50 ./Core/ethernet/net_app.o
 .text.write_sys_parameters
                0x0800b018      0x1e0 ./Core/ethernet/net_app.o
                0x0800b018                write_sys_parameters
 .text.handle_read_params
                0x0800b1f8       0x30 ./Core/ethernet/net_app.o
 .text.handle_write_params
                0x0800b228       0x5c ./Core/ethernet/net_app.o
 .text.handle_read_ota
                0x0800b284       0xfc ./Core/ethernet/net_app.o
 .text.handle_write_ota
                0x0800b380       0x98 ./Core/ethernet/net_app.o
 .text.handle_system_Reset
                0x0800b418       0x6c ./Core/ethernet/net_app.o
 .text.handle_read_door
                0x0800b484      0x3a8 ./Core/ethernet/net_app.o
 .text.write_sys_door
                0x0800b82c      0x318 ./Core/ethernet/net_app.o
                0x0800b82c                write_sys_door
 .text.handle_write_door
                0x0800bb44       0x44 ./Core/ethernet/net_app.o
                0x0800bb44                handle_write_door
 .text.handle_read_times
                0x0800bb88       0x9c ./Core/ethernet/net_app.o
                0x0800bb88                handle_read_times
 .text.handle_write_times
                0x0800bc24       0xa4 ./Core/ethernet/net_app.o
                0x0800bc24                handle_write_times
 .text.handle_delete_user
                0x0800bcc8       0x3c ./Core/ethernet/net_app.o
                0x0800bcc8                handle_delete_user
 .text.handle_read_user
                0x0800bd04      0x104 ./Core/ethernet/net_app.o
                0x0800bd04                handle_read_user
 .text.handle_write_user
                0x0800be08       0x9c ./Core/ethernet/net_app.o
                0x0800be08                handle_write_user
 .text.handle_read_weekly
                0x0800bea4      0x100 ./Core/ethernet/net_app.o
                0x0800bea4                handle_read_weekly
 .text.handle_write_weekly
                0x0800bfa4       0x98 ./Core/ethernet/net_app.o
                0x0800bfa4                handle_write_weekly
 .text.handle_read_holiday
                0x0800c03c      0x100 ./Core/ethernet/net_app.o
                0x0800c03c                handle_read_holiday
 .text.handle_write_holiday
                0x0800c13c       0x98 ./Core/ethernet/net_app.o
                0x0800c13c                handle_write_holiday
 .text.read_event_log_total_num
                0x0800c1d4       0x74 ./Core/ethernet/net_app.o
                0x0800c1d4                read_event_log_total_num
 .text.parse_tcp_data
                0x0800c248      0x420 ./Core/ethernet/net_app.o
                0x0800c248                parse_tcp_data
 .text.pack_heartbeat_data
                0x0800c668      0x1fc ./Core/ethernet/net_app.o
                0x0800c668                pack_heartbeat_data
 .text.report_event
                0x0800c864      0x2b4 ./Core/ethernet/net_app.o
                0x0800c864                report_event
 .text.is_tcp_connected
                0x0800cb18       0x1c ./Core/ethernet/net_services.o
                0x0800cb18                is_tcp_connected
 .text.network_reinit
                0x0800cb34      0x100 ./Core/ethernet/net_services.o
 .text.check_phy_link
                0x0800cc34       0x78 ./Core/ethernet/net_services.o
 .text.tcp_recv_direct
                0x0800ccac       0xd4 ./Core/ethernet/net_services.o
 .text.process_tcp_server
                0x0800cd80      0x2fc ./Core/ethernet/net_services.o
 .text.process_udp_server
                0x0800d07c       0xf8 ./Core/ethernet/net_services.o
 .text.network_init
                0x0800d174       0x40 ./Core/ethernet/net_services.o
                0x0800d174                network_init
 .text.network_process
                0x0800d1b4       0x16 ./Core/ethernet/net_services.o
                0x0800d1b4                network_process
 *fill*         0x0800d1ca        0x2 
 .text.socket   0x0800d1cc      0x28c ./Core/ethernet/socket.o
                0x0800d1cc                socket
 .text.close    0x0800d458       0xf4 ./Core/ethernet/socket.o
                0x0800d458                close
 .text.listen   0x0800d54c       0xca ./Core/ethernet/socket.o
                0x0800d54c                listen
 *fill*         0x0800d616        0x2 
 .text.disconnect
                0x0800d618      0x120 ./Core/ethernet/socket.o
                0x0800d618                disconnect
 .text.send     0x0800d738      0x348 ./Core/ethernet/socket.o
                0x0800d738                send
 .text.sendto_W5x00
                0x0800da80       0x44 ./Core/ethernet/socket.o
                0x0800da80                sendto_W5x00
 .text.sendto_IO_6
                0x0800dac4      0x41c ./Core/ethernet/socket.o
 .text.recvfrom_W5x00
                0x0800dee0       0x40 ./Core/ethernet/socket.o
                0x0800dee0                recvfrom_W5x00
 .text.recvfrom_IO_6
                0x0800df20      0x53c ./Core/ethernet/socket.o
 .text.my_cris_enter
                0x0800e45c        0xe ./Core/ethernet/w5500_hal.o
 .text.my_cris_exit
                0x0800e46a        0xe ./Core/ethernet/w5500_hal.o
 .text.my_cs_select
                0x0800e478       0x1c ./Core/ethernet/w5500_hal.o
 .text.my_cs_deselect
                0x0800e494       0x1c ./Core/ethernet/w5500_hal.o
 .text.my_spi_readbyte
                0x0800e4b0       0x2c ./Core/ethernet/w5500_hal.o
 .text.my_spi_writebyte
                0x0800e4dc       0x28 ./Core/ethernet/w5500_hal.o
 .text.my_spi_readburst
                0x0800e504       0x2c ./Core/ethernet/w5500_hal.o
 .text.my_spi_writeburst
                0x0800e530       0x2c ./Core/ethernet/w5500_hal.o
 .text.print_network_information
                0x0800e55c      0x12c ./Core/ethernet/w5500_hal.o
                0x0800e55c                print_network_information
 .text.W5500_Init_HAL
                0x0800e688      0x120 ./Core/ethernet/w5500_hal.o
                0x0800e688                W5500_Init_HAL
 .text.wizchip_cris_enter
                0x0800e7a8        0xa ./Core/ethernet/wizchip_conf.o
                0x0800e7a8                wizchip_cris_enter
 .text.wizchip_cris_exit
                0x0800e7b2        0xa ./Core/ethernet/wizchip_conf.o
                0x0800e7b2                wizchip_cris_exit
 .text.wizchip_cs_select
                0x0800e7bc        0xa ./Core/ethernet/wizchip_conf.o
                0x0800e7bc                wizchip_cs_select
 .text.wizchip_cs_deselect
                0x0800e7c6        0xa ./Core/ethernet/wizchip_conf.o
                0x0800e7c6                wizchip_cs_deselect
 .text.wizchip_bus_readdata
                0x0800e7d0       0x16 ./Core/ethernet/wizchip_conf.o
                0x0800e7d0                wizchip_bus_readdata
 .text.wizchip_bus_writedata
                0x0800e7e6       0x1e ./Core/ethernet/wizchip_conf.o
                0x0800e7e6                wizchip_bus_writedata
 .text.wizchip_spi_readbyte
                0x0800e804        0xc ./Core/ethernet/wizchip_conf.o
                0x0800e804                wizchip_spi_readbyte
 .text.wizchip_spi_writebyte
                0x0800e810       0x14 ./Core/ethernet/wizchip_conf.o
                0x0800e810                wizchip_spi_writebyte
 .text.wizchip_spi_readburst
                0x0800e824       0x50 ./Core/ethernet/wizchip_conf.o
                0x0800e824                wizchip_spi_readburst
 .text.wizchip_spi_writeburst
                0x0800e874       0x50 ./Core/ethernet/wizchip_conf.o
                0x0800e874                wizchip_spi_writeburst
 .text.reg_wizchip_cris_cbfunc
                0x0800e8c4       0x48 ./Core/ethernet/wizchip_conf.o
                0x0800e8c4                reg_wizchip_cris_cbfunc
 .text.reg_wizchip_cs_cbfunc
                0x0800e90c       0x48 ./Core/ethernet/wizchip_conf.o
                0x0800e90c                reg_wizchip_cs_cbfunc
 .text.reg_wizchip_spi_cbfunc
                0x0800e954       0x58 ./Core/ethernet/wizchip_conf.o
                0x0800e954                reg_wizchip_spi_cbfunc
 .text.reg_wizchip_spiburst_cbfunc
                0x0800e9ac       0x58 ./Core/ethernet/wizchip_conf.o
                0x0800e9ac                reg_wizchip_spiburst_cbfunc
 .text.ctlwizchip
                0x0800ea04      0x1d4 ./Core/ethernet/wizchip_conf.o
                0x0800ea04                ctlwizchip
 .text.wizchip_sw_reset
                0x0800ebd8       0x92 ./Core/ethernet/wizchip_conf.o
                0x0800ebd8                wizchip_sw_reset
 .text.wizchip_init
                0x0800ec6a      0x186 ./Core/ethernet/wizchip_conf.o
                0x0800ec6a                wizchip_init
 .text.wizchip_clrinterrupt
                0x0800edf0       0x94 ./Core/ethernet/wizchip_conf.o
                0x0800edf0                wizchip_clrinterrupt
 .text.wizchip_getinterrupt
                0x0800ee84       0x5c ./Core/ethernet/wizchip_conf.o
                0x0800ee84                wizchip_getinterrupt
 .text.wizchip_setinterruptmask
                0x0800eee0       0x4c ./Core/ethernet/wizchip_conf.o
                0x0800eee0                wizchip_setinterruptmask
 .text.wizchip_getinterruptmask
                0x0800ef2c       0x54 ./Core/ethernet/wizchip_conf.o
                0x0800ef2c                wizchip_getinterruptmask
 .text.wizphy_getphylink
                0x0800ef80       0x34 ./Core/ethernet/wizchip_conf.o
                0x0800ef80                wizphy_getphylink
 .text.wizphy_getphypmode
                0x0800efb4       0x3e ./Core/ethernet/wizchip_conf.o
                0x0800efb4                wizphy_getphypmode
 .text.wizphy_reset
                0x0800eff2       0x68 ./Core/ethernet/wizchip_conf.o
                0x0800eff2                wizphy_reset
 .text.wizphy_setphyconf
                0x0800f05a       0xbc ./Core/ethernet/wizchip_conf.o
                0x0800f05a                wizphy_setphyconf
 *fill*         0x0800f116        0x2 
 .text.wizphy_getphyconf
                0x0800f118       0xe0 ./Core/ethernet/wizchip_conf.o
                0x0800f118                wizphy_getphyconf
 .text.wizphy_getphystat
                0x0800f1f8       0x48 ./Core/ethernet/wizchip_conf.o
                0x0800f1f8                wizphy_getphystat
 .text.wizphy_setphypmode
                0x0800f240       0xbe ./Core/ethernet/wizchip_conf.o
                0x0800f240                wizphy_setphypmode
 *fill*         0x0800f2fe        0x2 
 .text.wizchip_setnetinfo
                0x0800f300       0x84 ./Core/ethernet/wizchip_conf.o
                0x0800f300                wizchip_setnetinfo
 .text.wizchip_getnetinfo
                0x0800f384       0x84 ./Core/ethernet/wizchip_conf.o
                0x0800f384                wizchip_getnetinfo
 .text.GetCurrentDateTime
                0x0800f408       0x64 ./Core/user/access.o
 .text.FindUserByCard
                0x0800f46c       0xac ./Core/user/access.o
 .text.CheckHolidaySchedule
                0x0800f518      0x364 ./Core/user/access.o
 .text.CheckTimePermission
                0x0800f87c      0x1dc ./Core/user/access.o
 .text.DoUnlock
                0x0800fa58       0x80 ./Core/user/access.o
 .text.ClearMultiState
                0x0800fad8       0x68 ./Core/user/access.o
 .text.ClearPwdState
                0x0800fb40       0x40 ./Core/user/access.o
 .text.ClearKeyCollector
                0x0800fb80       0x94 ./Core/user/access.o
 .text.EncodePassword
                0x0800fc14       0x9a ./Core/user/access.o
 .text.VerifyPassword
                0x0800fcae       0x2a ./Core/user/access.o
 .text.AddCardToMulti
                0x0800fcd8       0xec ./Core/user/access.o
 .text.ProcessValidCard
                0x0800fdc4      0x2bc ./Core/user/access.o
 .text.WiegandAccess_Init
                0x08010080       0x58 ./Core/user/access.o
                0x08010080                WiegandAccess_Init
 .text.WiegandAccess_ProcessCard
                0x080100d8      0x3ac ./Core/user/access.o
                0x080100d8                WiegandAccess_ProcessCard
 .text.WiegandAccess_ProcessKey
                0x08010484      0x6e4 ./Core/user/access.o
                0x08010484                WiegandAccess_ProcessKey
 .text.WiegandAccess_TimerTick
                0x08010b68      0x2c4 ./Core/user/access.o
                0x08010b68                WiegandAccess_TimerTick
 .text.PCF8563_Init
                0x08010e2c       0x4c ./Core/user/pcf8563.o
                0x08010e2c                PCF8563_Init
 .text.BCD2DEC  0x08010e78       0x34 ./Core/user/pcf8563.o
                0x08010e78                BCD2DEC
 .text.DEC2BCD  0x08010eac       0x3c ./Core/user/pcf8563.o
                0x08010eac                DEC2BCD
 .text.PCF8563_GetDateTime
                0x08010ee8       0xd0 ./Core/user/pcf8563.o
                0x08010ee8                PCF8563_GetDateTime
 .text.PCF8563_SetDateTime
                0x08010fb8       0xb8 ./Core/user/pcf8563.o
                0x08010fb8                PCF8563_SetDateTime
 .text.HAL_TIM_PeriodElapsedCallback
                0x08011070       0x8c ./Core/user/timApp.o
                0x08011070                HAL_TIM_PeriodElapsedCallback
 .text.__io_putchar
                0x080110fc       0x28 ./Core/user/usart.o
                0x080110fc                __io_putchar
 .text.HAL_UART_ErrorCallback
                0x08011124       0xb8 ./Core/user/usart.o
                0x08011124                HAL_UART_ErrorCallback
 .text.read_stm32_uid
                0x080111dc      0x164 ./Core/user/user.o
                0x080111dc                read_stm32_uid
 .text.GrtVoltage
                0x08011340       0x8c ./Core/user/user.o
                0x08011340                GrtVoltage
 .text.SysPara_init
                0x080113cc      0x118 ./Core/user/user.o
                0x080113cc                SysPara_init
 .text.SysDoor_init
                0x080114e4      0x15c ./Core/user/user.o
                0x080114e4                SysDoor_init
 .text.read_system_parameters
                0x08011640       0x70 ./Core/user/user.o
                0x08011640                read_system_parameters
 .text.w25q128_spi_swap_byte
                0x080116b0       0x38 ./Core/user/w25q128.o
                0x080116b0                w25q128_spi_swap_byte
 .text.w25q128_writ_enable
                0x080116e8       0x2c ./Core/user/w25q128.o
                0x080116e8                w25q128_writ_enable
 .text.w25q128_read_sr1
                0x08011714       0x46 ./Core/user/w25q128.o
                0x08011714                w25q128_read_sr1
 .text.w25q128_wait_busy
                0x0801175a       0x1e ./Core/user/w25q128.o
                0x0801175a                w25q128_wait_busy
 .text.w25q128_send_address
                0x08011778       0x32 ./Core/user/w25q128.o
                0x08011778                w25q128_send_address
 *fill*         0x080117aa        0x2 
 .text.w25q128_read_data
                0x080117ac       0x7c ./Core/user/w25q128.o
                0x080117ac                w25q128_read_data
 .text.w25q128_write_page
                0x08011828       0x98 ./Core/user/w25q128.o
                0x08011828                w25q128_write_page
 .text.w25q128_erase_sector
                0x080118c0       0x46 ./Core/user/w25q128.o
                0x080118c0                w25q128_erase_sector
 *fill*         0x08011906        0x2 
 .text.writeW25q128
                0x08011908      0x1a4 ./Core/user/w25q128.o
                0x08011908                writeW25q128
 .text.HAL_GPIO_EXTI_Falling_Callback
                0x08011aac      0x274 ./Core/user/wiegand.o
                0x08011aac                HAL_GPIO_EXTI_Falling_Callback
 .text.readwiegand
                0x08011d20      0x118 ./Core/user/wiegand.o
                0x08011d20                readwiegand
 .text.WiegandDecode
                0x08011e38      0x518 ./Core/user/wiegand.o
 .text.HAL_Init
                0x08012350       0x40 ./Drivers/STM32G0xx_HAL_Driver/Src/stm32g0xx_hal.o
                0x08012350                HAL_Init
 .text.HAL_InitTick
                0x08012390       0x94 ./Drivers/STM32G0xx_HAL_Driver/Src/stm32g0xx_hal.o
                0x08012390                HAL_InitTick
 .text.HAL_IncTick
                0x08012424       0x24 ./Drivers/STM32G0xx_HAL_Driver/Src/stm32g0xx_hal.o
                0x08012424                HAL_IncTick
 .text.HAL_GetTick
                0x08012448       0x14 ./Drivers/STM32G0xx_HAL_Driver/Src/stm32g0xx_hal.o
                0x08012448                HAL_GetTick
 .text.HAL_Delay
                0x0801245c       0x48 ./Drivers/STM32G0xx_HAL_Driver/Src/stm32g0xx_hal.o
                0x0801245c                HAL_Delay
 .text.HAL_SYSCFG_StrobeDBattpinsConfig
                0x080124a4       0x2c ./Drivers/STM32G0xx_HAL_Driver/Src/stm32g0xx_hal.o
                0x080124a4                HAL_SYSCFG_StrobeDBattpinsConfig
 .text.LL_ADC_SetCommonPathInternalCh
                0x080124d0       0x28 ./Drivers/STM32G0xx_HAL_Driver/Src/stm32g0xx_hal_adc.o
 .text.LL_ADC_GetCommonPathInternalCh
                0x080124f8       0x1a ./Drivers/STM32G0xx_HAL_Driver/Src/stm32g0xx_hal_adc.o
 .text.LL_ADC_SetSamplingTimeCommonChannels
                0x08012512       0x3a ./Drivers/STM32G0xx_HAL_Driver/Src/stm32g0xx_hal_adc.o
 .text.LL_ADC_GetSamplingTimeCommonChannels
                0x0801254c       0x2e ./Drivers/STM32G0xx_HAL_Driver/Src/stm32g0xx_hal_adc.o
 .text.LL_ADC_REG_IsTriggerSourceSWStart
                0x0801257a       0x22 ./Drivers/STM32G0xx_HAL_Driver/Src/stm32g0xx_hal_adc.o
 .text.LL_ADC_REG_SetSequencerRanks
                0x0801259c       0x40 ./Drivers/STM32G0xx_HAL_Driver/Src/stm32g0xx_hal_adc.o
 .text.LL_ADC_REG_SetSequencerChAdd
                0x080125dc       0x22 ./Drivers/STM32G0xx_HAL_Driver/Src/stm32g0xx_hal_adc.o
 .text.LL_ADC_REG_SetSequencerChRem
                0x080125fe       0x24 ./Drivers/STM32G0xx_HAL_Driver/Src/stm32g0xx_hal_adc.o
 *fill*         0x08012622        0x2 
 .text.LL_ADC_SetChannelSamplingTime
                0x08012624       0x38 ./Drivers/STM32G0xx_HAL_Driver/Src/stm32g0xx_hal_adc.o
 .text.LL_ADC_EnableInternalRegulator
                0x0801265c       0x28 ./Drivers/STM32G0xx_HAL_Driver/Src/stm32g0xx_hal_adc.o
 .text.LL_ADC_IsInternalRegulatorEnabled
                0x08012684       0x28 ./Drivers/STM32G0xx_HAL_Driver/Src/stm32g0xx_hal_adc.o
 .text.LL_ADC_Enable
                0x080126ac       0x24 ./Drivers/STM32G0xx_HAL_Driver/Src/stm32g0xx_hal_adc.o
 .text.LL_ADC_Disable
                0x080126d0       0x24 ./Drivers/STM32G0xx_HAL_Driver/Src/stm32g0xx_hal_adc.o
 .text.LL_ADC_IsEnabled
                0x080126f4       0x22 ./Drivers/STM32G0xx_HAL_Driver/Src/stm32g0xx_hal_adc.o
 .text.LL_ADC_IsDisableOngoing
                0x08012716       0x22 ./Drivers/STM32G0xx_HAL_Driver/Src/stm32g0xx_hal_adc.o
 .text.LL_ADC_REG_StartConversion
                0x08012738       0x24 ./Drivers/STM32G0xx_HAL_Driver/Src/stm32g0xx_hal_adc.o
 .text.LL_ADC_REG_StopConversion
                0x0801275c       0x24 ./Drivers/STM32G0xx_HAL_Driver/Src/stm32g0xx_hal_adc.o
 .text.LL_ADC_REG_IsConversionOngoing
                0x08012780       0x22 ./Drivers/STM32G0xx_HAL_Driver/Src/stm32g0xx_hal_adc.o
 *fill*         0x080127a2        0x2 
 .text.HAL_ADC_Init
                0x080127a4      0x350 ./Drivers/STM32G0xx_HAL_Driver/Src/stm32g0xx_hal_adc.o
                0x080127a4                HAL_ADC_Init
 .text.HAL_ADC_Start
                0x08012af4       0x9c ./Drivers/STM32G0xx_HAL_Driver/Src/stm32g0xx_hal_adc.o
                0x08012af4                HAL_ADC_Start
 .text.HAL_ADC_Stop
                0x08012b90       0x78 ./Drivers/STM32G0xx_HAL_Driver/Src/stm32g0xx_hal_adc.o
                0x08012b90                HAL_ADC_Stop
 .text.HAL_ADC_PollForConversion
                0x08012c08      0x128 ./Drivers/STM32G0xx_HAL_Driver/Src/stm32g0xx_hal_adc.o
                0x08012c08                HAL_ADC_PollForConversion
 .text.HAL_ADC_GetValue
                0x08012d30       0x16 ./Drivers/STM32G0xx_HAL_Driver/Src/stm32g0xx_hal_adc.o
                0x08012d30                HAL_ADC_GetValue
 *fill*         0x08012d46        0x2 
 .text.HAL_ADC_ConfigChannel
                0x08012d48      0x3b0 ./Drivers/STM32G0xx_HAL_Driver/Src/stm32g0xx_hal_adc.o
                0x08012d48                HAL_ADC_ConfigChannel
 .text.ADC_ConversionStop
                0x080130f8       0x84 ./Drivers/STM32G0xx_HAL_Driver/Src/stm32g0xx_hal_adc.o
                0x080130f8                ADC_ConversionStop
 .text.ADC_Enable
                0x0801317c      0x10c ./Drivers/STM32G0xx_HAL_Driver/Src/stm32g0xx_hal_adc.o
                0x0801317c                ADC_Enable
 .text.ADC_Disable
                0x08013288       0xbc ./Drivers/STM32G0xx_HAL_Driver/Src/stm32g0xx_hal_adc.o
                0x08013288                ADC_Disable
 .text.LL_ADC_GetCommonClock
                0x08013344       0x1a ./Drivers/STM32G0xx_HAL_Driver/Src/stm32g0xx_hal_adc_ex.o
 .text.LL_ADC_GetClock
                0x0801335e       0x18 ./Drivers/STM32G0xx_HAL_Driver/Src/stm32g0xx_hal_adc_ex.o
 .text.LL_ADC_SetCalibrationFactor
                0x08013376       0x28 ./Drivers/STM32G0xx_HAL_Driver/Src/stm32g0xx_hal_adc_ex.o
 .text.LL_ADC_GetCalibrationFactor
                0x0801339e       0x1a ./Drivers/STM32G0xx_HAL_Driver/Src/stm32g0xx_hal_adc_ex.o
 .text.LL_ADC_Enable
                0x080133b8       0x24 ./Drivers/STM32G0xx_HAL_Driver/Src/stm32g0xx_hal_adc_ex.o
 .text.LL_ADC_Disable
                0x080133dc       0x24 ./Drivers/STM32G0xx_HAL_Driver/Src/stm32g0xx_hal_adc_ex.o
 .text.LL_ADC_IsEnabled
                0x08013400       0x22 ./Drivers/STM32G0xx_HAL_Driver/Src/stm32g0xx_hal_adc_ex.o
 *fill*         0x08013422        0x2 
 .text.LL_ADC_StartCalibration
                0x08013424       0x28 ./Drivers/STM32G0xx_HAL_Driver/Src/stm32g0xx_hal_adc_ex.o
 .text.LL_ADC_IsCalibrationOnGoing
                0x0801344c       0x26 ./Drivers/STM32G0xx_HAL_Driver/Src/stm32g0xx_hal_adc_ex.o
 *fill*         0x08013472        0x2 
 .text.HAL_ADCEx_Calibration_Start
                0x08013474      0x20c ./Drivers/STM32G0xx_HAL_Driver/Src/stm32g0xx_hal_adc_ex.o
                0x08013474                HAL_ADCEx_Calibration_Start
 .text.__NVIC_EnableIRQ
                0x08013680       0x34 ./Drivers/STM32G0xx_HAL_Driver/Src/stm32g0xx_hal_cortex.o
 .text.__NVIC_SetPriority
                0x080136b4       0xdc ./Drivers/STM32G0xx_HAL_Driver/Src/stm32g0xx_hal_cortex.o
 .text.SysTick_Config
                0x08013790       0x48 ./Drivers/STM32G0xx_HAL_Driver/Src/stm32g0xx_hal_cortex.o
 .text.HAL_NVIC_SetPriority
                0x080137d8       0x2a ./Drivers/STM32G0xx_HAL_Driver/Src/stm32g0xx_hal_cortex.o
                0x080137d8                HAL_NVIC_SetPriority
 .text.HAL_NVIC_EnableIRQ
                0x08013802       0x20 ./Drivers/STM32G0xx_HAL_Driver/Src/stm32g0xx_hal_cortex.o
                0x08013802                HAL_NVIC_EnableIRQ
 .text.HAL_SYSTICK_Config
                0x08013822       0x1a ./Drivers/STM32G0xx_HAL_Driver/Src/stm32g0xx_hal_cortex.o
                0x08013822                HAL_SYSTICK_Config
 .text.HAL_DMA_Init
                0x0801383c      0x158 ./Drivers/STM32G0xx_HAL_Driver/Src/stm32g0xx_hal_dma.o
                0x0801383c                HAL_DMA_Init
 .text.HAL_DMA_Start_IT
                0x08013994      0x10c ./Drivers/STM32G0xx_HAL_Driver/Src/stm32g0xx_hal_dma.o
                0x08013994                HAL_DMA_Start_IT
 .text.HAL_DMA_Abort
                0x08013aa0       0xc0 ./Drivers/STM32G0xx_HAL_Driver/Src/stm32g0xx_hal_dma.o
                0x08013aa0                HAL_DMA_Abort
 .text.HAL_DMA_Abort_IT
                0x08013b60       0xd0 ./Drivers/STM32G0xx_HAL_Driver/Src/stm32g0xx_hal_dma.o
                0x08013b60                HAL_DMA_Abort_IT
 .text.HAL_DMA_IRQHandler
                0x08013c30      0x188 ./Drivers/STM32G0xx_HAL_Driver/Src/stm32g0xx_hal_dma.o
                0x08013c30                HAL_DMA_IRQHandler
 .text.DMA_SetConfig
                0x08013db8       0x78 ./Drivers/STM32G0xx_HAL_Driver/Src/stm32g0xx_hal_dma.o
 .text.DMA_CalcDMAMUXChannelBaseAndMask
                0x08013e30       0x94 ./Drivers/STM32G0xx_HAL_Driver/Src/stm32g0xx_hal_dma.o
 .text.DMA_CalcDMAMUXRequestGenBaseAndMask
                0x08013ec4       0x48 ./Drivers/STM32G0xx_HAL_Driver/Src/stm32g0xx_hal_dma.o
 .text.HAL_GPIO_Init
                0x08013f0c      0x2d8 ./Drivers/STM32G0xx_HAL_Driver/Src/stm32g0xx_hal_gpio.o
                0x08013f0c                HAL_GPIO_Init
 .text.HAL_GPIO_ReadPin
                0x080141e4       0x3a ./Drivers/STM32G0xx_HAL_Driver/Src/stm32g0xx_hal_gpio.o
                0x080141e4                HAL_GPIO_ReadPin
 .text.HAL_GPIO_WritePin
                0x0801421e       0x3a ./Drivers/STM32G0xx_HAL_Driver/Src/stm32g0xx_hal_gpio.o
                0x0801421e                HAL_GPIO_WritePin
 .text.HAL_GPIO_TogglePin
                0x08014258       0x36 ./Drivers/STM32G0xx_HAL_Driver/Src/stm32g0xx_hal_gpio.o
                0x08014258                HAL_GPIO_TogglePin
 *fill*         0x0801428e        0x2 
 .text.HAL_GPIO_EXTI_IRQHandler
                0x08014290       0x54 ./Drivers/STM32G0xx_HAL_Driver/Src/stm32g0xx_hal_gpio.o
                0x08014290                HAL_GPIO_EXTI_IRQHandler
 .text.HAL_GPIO_EXTI_Rising_Callback
                0x080142e4       0x14 ./Drivers/STM32G0xx_HAL_Driver/Src/stm32g0xx_hal_gpio.o
                0x080142e4                HAL_GPIO_EXTI_Rising_Callback
 .text.HAL_I2C_Init
                0x080142f8      0x14c ./Drivers/STM32G0xx_HAL_Driver/Src/stm32g0xx_hal_i2c.o
                0x080142f8                HAL_I2C_Init
 .text.HAL_I2C_Master_Transmit
                0x08014444      0x254 ./Drivers/STM32G0xx_HAL_Driver/Src/stm32g0xx_hal_i2c.o
                0x08014444                HAL_I2C_Master_Transmit
 .text.HAL_I2C_Master_Receive
                0x08014698      0x210 ./Drivers/STM32G0xx_HAL_Driver/Src/stm32g0xx_hal_i2c.o
                0x08014698                HAL_I2C_Master_Receive
 .text.I2C_Flush_TXDR
                0x080148a8       0x44 ./Drivers/STM32G0xx_HAL_Driver/Src/stm32g0xx_hal_i2c.o
 .text.I2C_WaitOnFlagUntilTimeout
                0x080148ec       0xb0 ./Drivers/STM32G0xx_HAL_Driver/Src/stm32g0xx_hal_i2c.o
 .text.I2C_WaitOnTXISFlagUntilTimeout
                0x0801499c       0x8c ./Drivers/STM32G0xx_HAL_Driver/Src/stm32g0xx_hal_i2c.o
 .text.I2C_WaitOnSTOPFlagUntilTimeout
                0x08014a28       0x86 ./Drivers/STM32G0xx_HAL_Driver/Src/stm32g0xx_hal_i2c.o
 *fill*         0x08014aae        0x2 
 .text.I2C_WaitOnRXNEFlagUntilTimeout
                0x08014ab0      0x13c ./Drivers/STM32G0xx_HAL_Driver/Src/stm32g0xx_hal_i2c.o
 .text.I2C_IsErrorOccurred
                0x08014bec      0x1f0 ./Drivers/STM32G0xx_HAL_Driver/Src/stm32g0xx_hal_i2c.o
 .text.I2C_TransferConfig
                0x08014ddc       0x74 ./Drivers/STM32G0xx_HAL_Driver/Src/stm32g0xx_hal_i2c.o
 .text.HAL_I2CEx_ConfigAnalogFilter
                0x08014e50       0x98 ./Drivers/STM32G0xx_HAL_Driver/Src/stm32g0xx_hal_i2c_ex.o
                0x08014e50                HAL_I2CEx_ConfigAnalogFilter
 .text.HAL_I2CEx_ConfigDigitalFilter
                0x08014ee8       0x98 ./Drivers/STM32G0xx_HAL_Driver/Src/stm32g0xx_hal_i2c_ex.o
                0x08014ee8                HAL_I2CEx_ConfigDigitalFilter
 .text.HAL_IWDG_Init
                0x08014f80       0xa4 ./Drivers/STM32G0xx_HAL_Driver/Src/stm32g0xx_hal_iwdg.o
                0x08014f80                HAL_IWDG_Init
 .text.HAL_IWDG_Refresh
                0x08015024       0x20 ./Drivers/STM32G0xx_HAL_Driver/Src/stm32g0xx_hal_iwdg.o
                0x08015024                HAL_IWDG_Refresh
 .text.HAL_PWREx_ControlVoltageScaling
                0x08015044       0x80 ./Drivers/STM32G0xx_HAL_Driver/Src/stm32g0xx_hal_pwr_ex.o
                0x08015044                HAL_PWREx_ControlVoltageScaling
 .text.LL_RCC_GetAPB1Prescaler
                0x080150c4       0x18 ./Drivers/STM32G0xx_HAL_Driver/Src/stm32g0xx_hal_rcc.o
 .text.HAL_RCC_OscConfig
                0x080150dc      0x6c0 ./Drivers/STM32G0xx_HAL_Driver/Src/stm32g0xx_hal_rcc.o
                0x080150dc                HAL_RCC_OscConfig
 .text.HAL_RCC_ClockConfig
                0x0801579c      0x210 ./Drivers/STM32G0xx_HAL_Driver/Src/stm32g0xx_hal_rcc.o
                0x0801579c                HAL_RCC_ClockConfig
 .text.HAL_RCC_GetSysClockFreq
                0x080159ac      0x104 ./Drivers/STM32G0xx_HAL_Driver/Src/stm32g0xx_hal_rcc.o
                0x080159ac                HAL_RCC_GetSysClockFreq
 .text.HAL_RCC_GetHCLKFreq
                0x08015ab0       0x14 ./Drivers/STM32G0xx_HAL_Driver/Src/stm32g0xx_hal_rcc.o
                0x08015ab0                HAL_RCC_GetHCLKFreq
 .text.HAL_RCC_GetPCLK1Freq
                0x08015ac4       0x2c ./Drivers/STM32G0xx_HAL_Driver/Src/stm32g0xx_hal_rcc.o
                0x08015ac4                HAL_RCC_GetPCLK1Freq
 .text.HAL_RCCEx_PeriphCLKConfig
                0x08015af0      0x478 ./Drivers/STM32G0xx_HAL_Driver/Src/stm32g0xx_hal_rcc_ex.o
                0x08015af0                HAL_RCCEx_PeriphCLKConfig
 .text.HAL_SPI_Init
                0x08015f68      0x170 ./Drivers/STM32G0xx_HAL_Driver/Src/stm32g0xx_hal_spi.o
                0x08015f68                HAL_SPI_Init
 .text.HAL_SPI_Transmit
                0x080160d8      0x2a4 ./Drivers/STM32G0xx_HAL_Driver/Src/stm32g0xx_hal_spi.o
                0x080160d8                HAL_SPI_Transmit
 .text.HAL_SPI_Receive
                0x0801637c      0x28c ./Drivers/STM32G0xx_HAL_Driver/Src/stm32g0xx_hal_spi.o
                0x0801637c                HAL_SPI_Receive
 .text.HAL_SPI_TransmitReceive
                0x08016608      0x3ac ./Drivers/STM32G0xx_HAL_Driver/Src/stm32g0xx_hal_spi.o
                0x08016608                HAL_SPI_TransmitReceive
 .text.SPI_WaitFlagStateUntilTimeout
                0x080169b4      0x11c ./Drivers/STM32G0xx_HAL_Driver/Src/stm32g0xx_hal_spi.o
 .text.SPI_WaitFifoStateUntilTimeout
                0x08016ad0      0x144 ./Drivers/STM32G0xx_HAL_Driver/Src/stm32g0xx_hal_spi.o
 .text.SPI_EndRxTransaction
                0x08016c14       0xbc ./Drivers/STM32G0xx_HAL_Driver/Src/stm32g0xx_hal_spi.o
 .text.SPI_EndRxTxTransaction
                0x08016cd0       0x8c ./Drivers/STM32G0xx_HAL_Driver/Src/stm32g0xx_hal_spi.o
 .text.HAL_TIM_Base_Init
                0x08016d5c       0xb0 ./Drivers/STM32G0xx_HAL_Driver/Src/stm32g0xx_hal_tim.o
                0x08016d5c                HAL_TIM_Base_Init
 .text.HAL_TIM_Base_Start
                0x08016e0c       0xb4 ./Drivers/STM32G0xx_HAL_Driver/Src/stm32g0xx_hal_tim.o
                0x08016e0c                HAL_TIM_Base_Start
 .text.HAL_TIM_Base_Start_IT
                0x08016ec0       0xc4 ./Drivers/STM32G0xx_HAL_Driver/Src/stm32g0xx_hal_tim.o
                0x08016ec0                HAL_TIM_Base_Start_IT
 .text.HAL_TIM_IRQHandler
                0x08016f84      0x210 ./Drivers/STM32G0xx_HAL_Driver/Src/stm32g0xx_hal_tim.o
                0x08016f84                HAL_TIM_IRQHandler
 .text.HAL_TIM_ConfigClockSource
                0x08017194      0x1ac ./Drivers/STM32G0xx_HAL_Driver/Src/stm32g0xx_hal_tim.o
                0x08017194                HAL_TIM_ConfigClockSource
 .text.HAL_TIM_OC_DelayElapsedCallback
                0x08017340       0x10 ./Drivers/STM32G0xx_HAL_Driver/Src/stm32g0xx_hal_tim.o
                0x08017340                HAL_TIM_OC_DelayElapsedCallback
 .text.HAL_TIM_IC_CaptureCallback
                0x08017350       0x10 ./Drivers/STM32G0xx_HAL_Driver/Src/stm32g0xx_hal_tim.o
                0x08017350                HAL_TIM_IC_CaptureCallback
 .text.HAL_TIM_PWM_PulseFinishedCallback
                0x08017360       0x10 ./Drivers/STM32G0xx_HAL_Driver/Src/stm32g0xx_hal_tim.o
                0x08017360                HAL_TIM_PWM_PulseFinishedCallback
 .text.HAL_TIM_TriggerCallback
                0x08017370       0x10 ./Drivers/STM32G0xx_HAL_Driver/Src/stm32g0xx_hal_tim.o
                0x08017370                HAL_TIM_TriggerCallback
 .text.TIM_Base_SetConfig
                0x08017380      0x128 ./Drivers/STM32G0xx_HAL_Driver/Src/stm32g0xx_hal_tim.o
                0x08017380                TIM_Base_SetConfig
 .text.TIM_TI1_ConfigInputStage
                0x080174a8       0x9c ./Drivers/STM32G0xx_HAL_Driver/Src/stm32g0xx_hal_tim.o
 .text.TIM_TI2_ConfigInputStage
                0x08017544       0x7c ./Drivers/STM32G0xx_HAL_Driver/Src/stm32g0xx_hal_tim.o
 .text.TIM_ITRx_SetConfig
                0x080175c0       0x38 ./Drivers/STM32G0xx_HAL_Driver/Src/stm32g0xx_hal_tim.o
 .text.TIM_ETR_SetConfig
                0x080175f8       0x40 ./Drivers/STM32G0xx_HAL_Driver/Src/stm32g0xx_hal_tim.o
                0x080175f8                TIM_ETR_SetConfig
 .text.HAL_TIMEx_MasterConfigSynchronization
                0x08017638       0xec ./Drivers/STM32G0xx_HAL_Driver/Src/stm32g0xx_hal_tim_ex.o
                0x08017638                HAL_TIMEx_MasterConfigSynchronization
 .text.HAL_TIMEx_CommutCallback
                0x08017724       0x10 ./Drivers/STM32G0xx_HAL_Driver/Src/stm32g0xx_hal_tim_ex.o
                0x08017724                HAL_TIMEx_CommutCallback
 .text.HAL_TIMEx_BreakCallback
                0x08017734       0x10 ./Drivers/STM32G0xx_HAL_Driver/Src/stm32g0xx_hal_tim_ex.o
                0x08017734                HAL_TIMEx_BreakCallback
 .text.HAL_TIMEx_Break2Callback
                0x08017744       0x10 ./Drivers/STM32G0xx_HAL_Driver/Src/stm32g0xx_hal_tim_ex.o
                0x08017744                HAL_TIMEx_Break2Callback
 .text.HAL_UART_Init
                0x08017754       0xac ./Drivers/STM32G0xx_HAL_Driver/Src/stm32g0xx_hal_uart.o
                0x08017754                HAL_UART_Init
 .text.HAL_UART_Transmit
                0x08017800      0x15c ./Drivers/STM32G0xx_HAL_Driver/Src/stm32g0xx_hal_uart.o
                0x08017800                HAL_UART_Transmit
 .text.HAL_UART_Receive_DMA
                0x0801795c       0xcc ./Drivers/STM32G0xx_HAL_Driver/Src/stm32g0xx_hal_uart.o
                0x0801795c                HAL_UART_Receive_DMA
 .text.HAL_UART_IRQHandler
                0x08017a28      0x68c ./Drivers/STM32G0xx_HAL_Driver/Src/stm32g0xx_hal_uart.o
                0x08017a28                HAL_UART_IRQHandler
 .text.HAL_UART_TxCpltCallback
                0x080180b4       0x10 ./Drivers/STM32G0xx_HAL_Driver/Src/stm32g0xx_hal_uart.o
                0x080180b4                HAL_UART_TxCpltCallback
 .text.HAL_UART_RxCpltCallback
                0x080180c4       0x10 ./Drivers/STM32G0xx_HAL_Driver/Src/stm32g0xx_hal_uart.o
                0x080180c4                HAL_UART_RxCpltCallback
 .text.HAL_UART_RxHalfCpltCallback
                0x080180d4       0x10 ./Drivers/STM32G0xx_HAL_Driver/Src/stm32g0xx_hal_uart.o
                0x080180d4                HAL_UART_RxHalfCpltCallback
 .text.HAL_UARTEx_RxEventCallback
                0x080180e4       0x16 ./Drivers/STM32G0xx_HAL_Driver/Src/stm32g0xx_hal_uart.o
                0x080180e4                HAL_UARTEx_RxEventCallback
 *fill*         0x080180fa        0x2 
 .text.UART_SetConfig
                0x080180fc      0x6ac ./Drivers/STM32G0xx_HAL_Driver/Src/stm32g0xx_hal_uart.o
                0x080180fc                UART_SetConfig
 .text.UART_AdvFeatureConfig
                0x080187a8      0x168 ./Drivers/STM32G0xx_HAL_Driver/Src/stm32g0xx_hal_uart.o
                0x080187a8                UART_AdvFeatureConfig
 .text.UART_CheckIdleState
                0x08018910      0x154 ./Drivers/STM32G0xx_HAL_Driver/Src/stm32g0xx_hal_uart.o
                0x08018910                UART_CheckIdleState
 .text.UART_WaitOnFlagUntilTimeout
                0x08018a64       0xde ./Drivers/STM32G0xx_HAL_Driver/Src/stm32g0xx_hal_uart.o
                0x08018a64                UART_WaitOnFlagUntilTimeout
 *fill*         0x08018b42        0x2 
 .text.UART_Start_Receive_DMA
                0x08018b44      0x14c ./Drivers/STM32G0xx_HAL_Driver/Src/stm32g0xx_hal_uart.o
                0x08018b44                UART_Start_Receive_DMA
 .text.UART_EndTxTransfer
                0x08018c90       0x80 ./Drivers/STM32G0xx_HAL_Driver/Src/stm32g0xx_hal_uart.o
 .text.UART_EndRxTransfer
                0x08018d10       0xcc ./Drivers/STM32G0xx_HAL_Driver/Src/stm32g0xx_hal_uart.o
 .text.UART_DMAReceiveCplt
                0x08018ddc      0x158 ./Drivers/STM32G0xx_HAL_Driver/Src/stm32g0xx_hal_uart.o
 .text.UART_DMARxHalfCplt
                0x08018f34       0x7e ./Drivers/STM32G0xx_HAL_Driver/Src/stm32g0xx_hal_uart.o
 .text.UART_DMAError
                0x08018fb2       0x76 ./Drivers/STM32G0xx_HAL_Driver/Src/stm32g0xx_hal_uart.o
 .text.UART_DMAAbortOnError
                0x08019028       0x1e ./Drivers/STM32G0xx_HAL_Driver/Src/stm32g0xx_hal_uart.o
 .text.UART_EndTransmit_IT
                0x08019046       0x58 ./Drivers/STM32G0xx_HAL_Driver/Src/stm32g0xx_hal_uart.o
 .text.HAL_UARTEx_WakeupCallback
                0x0801909e       0x10 ./Drivers/STM32G0xx_HAL_Driver/Src/stm32g0xx_hal_uart_ex.o
                0x0801909e                HAL_UARTEx_WakeupCallback
 .text.HAL_UARTEx_RxFifoFullCallback
                0x080190ae       0x10 ./Drivers/STM32G0xx_HAL_Driver/Src/stm32g0xx_hal_uart_ex.o
                0x080190ae                HAL_UARTEx_RxFifoFullCallback
 .text.HAL_UARTEx_TxFifoEmptyCallback
                0x080190be       0x10 ./Drivers/STM32G0xx_HAL_Driver/Src/stm32g0xx_hal_uart_ex.o
                0x080190be                HAL_UARTEx_TxFifoEmptyCallback
 *fill*         0x080190ce        0x2 
 .text.HAL_UARTEx_DisableFifoMode
                0x080190d0       0x74 ./Drivers/STM32G0xx_HAL_Driver/Src/stm32g0xx_hal_uart_ex.o
                0x080190d0                HAL_UARTEx_DisableFifoMode
 .text.HAL_UARTEx_SetTxFifoThreshold
                0x08019144       0x7e ./Drivers/STM32G0xx_HAL_Driver/Src/stm32g0xx_hal_uart_ex.o
                0x08019144                HAL_UARTEx_SetTxFifoThreshold
 *fill*         0x080191c2        0x2 
 .text.HAL_UARTEx_SetRxFifoThreshold
                0x080191c4       0x84 ./Drivers/STM32G0xx_HAL_Driver/Src/stm32g0xx_hal_uart_ex.o
                0x080191c4                HAL_UARTEx_SetRxFifoThreshold
 .text.UARTEx_SetNbDataToProcess
                0x08019248       0xbc ./Drivers/STM32G0xx_HAL_Driver/Src/stm32g0xx_hal_uart_ex.o
 .text.std      0x08019304       0x6c E:/Program Files/STM32CubeIDE_1.18.1/STM32CubeIDE/plugins/com.st.stm32cube.ide.mcu.externaltools.gnu-tools-for-stm32.13.3.rel1.win32_1.0.0.202411081344/tools/bin/../lib/gcc/arm-none-eabi/13.3.1/../../../../arm-none-eabi/lib/thumb/v6-m/nofp\libc_nano.a(libc_a-findfp.o)
 .text.stdio_exit_handler
                0x08019370       0x1c E:/Program Files/STM32CubeIDE_1.18.1/STM32CubeIDE/plugins/com.st.stm32cube.ide.mcu.externaltools.gnu-tools-for-stm32.13.3.rel1.win32_1.0.0.202411081344/tools/bin/../lib/gcc/arm-none-eabi/13.3.1/../../../../arm-none-eabi/lib/thumb/v6-m/nofp\libc_nano.a(libc_a-findfp.o)
 .text.cleanup_stdio
                0x0801938c       0x3c E:/Program Files/STM32CubeIDE_1.18.1/STM32CubeIDE/plugins/com.st.stm32cube.ide.mcu.externaltools.gnu-tools-for-stm32.13.3.rel1.win32_1.0.0.202411081344/tools/bin/../lib/gcc/arm-none-eabi/13.3.1/../../../../arm-none-eabi/lib/thumb/v6-m/nofp\libc_nano.a(libc_a-findfp.o)
 .text.global_stdio_init.part.0
                0x080193c8       0x3c E:/Program Files/STM32CubeIDE_1.18.1/STM32CubeIDE/plugins/com.st.stm32cube.ide.mcu.externaltools.gnu-tools-for-stm32.13.3.rel1.win32_1.0.0.202411081344/tools/bin/../lib/gcc/arm-none-eabi/13.3.1/../../../../arm-none-eabi/lib/thumb/v6-m/nofp\libc_nano.a(libc_a-findfp.o)
 .text.__sfp_lock_acquire
                0x08019404       0x10 E:/Program Files/STM32CubeIDE_1.18.1/STM32CubeIDE/plugins/com.st.stm32cube.ide.mcu.externaltools.gnu-tools-for-stm32.13.3.rel1.win32_1.0.0.202411081344/tools/bin/../lib/gcc/arm-none-eabi/13.3.1/../../../../arm-none-eabi/lib/thumb/v6-m/nofp\libc_nano.a(libc_a-findfp.o)
                0x08019404                __sfp_lock_acquire
 .text.__sfp_lock_release
                0x08019414       0x10 E:/Program Files/STM32CubeIDE_1.18.1/STM32CubeIDE/plugins/com.st.stm32cube.ide.mcu.externaltools.gnu-tools-for-stm32.13.3.rel1.win32_1.0.0.202411081344/tools/bin/../lib/gcc/arm-none-eabi/13.3.1/../../../../arm-none-eabi/lib/thumb/v6-m/nofp\libc_nano.a(libc_a-findfp.o)
                0x08019414                __sfp_lock_release
 .text.__sinit  0x08019424       0x30 E:/Program Files/STM32CubeIDE_1.18.1/STM32CubeIDE/plugins/com.st.stm32cube.ide.mcu.externaltools.gnu-tools-for-stm32.13.3.rel1.win32_1.0.0.202411081344/tools/bin/../lib/gcc/arm-none-eabi/13.3.1/../../../../arm-none-eabi/lib/thumb/v6-m/nofp\libc_nano.a(libc_a-findfp.o)
                0x08019424                __sinit
 .text._fwalk_sglue
                0x08019454       0x38 E:/Program Files/STM32CubeIDE_1.18.1/STM32CubeIDE/plugins/com.st.stm32cube.ide.mcu.externaltools.gnu-tools-for-stm32.13.3.rel1.win32_1.0.0.202411081344/tools/bin/../lib/gcc/arm-none-eabi/13.3.1/../../../../arm-none-eabi/lib/thumb/v6-m/nofp\libc_nano.a(libc_a-fwalk.o)
                0x08019454                _fwalk_sglue
 .text.printf   0x0801948c       0x20 E:/Program Files/STM32CubeIDE_1.18.1/STM32CubeIDE/plugins/com.st.stm32cube.ide.mcu.externaltools.gnu-tools-for-stm32.13.3.rel1.win32_1.0.0.202411081344/tools/bin/../lib/gcc/arm-none-eabi/13.3.1/../../../../arm-none-eabi/lib/thumb/v6-m/nofp\libc_nano.a(libc_a-printf.o)
                0x0801948c                iprintf
                0x0801948c                printf
 .text._puts_r  0x080194ac       0xac E:/Program Files/STM32CubeIDE_1.18.1/STM32CubeIDE/plugins/com.st.stm32cube.ide.mcu.externaltools.gnu-tools-for-stm32.13.3.rel1.win32_1.0.0.202411081344/tools/bin/../lib/gcc/arm-none-eabi/13.3.1/../../../../arm-none-eabi/lib/thumb/v6-m/nofp\libc_nano.a(libc_a-puts.o)
                0x080194ac                _puts_r
 .text.puts     0x08019558       0x14 E:/Program Files/STM32CubeIDE_1.18.1/STM32CubeIDE/plugins/com.st.stm32cube.ide.mcu.externaltools.gnu-tools-for-stm32.13.3.rel1.win32_1.0.0.202411081344/tools/bin/../lib/gcc/arm-none-eabi/13.3.1/../../../../arm-none-eabi/lib/thumb/v6-m/nofp\libc_nano.a(libc_a-puts.o)
                0x08019558                puts
 .text.__sread  0x0801956c       0x28 E:/Program Files/STM32CubeIDE_1.18.1/STM32CubeIDE/plugins/com.st.stm32cube.ide.mcu.externaltools.gnu-tools-for-stm32.13.3.rel1.win32_1.0.0.202411081344/tools/bin/../lib/gcc/arm-none-eabi/13.3.1/../../../../arm-none-eabi/lib/thumb/v6-m/nofp\libc_nano.a(libc_a-stdio.o)
                0x0801956c                __sread
 .text.__swrite
                0x08019594       0x38 E:/Program Files/STM32CubeIDE_1.18.1/STM32CubeIDE/plugins/com.st.stm32cube.ide.mcu.externaltools.gnu-tools-for-stm32.13.3.rel1.win32_1.0.0.202411081344/tools/bin/../lib/gcc/arm-none-eabi/13.3.1/../../../../arm-none-eabi/lib/thumb/v6-m/nofp\libc_nano.a(libc_a-stdio.o)
                0x08019594                __swrite
 .text.__sseek  0x080195cc       0x2c E:/Program Files/STM32CubeIDE_1.18.1/STM32CubeIDE/plugins/com.st.stm32cube.ide.mcu.externaltools.gnu-tools-for-stm32.13.3.rel1.win32_1.0.0.202411081344/tools/bin/../lib/gcc/arm-none-eabi/13.3.1/../../../../arm-none-eabi/lib/thumb/v6-m/nofp\libc_nano.a(libc_a-stdio.o)
                0x080195cc                __sseek
 .text.__sclose
                0x080195f8        0xc E:/Program Files/STM32CubeIDE_1.18.1/STM32CubeIDE/plugins/com.st.stm32cube.ide.mcu.externaltools.gnu-tools-for-stm32.13.3.rel1.win32_1.0.0.202411081344/tools/bin/../lib/gcc/arm-none-eabi/13.3.1/../../../../arm-none-eabi/lib/thumb/v6-m/nofp\libc_nano.a(libc_a-stdio.o)
                0x080195f8                __sclose
 .text.__swbuf_r
                0x08019604       0x84 E:/Program Files/STM32CubeIDE_1.18.1/STM32CubeIDE/plugins/com.st.stm32cube.ide.mcu.externaltools.gnu-tools-for-stm32.13.3.rel1.win32_1.0.0.202411081344/tools/bin/../lib/gcc/arm-none-eabi/13.3.1/../../../../arm-none-eabi/lib/thumb/v6-m/nofp\libc_nano.a(libc_a-wbuf.o)
                0x08019604                __swbuf_r
 .text.__swsetup_r
                0x08019688       0xbc E:/Program Files/STM32CubeIDE_1.18.1/STM32CubeIDE/plugins/com.st.stm32cube.ide.mcu.externaltools.gnu-tools-for-stm32.13.3.rel1.win32_1.0.0.202411081344/tools/bin/../lib/gcc/arm-none-eabi/13.3.1/../../../../arm-none-eabi/lib/thumb/v6-m/nofp\libc_nano.a(libc_a-wsetup.o)
                0x08019688                __swsetup_r
 .text.memcmp   0x08019744       0x1c E:/Program Files/STM32CubeIDE_1.18.1/STM32CubeIDE/plugins/com.st.stm32cube.ide.mcu.externaltools.gnu-tools-for-stm32.13.3.rel1.win32_1.0.0.202411081344/tools/bin/../lib/gcc/arm-none-eabi/13.3.1/../../../../arm-none-eabi/lib/thumb/v6-m/nofp\libc_nano.a(libc_a-memcmp.o)
                0x08019744                memcmp
 .text.memset   0x08019760       0x10 E:/Program Files/STM32CubeIDE_1.18.1/STM32CubeIDE/plugins/com.st.stm32cube.ide.mcu.externaltools.gnu-tools-for-stm32.13.3.rel1.win32_1.0.0.202411081344/tools/bin/../lib/gcc/arm-none-eabi/13.3.1/../../../../arm-none-eabi/lib/thumb/v6-m/nofp\libc_nano.a(libc_a-memset.o)
                0x08019760                memset
 .text._close_r
                0x08019770       0x24 E:/Program Files/STM32CubeIDE_1.18.1/STM32CubeIDE/plugins/com.st.stm32cube.ide.mcu.externaltools.gnu-tools-for-stm32.13.3.rel1.win32_1.0.0.202411081344/tools/bin/../lib/gcc/arm-none-eabi/13.3.1/../../../../arm-none-eabi/lib/thumb/v6-m/nofp\libc_nano.a(libc_a-closer.o)
                0x08019770                _close_r
 .text._lseek_r
                0x08019794       0x28 E:/Program Files/STM32CubeIDE_1.18.1/STM32CubeIDE/plugins/com.st.stm32cube.ide.mcu.externaltools.gnu-tools-for-stm32.13.3.rel1.win32_1.0.0.202411081344/tools/bin/../lib/gcc/arm-none-eabi/13.3.1/../../../../arm-none-eabi/lib/thumb/v6-m/nofp\libc_nano.a(libc_a-lseekr.o)
                0x08019794                _lseek_r
 .text._read_r  0x080197bc       0x28 E:/Program Files/STM32CubeIDE_1.18.1/STM32CubeIDE/plugins/com.st.stm32cube.ide.mcu.externaltools.gnu-tools-for-stm32.13.3.rel1.win32_1.0.0.202411081344/tools/bin/../lib/gcc/arm-none-eabi/13.3.1/../../../../arm-none-eabi/lib/thumb/v6-m/nofp\libc_nano.a(libc_a-readr.o)
                0x080197bc                _read_r
 .text._write_r
                0x080197e4       0x28 E:/Program Files/STM32CubeIDE_1.18.1/STM32CubeIDE/plugins/com.st.stm32cube.ide.mcu.externaltools.gnu-tools-for-stm32.13.3.rel1.win32_1.0.0.202411081344/tools/bin/../lib/gcc/arm-none-eabi/13.3.1/../../../../arm-none-eabi/lib/thumb/v6-m/nofp\libc_nano.a(libc_a-writer.o)
                0x080197e4                _write_r
 .text.__errno  0x0801980c        0xc E:/Program Files/STM32CubeIDE_1.18.1/STM32CubeIDE/plugins/com.st.stm32cube.ide.mcu.externaltools.gnu-tools-for-stm32.13.3.rel1.win32_1.0.0.202411081344/tools/bin/../lib/gcc/arm-none-eabi/13.3.1/../../../../arm-none-eabi/lib/thumb/v6-m/nofp\libc_nano.a(libc_a-errno.o)
                0x0801980c                __errno
 .text.__libc_init_array
                0x08019818       0x48 E:/Program Files/STM32CubeIDE_1.18.1/STM32CubeIDE/plugins/com.st.stm32cube.ide.mcu.externaltools.gnu-tools-for-stm32.13.3.rel1.win32_1.0.0.202411081344/tools/bin/../lib/gcc/arm-none-eabi/13.3.1/../../../../arm-none-eabi/lib/thumb/v6-m/nofp\libc_nano.a(libc_a-init.o)
                0x08019818                __libc_init_array
 .text.__retarget_lock_init_recursive
                0x08019860        0x2 E:/Program Files/STM32CubeIDE_1.18.1/STM32CubeIDE/plugins/com.st.stm32cube.ide.mcu.externaltools.gnu-tools-for-stm32.13.3.rel1.win32_1.0.0.202411081344/tools/bin/../lib/gcc/arm-none-eabi/13.3.1/../../../../arm-none-eabi/lib/thumb/v6-m/nofp\libc_nano.a(libc_a-lock.o)
                0x08019860                __retarget_lock_init_recursive
 .text.__retarget_lock_acquire_recursive
                0x08019862        0x2 E:/Program Files/STM32CubeIDE_1.18.1/STM32CubeIDE/plugins/com.st.stm32cube.ide.mcu.externaltools.gnu-tools-for-stm32.13.3.rel1.win32_1.0.0.202411081344/tools/bin/../lib/gcc/arm-none-eabi/13.3.1/../../../../arm-none-eabi/lib/thumb/v6-m/nofp\libc_nano.a(libc_a-lock.o)
                0x08019862                __retarget_lock_acquire_recursive
 .text.__retarget_lock_release_recursive
                0x08019864        0x2 E:/Program Files/STM32CubeIDE_1.18.1/STM32CubeIDE/plugins/com.st.stm32cube.ide.mcu.externaltools.gnu-tools-for-stm32.13.3.rel1.win32_1.0.0.202411081344/tools/bin/../lib/gcc/arm-none-eabi/13.3.1/../../../../arm-none-eabi/lib/thumb/v6-m/nofp\libc_nano.a(libc_a-lock.o)
                0x08019864                __retarget_lock_release_recursive
 .text.memcpy   0x08019866       0x12 E:/Program Files/STM32CubeIDE_1.18.1/STM32CubeIDE/plugins/com.st.stm32cube.ide.mcu.externaltools.gnu-tools-for-stm32.13.3.rel1.win32_1.0.0.202411081344/tools/bin/../lib/gcc/arm-none-eabi/13.3.1/../../../../arm-none-eabi/lib/thumb/v6-m/nofp\libc_nano.a(libc_a-memcpy-stub.o)
                0x08019866                memcpy
 .text._free_r  0x08019878       0x94 E:/Program Files/STM32CubeIDE_1.18.1/STM32CubeIDE/plugins/com.st.stm32cube.ide.mcu.externaltools.gnu-tools-for-stm32.13.3.rel1.win32_1.0.0.202411081344/tools/bin/../lib/gcc/arm-none-eabi/13.3.1/../../../../arm-none-eabi/lib/thumb/v6-m/nofp\libc_nano.a(libc_a-freer.o)
                0x08019878                _free_r
 .text.sbrk_aligned
                0x0801990c       0x44 E:/Program Files/STM32CubeIDE_1.18.1/STM32CubeIDE/plugins/com.st.stm32cube.ide.mcu.externaltools.gnu-tools-for-stm32.13.3.rel1.win32_1.0.0.202411081344/tools/bin/../lib/gcc/arm-none-eabi/13.3.1/../../../../arm-none-eabi/lib/thumb/v6-m/nofp\libc_nano.a(libc_a-mallocr.o)
 .text._malloc_r
                0x08019950      0x100 E:/Program Files/STM32CubeIDE_1.18.1/STM32CubeIDE/plugins/com.st.stm32cube.ide.mcu.externaltools.gnu-tools-for-stm32.13.3.rel1.win32_1.0.0.202411081344/tools/bin/../lib/gcc/arm-none-eabi/13.3.1/../../../../arm-none-eabi/lib/thumb/v6-m/nofp\libc_nano.a(libc_a-mallocr.o)
                0x08019950                _malloc_r
 .text.__malloc_lock
                0x08019a50       0x10 E:/Program Files/STM32CubeIDE_1.18.1/STM32CubeIDE/plugins/com.st.stm32cube.ide.mcu.externaltools.gnu-tools-for-stm32.13.3.rel1.win32_1.0.0.202411081344/tools/bin/../lib/gcc/arm-none-eabi/13.3.1/../../../../arm-none-eabi/lib/thumb/v6-m/nofp\libc_nano.a(libc_a-mlock.o)
                0x08019a50                __malloc_lock
 .text.__malloc_unlock
                0x08019a60       0x10 E:/Program Files/STM32CubeIDE_1.18.1/STM32CubeIDE/plugins/com.st.stm32cube.ide.mcu.externaltools.gnu-tools-for-stm32.13.3.rel1.win32_1.0.0.202411081344/tools/bin/../lib/gcc/arm-none-eabi/13.3.1/../../../../arm-none-eabi/lib/thumb/v6-m/nofp\libc_nano.a(libc_a-mlock.o)
                0x08019a60                __malloc_unlock
 .text.__sfputc_r
                0x08019a70       0x2a E:/Program Files/STM32CubeIDE_1.18.1/STM32CubeIDE/plugins/com.st.stm32cube.ide.mcu.externaltools.gnu-tools-for-stm32.13.3.rel1.win32_1.0.0.202411081344/tools/bin/../lib/gcc/arm-none-eabi/13.3.1/../../../../arm-none-eabi/lib/thumb/v6-m/nofp\libc_nano.a(libc_a-nano-vfprintf.o)
 .text.__sfputs_r
                0x08019a9a       0x24 E:/Program Files/STM32CubeIDE_1.18.1/STM32CubeIDE/plugins/com.st.stm32cube.ide.mcu.externaltools.gnu-tools-for-stm32.13.3.rel1.win32_1.0.0.202411081344/tools/bin/../lib/gcc/arm-none-eabi/13.3.1/../../../../arm-none-eabi/lib/thumb/v6-m/nofp\libc_nano.a(libc_a-nano-vfprintf.o)
                0x08019a9a                __sfputs_r
 *fill*         0x08019abe        0x2 
 .text._vfprintf_r
                0x08019ac0      0x238 E:/Program Files/STM32CubeIDE_1.18.1/STM32CubeIDE/plugins/com.st.stm32cube.ide.mcu.externaltools.gnu-tools-for-stm32.13.3.rel1.win32_1.0.0.202411081344/tools/bin/../lib/gcc/arm-none-eabi/13.3.1/../../../../arm-none-eabi/lib/thumb/v6-m/nofp\libc_nano.a(libc_a-nano-vfprintf.o)
                0x08019ac0                _vfprintf_r
                0x08019ac0                _vfiprintf_r
 .text._printf_common
                0x08019cf8       0xde E:/Program Files/STM32CubeIDE_1.18.1/STM32CubeIDE/plugins/com.st.stm32cube.ide.mcu.externaltools.gnu-tools-for-stm32.13.3.rel1.win32_1.0.0.202411081344/tools/bin/../lib/gcc/arm-none-eabi/13.3.1/../../../../arm-none-eabi/lib/thumb/v6-m/nofp\libc_nano.a(libc_a-nano-vfprintf_i.o)
                0x08019cf8                _printf_common
 *fill*         0x08019dd6        0x2 
 .text._printf_i
                0x08019dd8      0x218 E:/Program Files/STM32CubeIDE_1.18.1/STM32CubeIDE/plugins/com.st.stm32cube.ide.mcu.externaltools.gnu-tools-for-stm32.13.3.rel1.win32_1.0.0.202411081344/tools/bin/../lib/gcc/arm-none-eabi/13.3.1/../../../../arm-none-eabi/lib/thumb/v6-m/nofp\libc_nano.a(libc_a-nano-vfprintf_i.o)
                0x08019dd8                _printf_i
 .text.__sflush_r
                0x08019ff0      0x10c E:/Program Files/STM32CubeIDE_1.18.1/STM32CubeIDE/plugins/com.st.stm32cube.ide.mcu.externaltools.gnu-tools-for-stm32.13.3.rel1.win32_1.0.0.202411081344/tools/bin/../lib/gcc/arm-none-eabi/13.3.1/../../../../arm-none-eabi/lib/thumb/v6-m/nofp\libc_nano.a(libc_a-fflush.o)
                0x08019ff0                __sflush_r
 .text._fflush_r
                0x0801a0fc       0x56 E:/Program Files/STM32CubeIDE_1.18.1/STM32CubeIDE/plugins/com.st.stm32cube.ide.mcu.externaltools.gnu-tools-for-stm32.13.3.rel1.win32_1.0.0.202411081344/tools/bin/../lib/gcc/arm-none-eabi/13.3.1/../../../../arm-none-eabi/lib/thumb/v6-m/nofp\libc_nano.a(libc_a-fflush.o)
                0x0801a0fc                _fflush_r
 *fill*         0x0801a152        0x2 
 .text.__swhatbuf_r
                0x0801a154       0x54 E:/Program Files/STM32CubeIDE_1.18.1/STM32CubeIDE/plugins/com.st.stm32cube.ide.mcu.externaltools.gnu-tools-for-stm32.13.3.rel1.win32_1.0.0.202411081344/tools/bin/../lib/gcc/arm-none-eabi/13.3.1/../../../../arm-none-eabi/lib/thumb/v6-m/nofp\libc_nano.a(libc_a-makebuf.o)
                0x0801a154                __swhatbuf_r
 .text.__smakebuf_r
                0x0801a1a8       0x82 E:/Program Files/STM32CubeIDE_1.18.1/STM32CubeIDE/plugins/com.st.stm32cube.ide.mcu.externaltools.gnu-tools-for-stm32.13.3.rel1.win32_1.0.0.202411081344/tools/bin/../lib/gcc/arm-none-eabi/13.3.1/../../../../arm-none-eabi/lib/thumb/v6-m/nofp\libc_nano.a(libc_a-makebuf.o)
                0x0801a1a8                __smakebuf_r
 *fill*         0x0801a22a        0x2 
 .text._fstat_r
                0x0801a22c       0x24 E:/Program Files/STM32CubeIDE_1.18.1/STM32CubeIDE/plugins/com.st.stm32cube.ide.mcu.externaltools.gnu-tools-for-stm32.13.3.rel1.win32_1.0.0.202411081344/tools/bin/../lib/gcc/arm-none-eabi/13.3.1/../../../../arm-none-eabi/lib/thumb/v6-m/nofp\libc_nano.a(libc_a-fstatr.o)
                0x0801a22c                _fstat_r
 .text._isatty_r
                0x0801a250       0x24 E:/Program Files/STM32CubeIDE_1.18.1/STM32CubeIDE/plugins/com.st.stm32cube.ide.mcu.externaltools.gnu-tools-for-stm32.13.3.rel1.win32_1.0.0.202411081344/tools/bin/../lib/gcc/arm-none-eabi/13.3.1/../../../../arm-none-eabi/lib/thumb/v6-m/nofp\libc_nano.a(libc_a-isattyr.o)
                0x0801a250                _isatty_r
 .text._sbrk_r  0x0801a274       0x24 E:/Program Files/STM32CubeIDE_1.18.1/STM32CubeIDE/plugins/com.st.stm32cube.ide.mcu.externaltools.gnu-tools-for-stm32.13.3.rel1.win32_1.0.0.202411081344/tools/bin/../lib/gcc/arm-none-eabi/13.3.1/../../../../arm-none-eabi/lib/thumb/v6-m/nofp\libc_nano.a(libc_a-sbrkr.o)
                0x0801a274                _sbrk_r
 .text.memchr   0x0801a298       0x16 E:/Program Files/STM32CubeIDE_1.18.1/STM32CubeIDE/plugins/com.st.stm32cube.ide.mcu.externaltools.gnu-tools-for-stm32.13.3.rel1.win32_1.0.0.202411081344/tools/bin/../lib/gcc/arm-none-eabi/13.3.1/../../../../arm-none-eabi/lib/thumb/v6-m/nofp\libc_nano.a(libc_a-memchr-stub.o)
                0x0801a298                memchr
 *(.glue_7)
 .glue_7        0x0801a2ae        0x0 linker stubs
 *(.glue_7t)
 .glue_7t       0x0801a2ae        0x0 linker stubs
 *(.eh_frame)
 *fill*         0x0801a2ae        0x2 
 .eh_frame      0x0801a2b0        0x0 E:/Program Files/STM32CubeIDE_1.18.1/STM32CubeIDE/plugins/com.st.stm32cube.ide.mcu.externaltools.gnu-tools-for-stm32.13.3.rel1.win32_1.0.0.202411081344/tools/bin/../lib/gcc/arm-none-eabi/13.3.1/thumb/v6-m/nofp/crtbegin.o
 *(.init)
 .init          0x0801a2b0        0x4 E:/Program Files/STM32CubeIDE_1.18.1/STM32CubeIDE/plugins/com.st.stm32cube.ide.mcu.externaltools.gnu-tools-for-stm32.13.3.rel1.win32_1.0.0.202411081344/tools/bin/../lib/gcc/arm-none-eabi/13.3.1/thumb/v6-m/nofp/crti.o
                0x0801a2b0                _init
 .init          0x0801a2b4        0x8 E:/Program Files/STM32CubeIDE_1.18.1/STM32CubeIDE/plugins/com.st.stm32cube.ide.mcu.externaltools.gnu-tools-for-stm32.13.3.rel1.win32_1.0.0.202411081344/tools/bin/../lib/gcc/arm-none-eabi/13.3.1/thumb/v6-m/nofp/crtn.o
 *(.fini)
 .fini          0x0801a2bc        0x4 E:/Program Files/STM32CubeIDE_1.18.1/STM32CubeIDE/plugins/com.st.stm32cube.ide.mcu.externaltools.gnu-tools-for-stm32.13.3.rel1.win32_1.0.0.202411081344/tools/bin/../lib/gcc/arm-none-eabi/13.3.1/thumb/v6-m/nofp/crti.o
                0x0801a2bc                _fini
 .fini          0x0801a2c0        0x8 E:/Program Files/STM32CubeIDE_1.18.1/STM32CubeIDE/plugins/com.st.stm32cube.ide.mcu.externaltools.gnu-tools-for-stm32.13.3.rel1.win32_1.0.0.202411081344/tools/bin/../lib/gcc/arm-none-eabi/13.3.1/thumb/v6-m/nofp/crtn.o
                0x0801a2c8                        . = ALIGN (0x4)
                0x0801a2c8                        _etext = .

.vfp11_veneer   0x0801a2c8        0x0
 .vfp11_veneer  0x0801a2c8        0x0 linker stubs

.v4_bx          0x0801a2c8        0x0
 .v4_bx         0x0801a2c8        0x0 linker stubs

.iplt           0x0801a2c8        0x0
 .iplt          0x0801a2c8        0x0 E:/Program Files/STM32CubeIDE_1.18.1/STM32CubeIDE/plugins/com.st.stm32cube.ide.mcu.externaltools.gnu-tools-for-stm32.13.3.rel1.win32_1.0.0.202411081344/tools/bin/../lib/gcc/arm-none-eabi/13.3.1/thumb/v6-m/nofp/crtbegin.o

.rodata         0x0801a2c8      0xb10
                0x0801a2c8                        . = ALIGN (0x4)
 *(.rodata)
 .rodata        0x0801a2c8       0x33 ./Core/Src/main.o
 *fill*         0x0801a2fb        0x1 
 .rodata        0x0801a2fc       0xee ./Core/ethernet/net_app.o
 *fill*         0x0801a3ea        0x2 
 .rodata        0x0801a3ec      0x21e ./Core/ethernet/net_services.o
 *fill*         0x0801a60a        0x2 
 .rodata        0x0801a60c      0x178 ./Core/ethernet/w5500_hal.o
 .rodata        0x0801a784      0x3a8 ./Core/user/access.o
 .rodata        0x0801ab2c        0x6 ./Core/user/user.o
 *fill*         0x0801ab32        0x2 
 .rodata        0x0801ab34       0xdf ./Core/user/wiegand.o
 *fill*         0x0801ac13        0x1 
 .rodata        0x0801ac14       0x7c E:/Program Files/STM32CubeIDE_1.18.1/STM32CubeIDE/plugins/com.st.stm32cube.ide.mcu.externaltools.gnu-tools-for-stm32.13.3.rel1.win32_1.0.0.202411081344/tools/bin/../lib/gcc/arm-none-eabi/13.3.1/thumb/v6-m/nofp\libgcc.a(divsf3.o)
 *(.rodata*)
 .rodata.AHBPrescTable
                0x0801ac90       0x40 ./Core/Src/system_stm32g0xx.o
                0x0801ac90                AHBPrescTable
 .rodata.APBPrescTable
                0x0801acd0       0x20 ./Core/Src/system_stm32g0xx.o
                0x0801acd0                APBPrescTable
 .rodata.parse_tcp_data
                0x0801acf0       0x38 ./Core/ethernet/net_app.o
 .rodata.ctlwizchip
                0x0801ad28       0x54 ./Core/ethernet/wizchip_conf.o
 .rodata.UARTPrescTable
                0x0801ad7c       0x18 ./Drivers/STM32G0xx_HAL_Driver/Src/stm32g0xx_hal_uart.o
                0x0801ad7c                UARTPrescTable
 .rodata.numerator.1
                0x0801ad94        0x8 ./Drivers/STM32G0xx_HAL_Driver/Src/stm32g0xx_hal_uart_ex.o
 .rodata.denominator.0
                0x0801ad9c        0x8 ./Drivers/STM32G0xx_HAL_Driver/Src/stm32g0xx_hal_uart_ex.o
 .rodata._vfprintf_r.str1.1
                0x0801ada4       0x33 E:/Program Files/STM32CubeIDE_1.18.1/STM32CubeIDE/plugins/com.st.stm32cube.ide.mcu.externaltools.gnu-tools-for-stm32.13.3.rel1.win32_1.0.0.202411081344/tools/bin/../lib/gcc/arm-none-eabi/13.3.1/../../../../arm-none-eabi/lib/thumb/v6-m/nofp\libc_nano.a(libc_a-nano-vfprintf.o)
                                 0x11 (size before relaxing)
 .rodata._printf_i.str1.1
                0x0801add7       0x22 E:/Program Files/STM32CubeIDE_1.18.1/STM32CubeIDE/plugins/com.st.stm32cube.ide.mcu.externaltools.gnu-tools-for-stm32.13.3.rel1.win32_1.0.0.202411081344/tools/bin/../lib/gcc/arm-none-eabi/13.3.1/../../../../arm-none-eabi/lib/thumb/v6-m/nofp\libc_nano.a(libc_a-nano-vfprintf_i.o)
                0x0801adfc                        . = ALIGN (0x4)
 *fill*         0x0801add7        0x1 

.ARM.extab      0x0801add8        0x0
                0x0801add8                        . = ALIGN (0x4)
 *(.ARM.extab* .gnu.linkonce.armextab.*)
                0x0801add8                        . = ALIGN (0x4)

.ARM            0x0801add8        0x8
                0x0801add8                        . = ALIGN (0x4)
                0x0801add8                        __exidx_start = .
 *(.ARM.exidx*)
 .ARM.exidx     0x0801add8        0x8 E:/Program Files/STM32CubeIDE_1.18.1/STM32CubeIDE/plugins/com.st.stm32cube.ide.mcu.externaltools.gnu-tools-for-stm32.13.3.rel1.win32_1.0.0.202411081344/tools/bin/../lib/gcc/arm-none-eabi/13.3.1/thumb/v6-m/nofp\libgcc.a(_udivmoddi4.o)
                0x0801ade0                        __exidx_end = .
                0x0801ade0                        . = ALIGN (0x4)

.preinit_array  0x0801ade0        0x0
                0x0801ade0                        . = ALIGN (0x4)
                0x0801ade0                        PROVIDE (__preinit_array_start = .)
 *(.preinit_array*)
                0x0801ade0                        PROVIDE (__preinit_array_end = .)
                0x0801ade0                        . = ALIGN (0x4)

.init_array     0x0801ade0        0x4
                0x0801ade0                        . = ALIGN (0x4)
                0x0801ade0                        PROVIDE (__init_array_start = .)
 *(SORT_BY_NAME(.init_array.*))
 *(.init_array*)
 .init_array    0x0801ade0        0x4 E:/Program Files/STM32CubeIDE_1.18.1/STM32CubeIDE/plugins/com.st.stm32cube.ide.mcu.externaltools.gnu-tools-for-stm32.13.3.rel1.win32_1.0.0.202411081344/tools/bin/../lib/gcc/arm-none-eabi/13.3.1/thumb/v6-m/nofp/crtbegin.o
                0x0801ade4                        PROVIDE (__init_array_end = .)
                0x0801ade4                        . = ALIGN (0x4)

.fini_array     0x0801ade4        0x4
                0x0801ade4                        . = ALIGN (0x4)
                [!provide]                        PROVIDE (__fini_array_start = .)
 *(SORT_BY_NAME(.fini_array.*))
 *(.fini_array*)
 .fini_array    0x0801ade4        0x4 E:/Program Files/STM32CubeIDE_1.18.1/STM32CubeIDE/plugins/com.st.stm32cube.ide.mcu.externaltools.gnu-tools-for-stm32.13.3.rel1.win32_1.0.0.202411081344/tools/bin/../lib/gcc/arm-none-eabi/13.3.1/thumb/v6-m/nofp/crtbegin.o
                [!provide]                        PROVIDE (__fini_array_end = .)
                0x0801ade8                        . = ALIGN (0x4)
                0x0801ade8                        _sidata = LOADADDR (.data)

.rel.dyn        0x0801ade8        0x0
 .rel.iplt      0x0801ade8        0x0 E:/Program Files/STM32CubeIDE_1.18.1/STM32CubeIDE/plugins/com.st.stm32cube.ide.mcu.externaltools.gnu-tools-for-stm32.13.3.rel1.win32_1.0.0.202411081344/tools/bin/../lib/gcc/arm-none-eabi/13.3.1/thumb/v6-m/nofp/crtbegin.o

.data           0x20000000       0x98 load address 0x0801ade8
                0x20000000                        . = ALIGN (0x4)
                0x20000000                        _sdata = .
 *(.data)
 *(.data*)
 .data.SystemCoreClock
                0x20000000        0x4 ./Core/Src/system_stm32g0xx.o
                0x20000000                SystemCoreClock
 .data.phy_link_last
                0x20000004        0x1 ./Core/ethernet/net_services.o
 *fill*         0x20000005        0x1 
 .data.sock_any_port
                0x20000006        0x2 ./Core/ethernet/socket.o
 .data.WIZCHIP  0x20000008       0x2c ./Core/ethernet/wizchip_conf.o
                0x20000008                WIZCHIP
 .data.uwTickPrio
                0x20000034        0x4 ./Drivers/STM32G0xx_HAL_Driver/Src/stm32g0xx_hal.o
                0x20000034                uwTickPrio
 .data.uwTickFreq
                0x20000038        0x1 ./Drivers/STM32G0xx_HAL_Driver/Src/stm32g0xx_hal.o
                0x20000038                uwTickFreq
 *fill*         0x20000039        0x3 
 .data.__sglue  0x2000003c        0xc E:/Program Files/STM32CubeIDE_1.18.1/STM32CubeIDE/plugins/com.st.stm32cube.ide.mcu.externaltools.gnu-tools-for-stm32.13.3.rel1.win32_1.0.0.202411081344/tools/bin/../lib/gcc/arm-none-eabi/13.3.1/../../../../arm-none-eabi/lib/thumb/v6-m/nofp\libc_nano.a(libc_a-findfp.o)
                0x2000003c                __sglue
 .data._impure_ptr
                0x20000048        0x4 E:/Program Files/STM32CubeIDE_1.18.1/STM32CubeIDE/plugins/com.st.stm32cube.ide.mcu.externaltools.gnu-tools-for-stm32.13.3.rel1.win32_1.0.0.202411081344/tools/bin/../lib/gcc/arm-none-eabi/13.3.1/../../../../arm-none-eabi/lib/thumb/v6-m/nofp\libc_nano.a(libc_a-impure.o)
                0x20000048                _impure_ptr
 .data._impure_data
                0x2000004c       0x4c E:/Program Files/STM32CubeIDE_1.18.1/STM32CubeIDE/plugins/com.st.stm32cube.ide.mcu.externaltools.gnu-tools-for-stm32.13.3.rel1.win32_1.0.0.202411081344/tools/bin/../lib/gcc/arm-none-eabi/13.3.1/../../../../arm-none-eabi/lib/thumb/v6-m/nofp\libc_nano.a(libc_a-impure.o)
                0x2000004c                _impure_data
 *(.RamFunc)
 *(.RamFunc*)
                0x20000098                        . = ALIGN (0x4)
                0x20000098                        _edata = .

.igot.plt       0x20000098        0x0 load address 0x0801ae80
 .igot.plt      0x20000098        0x0 E:/Program Files/STM32CubeIDE_1.18.1/STM32CubeIDE/plugins/com.st.stm32cube.ide.mcu.externaltools.gnu-tools-for-stm32.13.3.rel1.win32_1.0.0.202411081344/tools/bin/../lib/gcc/arm-none-eabi/13.3.1/thumb/v6-m/nofp/crtbegin.o
                0x20000098                        . = ALIGN (0x4)

.bss            0x20000098     0x1154 load address 0x0801ae80
                0x20000098                        _sbss = .
                0x20000098                        __bss_start__ = _sbss
 *(.bss)
 .bss           0x20000098       0x1c E:/Program Files/STM32CubeIDE_1.18.1/STM32CubeIDE/plugins/com.st.stm32cube.ide.mcu.externaltools.gnu-tools-for-stm32.13.3.rel1.win32_1.0.0.202411081344/tools/bin/../lib/gcc/arm-none-eabi/13.3.1/thumb/v6-m/nofp/crtbegin.o
 *(.bss*)
 .bss.hadc1     0x200000b4       0x64 ./Core/Src/main.o
                0x200000b4                hadc1
 .bss.hi2c2     0x20000118       0x54 ./Core/Src/main.o
                0x20000118                hi2c2
 .bss.hiwdg     0x2000016c       0x10 ./Core/Src/main.o
                0x2000016c                hiwdg
 .bss.hspi1     0x2000017c       0x64 ./Core/Src/main.o
                0x2000017c                hspi1
 .bss.hspi2     0x200001e0       0x64 ./Core/Src/main.o
                0x200001e0                hspi2
 .bss.htim2     0x20000244       0x4c ./Core/Src/main.o
                0x20000244                htim2
 .bss.htim6     0x20000290       0x4c ./Core/Src/main.o
                0x20000290                htim6
 .bss.huart1    0x200002dc       0x94 ./Core/Src/main.o
                0x200002dc                huart1
 .bss.hdma_usart1_rx
                0x20000370       0x60 ./Core/Src/main.o
                0x20000370                hdma_usart1_rx
 .bss.hdma_usart1_tx
                0x200003d0       0x60 ./Core/Src/main.o
                0x200003d0                hdma_usart1_tx
 .bss.__sbrk_heap_end
                0x20000430        0x4 ./Core/Src/sysmem.o
 .bss.BlockCount
                0x20000434        0x2 ./Core/ethernet/net_app.o
                0x20000434                BlockCount
 .bss.network_params_changed
                0x20000436        0x1 ./Core/ethernet/net_app.o
                0x20000436                network_params_changed
 *fill*         0x20000437        0x1 
 .bss.tcp_rx_buf
                0x20000438      0x410 ./Core/ethernet/net_services.o
 .bss.last_heartbeat_time
                0x20000848        0x4 ./Core/ethernet/net_services.o
 .bss.tcp_state
                0x2000084c        0x1 ./Core/ethernet/net_services.o
 .bss.udp_ready
                0x2000084d        0x1 ./Core/ethernet/net_services.o
 .bss.sock_io_mode
                0x2000084e        0x2 ./Core/ethernet/socket.o
 .bss.sock_is_sending
                0x20000850        0x2 ./Core/ethernet/socket.o
 *fill*         0x20000852        0x2 
 .bss.sock_remained_size
                0x20000854       0x10 ./Core/ethernet/socket.o
 .bss.sock_pack_info
                0x20000864        0x8 ./Core/ethernet/socket.o
                0x20000864                sock_pack_info
 .bss._DNS_     0x2000086c        0x4 ./Core/ethernet/wizchip_conf.o
 .bss._DHCP_    0x20000870        0x1 ./Core/ethernet/wizchip_conf.o
 *fill*         0x20000871        0x3 
 .bss.g_multi_state
                0x20000874      0x180 ./Core/user/access.o
 .bss.g_pwd_state
                0x200009f4       0x60 ./Core/user/access.o
 .bss.g_key_state
                0x20000a54       0xc0 ./Core/user/access.o
 .bss.g_first_card_flag
                0x20000b14        0x8 ./Core/user/access.o
 .bss.g_last_date
                0x20000b1c        0x2 ./Core/user/access.o
 .bss.uc10ms    0x20000b1e        0x1 ./Core/user/timApp.o
 .bss.uc100ms   0x20000b1f        0x1 ./Core/user/timApp.o
 .bss.uc500ms   0x20000b20        0x1 ./Core/user/timApp.o
 *fill*         0x20000b21        0x3 
 .bss.buffer_RX1
                0x20000b24      0x440 ./Core/user/usart.o
                0x20000b24                buffer_RX1
 .bss.sys_para  0x20000f64       0x29 ./Core/user/user.o
                0x20000f64                sys_para
 *fill*         0x20000f8d        0x3 
 .bss.sys_door  0x20000f90       0xc0 ./Core/user/user.o
                0x20000f90                sys_door
 .bss.last_valid.0
                0x20001050        0x4 ./Core/user/user.o
 *fill*         0x20001054        0x4 
 .bss.Wiegand1  0x20001058       0x10 ./Core/user/wiegand.o
                0x20001058                Wiegand1
 .bss.Wiegand2  0x20001068       0x10 ./Core/user/wiegand.o
                0x20001068                Wiegand2
 .bss.Wiegand3  0x20001078       0x10 ./Core/user/wiegand.o
                0x20001078                Wiegand3
 .bss.Wiegand4  0x20001088       0x10 ./Core/user/wiegand.o
                0x20001088                Wiegand4
 .bss.WiegandSign
                0x20001098        0x1 ./Core/user/wiegand.o
                0x20001098                WiegandSign
 *fill*         0x20001099        0x3 
 .bss.uwTick    0x2000109c        0x4 ./Drivers/STM32G0xx_HAL_Driver/Src/stm32g0xx_hal.o