Archive member included to satisfy reference by file (symbol)

E:/Program Files/STM32CubeIDE_1.18.1/STM32CubeIDE/plugins/com.st.stm32cube.ide.mcu.externaltools.gnu-tools-for-stm32.13.3.rel1.win32_1.0.0.202411081344/tools/bin/../lib/gcc/arm-none-eabi/13.3.1/../../../../arm-none-eabi/lib/thumb/v6-m/nofp\libc_nano.a(libc_a-exit.o)
                              E:/Program Files/STM32CubeIDE_1.18.1/STM32CubeIDE/plugins/com.st.stm32cube.ide.mcu.externaltools.gnu-tools-for-stm32.13.3.rel1.win32_1.0.0.202411081344/tools/bin/../lib/gcc/arm-none-eabi/13.3.1/../../../../arm-none-eabi/lib/thumb/v6-m/nofp/crt0.o (exit)
E:/Program Files/STM32CubeIDE_1.18.1/STM32CubeIDE/plugins/com.st.stm32cube.ide.mcu.externaltools.gnu-tools-for-stm32.13.3.rel1.win32_1.0.0.202411081344/tools/bin/../lib/gcc/arm-none-eabi/13.3.1/../../../../arm-none-eabi/lib/thumb/v6-m/nofp\libc_nano.a(libc_a-findfp.o)
                              E:/Program Files/STM32CubeIDE_1.18.1/STM32CubeIDE/plugins/com.st.stm32cube.ide.mcu.externaltools.gnu-tools-for-stm32.13.3.rel1.win32_1.0.0.202411081344/tools/bin/../lib/gcc/arm-none-eabi/13.3.1/../../../../arm-none-eabi/lib/thumb/v6-m/nofp\libc_nano.a(libc_a-exit.o) (__stdio_exit_handler)
E:/Program Files/STM32CubeIDE_1.18.1/STM32CubeIDE/plugins/com.st.stm32cube.ide.mcu.externaltools.gnu-tools-for-stm32.13.3.rel1.win32_1.0.0.202411081344/tools/bin/../lib/gcc/arm-none-eabi/13.3.1/../../../../arm-none-eabi/lib/thumb/v6-m/nofp\libc_nano.a(libc_a-fwalk.o)
                              E:/Program Files/STM32CubeIDE_1.18.1/STM32CubeIDE/plugins/com.st.stm32cube.ide.mcu.externaltools.gnu-tools-for-stm32.13.3.rel1.win32_1.0.0.202411081344/tools/bin/../lib/gcc/arm-none-eabi/13.3.1/../../../../arm-none-eabi/lib/thumb/v6-m/nofp\libc_nano.a(libc_a-findfp.o) (_fwalk_sglue)
E:/Program Files/STM32CubeIDE_1.18.1/STM32CubeIDE/plugins/com.st.stm32cube.ide.mcu.externaltools.gnu-tools-for-stm32.13.3.rel1.win32_1.0.0.202411081344/tools/bin/../lib/gcc/arm-none-eabi/13.3.1/../../../../arm-none-eabi/lib/thumb/v6-m/nofp\libc_nano.a(libc_a-printf.o)
                              ./Core/ethernet/net_app.o (printf)
E:/Program Files/STM32CubeIDE_1.18.1/STM32CubeIDE/plugins/com.st.stm32cube.ide.mcu.externaltools.gnu-tools-for-stm32.13.3.rel1.win32_1.0.0.202411081344/tools/bin/../lib/gcc/arm-none-eabi/13.3.1/../../../../arm-none-eabi/lib/thumb/v6-m/nofp\libc_nano.a(libc_a-puts.o)
                              ./Core/Src/main.o (puts)
E:/Program Files/STM32CubeIDE_1.18.1/STM32CubeIDE/plugins/com.st.stm32cube.ide.mcu.externaltools.gnu-tools-for-stm32.13.3.rel1.win32_1.0.0.202411081344/tools/bin/../lib/gcc/arm-none-eabi/13.3.1/../../../../arm-none-eabi/lib/thumb/v6-m/nofp\libc_nano.a(libc_a-stdio.o)
                              E:/Program Files/STM32CubeIDE_1.18.1/STM32CubeIDE/plugins/com.st.stm32cube.ide.mcu.externaltools.gnu-tools-for-stm32.13.3.rel1.win32_1.0.0.202411081344/tools/bin/../lib/gcc/arm-none-eabi/13.3.1/../../../../arm-none-eabi/lib/thumb/v6-m/nofp\libc_nano.a(libc_a-findfp.o) (__sread)
E:/Program Files/STM32CubeIDE_1.18.1/STM32CubeIDE/plugins/com.st.stm32cube.ide.mcu.externaltools.gnu-tools-for-stm32.13.3.rel1.win32_1.0.0.202411081344/tools/bin/../lib/gcc/arm-none-eabi/13.3.1/../../../../arm-none-eabi/lib/thumb/v6-m/nofp\libc_nano.a(libc_a-wbuf.o)
                              E:/Program Files/STM32CubeIDE_1.18.1/STM32CubeIDE/plugins/com.st.stm32cube.ide.mcu.externaltools.gnu-tools-for-stm32.13.3.rel1.win32_1.0.0.202411081344/tools/bin/../lib/gcc/arm-none-eabi/13.3.1/../../../../arm-none-eabi/lib/thumb/v6-m/nofp\libc_nano.a(libc_a-puts.o) (__swbuf_r)
E:/Program Files/STM32CubeIDE_1.18.1/STM32CubeIDE/plugins/com.st.stm32cube.ide.mcu.externaltools.gnu-tools-for-stm32.13.3.rel1.win32_1.0.0.202411081344/tools/bin/../lib/gcc/arm-none-eabi/13.3.1/../../../../arm-none-eabi/lib/thumb/v6-m/nofp\libc_nano.a(libc_a-wsetup.o)
                              E:/Program Files/STM32CubeIDE_1.18.1/STM32CubeIDE/plugins/com.st.stm32cube.ide.mcu.externaltools.gnu-tools-for-stm32.13.3.rel1.win32_1.0.0.202411081344/tools/bin/../lib/gcc/arm-none-eabi/13.3.1/../../../../arm-none-eabi/lib/thumb/v6-m/nofp\libc_nano.a(libc_a-puts.o) (__swsetup_r)
E:/Program Files/STM32CubeIDE_1.18.1/STM32CubeIDE/plugins/com.st.stm32cube.ide.mcu.externaltools.gnu-tools-for-stm32.13.3.rel1.win32_1.0.0.202411081344/tools/bin/../lib/gcc/arm-none-eabi/13.3.1/../../../../arm-none-eabi/lib/thumb/v6-m/nofp\libc_nano.a(libc_a-memcmp.o)
                              ./Core/ethernet/net_app.o (memcmp)
E:/Program Files/STM32CubeIDE_1.18.1/STM32CubeIDE/plugins/com.st.stm32cube.ide.mcu.externaltools.gnu-tools-for-stm32.13.3.rel1.win32_1.0.0.202411081344/tools/bin/../lib/gcc/arm-none-eabi/13.3.1/../../../../arm-none-eabi/lib/thumb/v6-m/nofp\libc_nano.a(libc_a-memset.o)
[...]
Memory Configuration

Name             Origin             Length             Attributes
RAM              0x20000000         0x00024000         xrw
FLASH            0x08008000         0x00078000         xr
*default*        0x00000000         0xffffffff

Linker script and memory map

LOAD E:/Program Files/STM32CubeIDE_1.18.1/STM32CubeIDE/plugins/com.st.stm32cube.ide.mcu.externaltools.gnu-tools-for-stm32.13.3.rel1.win32_1.0.0.202411081344/tools/bin/../lib/gcc/arm-none-eabi/13.3.1/thumb/v6-m/nofp/crti.o
LOAD E:/Program Files/STM32CubeIDE_1.18.1/STM32CubeIDE/plugins/com.st.stm32cube.ide.mcu.externaltools.gnu-tools-for-stm32.13.3.rel1.win32_1.0.0.202411081344/tools/bin/../lib/gcc/arm-none-eabi/13.3.1/thumb/v6-m/nofp/crtbegin.o
LOAD E:/Program Files/STM32CubeIDE_1.18.1/STM32CubeIDE/plugins/com.st.stm32cube.ide.mcu.externaltools.gnu-tools-for-stm32.13.3.rel1.win32_1.0.0.202411081344/tools/bin/../lib/gcc/arm-none-eabi/13.3.1/../../../../arm-none-eabi/lib/thumb/v6-m/nofp/crt0.o
LOAD ./Core/Src/main.o
LOAD ./Core/Src/stm32g0xx_hal_msp.o
LOAD ./Core/Src/stm32g0xx_it.o
LOAD ./Core/Src/syscalls.o
LOAD ./Core/Src/sysmem.o
LOAD ./Core/Src/system_stm32g0xx.o
LOAD ./Core/Startup/startup_stm32g0b1vetx.o
LOAD ./Core/ethernet/W5500/w5500.o
LOAD ./Core/ethernet/net_app.o
LOAD ./Core/ethernet/net_services.o
LOAD ./Core/ethernet/socket.o
LOAD ./Core/ethernet/w5500_hal.o
LOAD ./Core/ethernet/wizchip_conf.o
LOAD ./Core/user/access.o
LOAD ./Core/user/log.o
LOAD ./Core/user/pcf8563.o
LOAD ./Core/user/timApp.o
LOAD ./Core/user/usart.o
LOAD ./Core/user/user.o
LOAD ./Core/user/w25q128.o
LOAD ./Core/user/wiegand.o
LOAD ./Drivers/STM32G0xx_HAL_Driver/Src/stm32g0xx_hal.o
LOAD ./Drivers/STM32G0xx_HAL_Driver/Src/stm32g0xx_hal_adc.o
LOAD ./Drivers/STM32G0xx_HAL_Driver/Src/stm32g0xx_hal_adc_ex.o
LOAD ./Drivers/STM32G0xx_HAL_Driver/Src/stm32g0xx_hal_cortex.o
LOAD ./Drivers/STM32G0xx_HAL_Driver/Src/stm32g0xx_hal_dma.o
LOAD ./Drivers/STM32G0xx_HAL_Driver/Src/stm32g0xx_hal_dma_ex.o
LOAD ./Drivers/STM32G0xx_HAL_Driver/Src/stm32g0xx_hal_exti.o
LOAD ./Drivers/STM32G0xx_HAL_Driver/Src/stm32g0xx_hal_flash.o
LOAD ./Drivers/STM32G0xx_HAL_Driver/Src/stm32g0xx_hal_flash_ex.o
LOAD ./Drivers/STM32G0xx_HAL_Driver/Src/stm32g0xx_hal_gpio.o
LOAD ./Drivers/STM32G0xx_HAL_Driver/Src/stm32g0xx_hal_i2c.o
LOAD ./Drivers/STM32G0xx_HAL_Driver/Src/stm32g0xx_hal_i2c_ex.o
LOAD ./Drivers/STM32G0xx_HAL_Driver/Src/stm32g0xx_hal_iwdg.o
LOAD ./Drivers/STM32G0xx_HAL_Driver/Src/stm32g0xx_hal_pwr.o
LOAD ./Drivers/STM32G0xx_HAL_Driver/Src/stm32g0xx_hal_pwr_ex.o
LOAD ./Drivers/STM32G0xx_HAL_Driver/Src/stm32g0xx_hal_rcc.o
LOAD ./Drivers/STM32G0xx_HAL_Driver/Src/stm32g0xx_hal_rcc_ex.o
LOAD ./Drivers/STM32G0xx_HAL_Driver/Src/stm32g0xx_hal_spi.o
LOAD ./Drivers/STM32G0xx_HAL_Driver/Src/stm32g0xx_hal_spi_ex.o
LOAD ./Drivers/STM32G0xx_HAL_Driver/Src/stm32g0xx_hal_tim.o
LOAD ./Drivers/STM32G0xx_HAL_Driver/Src/stm32g0xx_hal_tim_ex.o
LOAD ./Drivers/STM32G0xx_HAL_Driver/Src/stm32g0xx_hal_uart.o
LOAD ./Drivers/STM32G0xx_HAL_Driver/Src/stm32g0xx_hal_uart_ex.o
LOAD ./Drivers/STM32G0xx_HAL_Driver/Src/stm32g0xx_ll_adc.o
LOAD ./Drivers/STM32G0xx_HAL_Driver/Src/stm32g0xx_ll_rcc.o
START GROUP
LOAD E:/Program Files/STM32CubeIDE_1.18.1/STM32CubeIDE/plugins/com.st.stm32cube.ide.mcu.externaltools.gnu-tools-for-stm32.13.3.rel1.win32_1.0.0.202411081344/tools/bin/../lib/gcc/arm-none-eabi/13.3.1/../../../../arm-none-eabi/lib/thumb/v6-m/nofp\libc_nano.a
LOAD E:/Program Files/STM32CubeIDE_1.18.1/STM32CubeIDE/plugins/com.st.stm32cube.ide.mcu.externaltools.gnu-tools-for-stm32.13.3.rel1.win32_1.0.0.202411081344/tools/bin/../lib/gcc/arm-none-eabi/13.3.1/../../../../arm-none-eabi/lib/thumb/v6-m/nofp\libm.a
END GROUP
START GROUP
LOAD E:/Program Files/STM32CubeIDE_1.18.1/STM32CubeIDE/plugins/com.st.stm32cube.ide.mcu.externaltools.gnu-tools-for-stm32.13.3.rel1.win32_1.0.0.202411081344/tools/bin/../lib/gcc/arm-none-eabi/13.3.1/thumb/v6-m/nofp\libgcc.a
LOAD E:/Program Files/STM32CubeIDE_1.18.1/STM32CubeIDE/plugins/com.st.stm32cube.ide.mcu.externaltools.gnu-tools-for-stm32.13.3.rel1.win32_1.0.0.202411081344/tools/bin/../lib/gcc/arm-none-eabi/13.3.1/../../../../arm-none-eabi/lib/thumb/v6-m/nofp\libc_nano.a
END GROUP
START GROUP
LOAD E:/Program Files/STM32CubeIDE_1.18.1/STM32CubeIDE/plugins/com.st.stm32cube.ide.mcu.externaltools.gnu-tools-for-stm32.13.3.rel1.win32_1.0.0.202411081344/tools/bin/../lib/gcc/arm-none-eabi/13.3.1/thumb/v6-m/nofp\libgcc.a
LOAD E:/Program Files/STM32CubeIDE_1.18.1/STM32CubeIDE/plugins/com.st.stm32cube.ide.mcu.externaltools.gnu-tools-for-stm32.13.3.rel1.win32_1.0.0.202411081344/tools/bin/../lib/gcc/arm-none-eabi/13.3.1/../../../../arm-none-eabi/lib/thumb/v6-m/nofp\libc_nano.a
LOAD E:/Program Files/STM32CubeIDE_1.18.1/STM32CubeIDE/plugins/com.st.stm32cube.ide.mcu.externaltools.gnu-tools-for-stm32.13.3.rel1.win32_1.0.0.202411081344/tools/bin/../lib/gcc/arm-none-eabi/13.3.1/../../../../arm-none-eabi/lib/thumb/v6-m/nofp\libnosys.a
END GROUP
START GROUP
LOAD E:/Program Files/STM32CubeIDE_1.18.1/STM32CubeIDE/plugins/com.st.stm32cube.ide.mcu.externaltools.gnu-tools-for-stm32.13.3.rel1.win32_1.0.0.202411081344/tools/bin/../lib/gcc/arm-none-eabi/13.3.1/thumb/v6-m/nofp\libgcc.a
LOAD E:/Program Files/STM32CubeIDE_1.18.1/STM32CubeIDE/plugins/com.st.stm32cube.ide.mcu.externaltools.gnu-tools-for-stm32.13.3.rel1.win32_1.0.0.202411081344/tools/bin/../lib/gcc/arm-none-eabi/13.3.1/../../../../arm-none-eabi/lib/thumb/v6-m/nofp\libc_nano.a
LOAD E:/Program Files/STM32CubeIDE_1.18.1/STM32CubeIDE/plugins/com.st.stm32cube.ide.mcu.externaltools.gnu-tools-for-stm32.13.3.rel1.win32_1.0.0.202411081344/tools/bin/../lib/gcc/arm-none-eabi/13.3.1/../../../../arm-none-eabi/lib/thumb/v6-m/nofp\libnosys.a
END GROUP
LOAD E:/Program Files/STM32CubeIDE_1.18.1/STM32CubeIDE/plugins/com.st.stm32cube.ide.mcu.externaltools.gnu-tools-for-stm32.13.3.rel1.win32_1.0.0.202411081344/tools/bin/../lib/gcc/arm-none-eabi/13.3.1/thumb/v6-m/nofp/crtend.o
LOAD E:/Program Files/STM32CubeIDE_1.18.1/STM32CubeIDE/plugins/com.st.stm32cube.ide.mcu.externaltools.gnu-tools-for-stm32.13.3.rel1.win32_1.0.0.202411081344/tools/bin/../lib/gcc/arm-none-eabi/13.3.1/thumb/v6-m/nofp/crtn.o
                0x20024000                        _estack = (ORIGIN (RAM) + LENGTH (RAM))
                0x00000200                        _Min_Heap_Size = 0x200
                0x00000400                        _Min_Stack_Size = 0x400

.isr_vector     0x08008000       0xbc
                0x08008000                        . = ALIGN (0x4)
 *(.isr_vector)
 .isr_vector    0x08008000       0xbc ./Core/Startup/startup_stm32g0b1vetx.o
                0x08008000                g_pfnVectors
                0x080080bc                        . = ALIGN (0x4)

.text           0x080080bc     0xaa2c
                0x080080bc                        . = ALIGN (0x4)
 *(.text)
 .text          0x080080bc       0x48 E:/Program Files/STM32CubeIDE_1.18.1/STM32CubeIDE/plugins/com.st.stm32cube.ide.mcu.externaltools.gnu-tools-for-stm32.13.3.rel1.win32_1.0.0.202411081344/tools/bin/../lib/gcc/arm-none-eabi/13.3.1/thumb/v6-m/nofp/crtbegin.o
 .text          0x08008104        0xe E:/Program Files/STM32CubeIDE_1.18.1/STM32CubeIDE/plugins/com.st.stm32cube.ide.mcu.externaltools.gnu-tools-for-stm32.13.3.rel1.win32_1.0.0.202411081344/tools/bin/../lib/gcc/arm-none-eabi/13.3.1/../../../../arm-none-eabi/lib/thumb/v6-m/nofp\libc_nano.a(libc_a-strlen.o)
                0x08008104                strlen
 *fill*         0x08008112        0x2 
 .text          0x08008114       0x14 E:/Program Files/STM32CubeIDE_1.18.1/STM32CubeIDE/plugins/com.st.stm32cube.ide.mcu.externaltools.gnu-tools-for-stm32.13.3.rel1.win32_1.0.0.202411081344/tools/bin/../lib/gcc/arm-none-eabi/13.3.1/thumb/v6-m/nofp\libgcc.a(_thumb1_case_sqi.o)
                0x08008114                __gnu_thumb1_case_sqi
 .text          0x08008128       0x14 E:/Program Files/STM32CubeIDE_1.18.1/STM32CubeIDE/plugins/com.st.stm32cube.ide.mcu.externaltools.gnu-tools-for-stm32.13.3.rel1.win32_1.0.0.202411081344/tools/bin/../lib/gcc/arm-none-eabi/13.3.1/thumb/v6-m/nofp\libgcc.a(_thumb1_case_uqi.o)
                0x08008128                __gnu_thumb1_case_uqi
 .text          0x0800813c       0x14 E:/Program Files/STM32CubeIDE_1.18.1/STM32CubeIDE/plugins/com.st.stm32cube.ide.mcu.externaltools.gnu-tools-for-stm32.13.3.rel1.win32_1.0.0.202411081344/tools/bin/../lib/gcc/arm-none-eabi/13.3.1/thumb/v6-m/nofp\libgcc.a(_thumb1_case_shi.o)
                0x0800813c                __gnu_thumb1_case_shi
 .text          0x08008150       0x14 E:/Program Files/STM32CubeIDE_1.18.1/STM32CubeIDE/plugins/com.st.stm32cube.ide.mcu.externaltools.gnu-tools-for-stm32.13.3.rel1.win32_1.0.0.202411081344/tools/bin/../lib/gcc/arm-none-eabi/13.3.1/thumb/v6-m/nofp\libgcc.a(_thumb1_case_uhi.o)
                0x08008150                __gnu_thumb1_case_uhi
 .text          0x08008164      0x114 E:/Program Files/STM32CubeIDE_1.18.1/STM32CubeIDE/plugins/com.st.stm32cube.ide.mcu.externaltools.gnu-tools-for-stm32.13.3.rel1.win32_1.0.0.202411081344/tools/bin/../lib/gcc/arm-none-eabi/13.3.1/thumb/v6-m/nofp\libgcc.a(_udivsi3.o)
                0x08008164                __aeabi_uidiv
                0x08008164                __udivsi3
                0x08008270                __aeabi_uidivmod
 .text          0x08008278      0x1d4 E:/Program Files/STM32CubeIDE_1.18.1/STM32CubeIDE/plugins/com.st.stm32cube.ide.mcu.externaltools.gnu-tools-for-stm32.13.3.rel1.win32_1.0.0.202411081344/tools/bin/../lib/gcc/arm-none-eabi/13.3.1/thumb/v6-m/nofp\libgcc.a(_divsi3.o)
                0x08008278                __divsi3
                0x08008278                __aeabi_idiv
                0x08008444                __aeabi_idivmod
 .text          0x0800844c        0x4 E:/Program Files/STM32CubeIDE_1.18.1/STM32CubeIDE/plugins/com.st.stm32cube.ide.mcu.externaltools.gnu-tools-for-stm32.13.3.rel1.win32_1.0.0.202411081344/tools/bin/../lib/gcc/arm-none-eabi/13.3.1/thumb/v6-m/nofp\libgcc.a(_dvmd_tls.o)
                0x0800844c                __aeabi_idiv0
                0x0800844c                __aeabi_ldiv0
 .text          0x08008450       0x18 E:/Program Files/STM32CubeIDE_1.18.1/STM32CubeIDE/plugins/com.st.stm32cube.ide.mcu.externaltools.gnu-tools-for-stm32.13.3.rel1.win32_1.0.0.202411081344/tools/bin/../lib/gcc/arm-none-eabi/13.3.1/thumb/v6-m/nofp\libgcc.a(_lshrdi3.o)
                0x08008450                __lshrdi3
                0x08008450                __aeabi_llsr
 .text          0x08008468       0x40 E:/Program Files/STM32CubeIDE_1.18.1/STM32CubeIDE/plugins/com.st.stm32cube.ide.mcu.externaltools.gnu-tools-for-stm32.13.3.rel1.win32_1.0.0.202411081344/tools/bin/../lib/gcc/arm-none-eabi/13.3.1/thumb/v6-m/nofp\libgcc.a(_aeabi_uldivmod.o)
                0x08008468                __aeabi_uldivmod
 .text          0x080084a8       0x30 E:/Program Files/STM32CubeIDE_1.18.1/STM32CubeIDE/plugins/com.st.stm32cube.ide.mcu.externaltools.gnu-tools-for-stm32.13.3.rel1.win32_1.0.0.202411081344/tools/bin/../lib/gcc/arm-none-eabi/13.3.1/thumb/v6-m/nofp\libgcc.a(_fixunssfsi.o)
                0x080084a8                __fixunssfsi
                0x080084a8                __aeabi_f2uiz
 .text          0x080084d8      0x198 E:/Program Files/STM32CubeIDE_1.18.1/STM32CubeIDE/plugins/com.st.stm32cube.ide.mcu.externaltools.gnu-tools-for-stm32.13.3.rel1.win32_1.0.0.202411081344/tools/bin/../lib/gcc/arm-none-eabi/13.3.1/thumb/v6-m/nofp\libgcc.a(_udivmoddi4.o)
                0x080084d8                __udivmoddi4
 .text          0x08008670      0x22c E:/Program Files/STM32CubeIDE_1.18.1/STM32CubeIDE/plugins/com.st.stm32cube.ide.mcu.externaltools.gnu-tools-for-stm32.13.3.rel1.win32_1.0.0.202411081344/tools/bin/../lib/gcc/arm-none-eabi/13.3.1/thumb/v6-m/nofp\libgcc.a(divsf3.o)
                0x08008670                __aeabi_fdiv
 .text          0x0800889c      0x2b4 E:/Program Files/STM32CubeIDE_1.18.1/STM32CubeIDE/plugins/com.st.stm32cube.ide.mcu.externaltools.gnu-tools-for-stm32.13.3.rel1.win32_1.0.0.202411081344/tools/bin/../lib/gcc/arm-none-eabi/13.3.1/thumb/v6-m/nofp\libgcc.a(mulsf3.o)
                0x0800889c                __aeabi_fmul
 .text          0x08008b50      0x4c8 E:/Program Files/STM32CubeIDE_1.18.1/STM32CubeIDE/plugins/com.st.stm32cube.ide.mcu.externaltools.gnu-tools-for-stm32.13.3.rel1.win32_1.0.0.202411081344/tools/bin/../lib/gcc/arm-none-eabi/13.3.1/thumb/v6-m/nofp\libgcc.a(subsf3.o)
                0x08008b50                __aeabi_fsub
 .text          0x08009018       0x40 E:/Program Files/STM32CubeIDE_1.18.1/STM32CubeIDE/plugins/com.st.stm32cube.ide.mcu.externaltools.gnu-tools-for-stm32.13.3.rel1.win32_1.0.0.202411081344/tools/bin/../lib/gcc/arm-none-eabi/13.3.1/thumb/v6-m/nofp\libgcc.a(fixsfsi.o)
                0x08009018                __aeabi_f2iz
 .text          0x08009058       0x8c E:/Program Files/STM32CubeIDE_1.18.1/STM32CubeIDE/plugins/com.st.stm32cube.ide.mcu.externaltools.gnu-tools-for-stm32.13.3.rel1.win32_1.0.0.202411081344/tools/bin/../lib/gcc/arm-none-eabi/13.3.1/thumb/v6-m/nofp\libgcc.a(floatunsisf.o)
                0x08009058                __aeabi_ui2f
 .text          0x080090e4       0x74 E:/Program Files/STM32CubeIDE_1.18.1/STM32CubeIDE/plugins/com.st.stm32cube.ide.mcu.externaltools.gnu-tools-for-stm32.13.3.rel1.win32_1.0.0.202411081344/tools/bin/../lib/gcc/arm-none-eabi/13.3.1/thumb/v6-m/nofp\libgcc.a(_arm_cmpsf2.o)
                0x080090e4                __aeabi_cfrcmple
                0x080090ec                __aeabi_cfcmpeq
                0x080090ec                __aeabi_cfcmple
                0x080090fc                __aeabi_fcmpeq
                0x08009108                __aeabi_fcmplt
                0x0800911c                __aeabi_fcmple
                0x08009130                __aeabi_fcmpgt
                0x08009144                __aeabi_fcmpge
 .text          0x08009158       0x3c E:/Program Files/STM32CubeIDE_1.18.1/STM32CubeIDE/plugins/com.st.stm32cube.ide.mcu.externaltools.gnu-tools-for-stm32.13.3.rel1.win32_1.0.0.202411081344/tools/bin/../lib/gcc/arm-none-eabi/13.3.1/thumb/v6-m/nofp\libgcc.a(_clzsi2.o)
                0x08009158                __clzsi2
 .text          0x08009194       0x18 E:/Program Files/STM32CubeIDE_1.18.1/STM32CubeIDE/plugins/com.st.stm32cube.ide.mcu.externaltools.gnu-tools-for-stm32.13.3.rel1.win32_1.0.0.202411081344/tools/bin/../lib/gcc/arm-none-eabi/13.3.1/thumb/v6-m/nofp\libgcc.a(_clzdi2.o)
                0x08009194                __clzdi2
 .text          0x080091ac       0x50 E:/Program Files/STM32CubeIDE_1.18.1/STM32CubeIDE/plugins/com.st.stm32cube.ide.mcu.externaltools.gnu-tools-for-stm32.13.3.rel1.win32_1.0.0.202411081344/tools/bin/../lib/gcc/arm-none-eabi/13.3.1/thumb/v6-m/nofp\libgcc.a(eqsf2.o)
                0x080091ac                __eqsf2
                0x080091ac                __nesf2
 .text          0x080091fc       0x90 E:/Program Files/STM32CubeIDE_1.18.1/STM32CubeIDE/plugins/com.st.stm32cube.ide.mcu.externaltools.gnu-tools-for-stm32.13.3.rel1.win32_1.0.0.202411081344/tools/bin/../lib/gcc/arm-none-eabi/13.3.1/thumb/v6-m/nofp\libgcc.a(gesf2.o)
                0x080091fc                __gesf2
                0x080091fc                __gtsf2
 .text          0x0800928c       0x90 E:/Program Files/STM32CubeIDE_1.18.1/STM32CubeIDE/plugins/com.st.stm32cube.ide.mcu.externaltools.gnu-tools-for-stm32.13.3.rel1.win32_1.0.0.202411081344/tools/bin/../lib/gcc/arm-none-eabi/13.3.1/thumb/v6-m/nofp\libgcc.a(lesf2.o)
                0x0800928c                __ltsf2
                0x0800928c                __lesf2
 *(.text*)
 .text.SystemClock_Config
                0x0800931c       0x7c ./Core/Src/main.o
                0x0800931c                SystemClock_Config
 .text.startup.main
                0x08009398      0x490 ./Core/Src/main.o
                0x08009398                main
 .text.Error_Handler
                0x08009828        0x4 ./Core/Src/main.o
                0x08009828                Error_Handler
 .text.HAL_MspInit
                0x0800982c       0x34 ./Core/Src/stm32g0xx_hal_msp.o
                0x0800982c                HAL_MspInit
 .text.HAL_ADC_MspInit
                0x08009860       0x7c ./Core/Src/stm32g0xx_hal_msp.o
                0x08009860                HAL_ADC_MspInit
 .text.HAL_I2C_MspInit
                0x080098dc       0x84 ./Core/Src/stm32g0xx_hal_msp.o
                0x080098dc                HAL_I2C_MspInit
 .text.HAL_SPI_MspInit
                0x08009960       0x9c ./Core/Src/stm32g0xx_hal_msp.o
                0x08009960                HAL_SPI_MspInit
 .text.HAL_TIM_Base_MspInit
                0x080099fc       0x54 ./Core/Src/stm32g0xx_hal_msp.o
                0x080099fc                HAL_TIM_Base_MspInit
 .text.HAL_UART_MspInit
                0x08009a50      0x100 ./Core/Src/stm32g0xx_hal_msp.o
                0x08009a50                HAL_UART_MspInit
 .text.NMI_Handler
                0x08009b50        0x2 ./Core/Src/stm32g0xx_it.o
                0x08009b50                NMI_Handler
 .text.HardFault_Handler
                0x08009b52        0x2 ./Core/Src/stm32g0xx_it.o
                0x08009b52                HardFault_Handler
 .text.SVC_Handler
                0x08009b54        0x2 ./Core/Src/stm32g0xx_it.o
                0x08009b54                SVC_Handler
 .text.PendSV_Handler
                0x08009b56        0x2 ./Core/Src/stm32g0xx_it.o
                0x08009b56                PendSV_Handler
 .text.SysTick_Handler
                0x08009b58        0x8 ./Core/Src/stm32g0xx_it.o
                0x08009b58                SysTick_Handler
 .text.EXTI4_15_IRQHandler
                0x08009b60       0x46 ./Core/Src/stm32g0xx_it.o
                0x08009b60                EXTI4_15_IRQHandler
 *fill*         0x08009ba6        0x2 
 .text.DMA1_Channel1_IRQHandler
                0x08009ba8       0x10 ./Core/Src/stm32g0xx_it.o
                0x08009ba8                DMA1_Channel1_IRQHandler
 .text.DMA1_Channel2_3_IRQHandler
                0x08009bb8       0x10 ./Core/Src/stm32g0xx_it.o
                0x08009bb8                DMA1_Channel2_3_IRQHandler
 .text.TIM6_DAC_LPTIM1_IRQHandler
                0x08009bc8       0x10 ./Core/Src/stm32g0xx_it.o
                0x08009bc8                TIM6_DAC_LPTIM1_IRQHandler
 .text.USART1_IRQHandler
                0x08009bd8       0x10 ./Core/Src/stm32g0xx_it.o
                0x08009bd8                USART1_IRQHandler
 .text._read    0x08009be8       0x1a ./Core/Src/syscalls.o
                0x08009be8                _read
 .text._write   0x08009c02       0x1a ./Core/Src/syscalls.o
                0x08009c02                _write
 .text._close   0x08009c1c        0x6 ./Core/Src/syscalls.o
                0x08009c1c                _close
 .text._fstat   0x08009c22        0xa ./Core/Src/syscalls.o
                0x08009c22                _fstat
 .text._isatty  0x08009c2c        0x4 ./Core/Src/syscalls.o
                0x08009c2c                _isatty
 .text._lseek   0x08009c30        0x4 ./Core/Src/syscalls.o
                0x08009c30                _lseek
 .text._sbrk    0x08009c34       0x40 ./Core/Src/sysmem.o
                0x08009c34                _sbrk
 .text.SystemInit
                0x08009c74        0x2 ./Core/Src/system_stm32g0xx.o
                0x08009c74                SystemInit
 *fill*         0x08009c76        0x2 
 .text.Reset_Handler
                0x08009c78       0x50 ./Core/Startup/startup_stm32g0b1vetx.o
                0x08009c78                Reset_Handler
 .text.Default_Handler
                0x08009cc8        0x2 ./Core/Startup/startup_stm32g0b1vetx.o
                0x08009cc8                I2C2_3_IRQHandler
                0x08009cc8                USART3_4_5_6_LPUART1_IRQHandler
                0x08009cc8                TIM1_CC_IRQHandler
                0x08009cc8                ADC1_COMP_IRQHandler
                0x08009cc8                I2C1_IRQHandler
                0x08009cc8                TIM7_LPTIM2_IRQHandler
                0x08009cc8                TIM17_FDCAN_IT1_IRQHandler
                0x08009cc8                DMA1_Ch4_7_DMA2_Ch1_5_DMAMUX1_OVR_IRQHandler
                0x08009cc8                RCC_CRS_IRQHandler
                0x08009cc8                RTC_TAMP_IRQHandler
                0x08009cc8                SPI1_IRQHandler
                0x08009cc8                USB_UCPD1_2_IRQHandler
                0x08009cc8                EXTI2_3_IRQHandler
                0x08009cc8                USART2_LPUART2_IRQHandler
                0x08009cc8                PVD_VDDIO2_IRQHandler
                0x08009cc8                Default_Handler
                0x08009cc8                CEC_IRQHandler
                0x08009cc8                TIM14_IRQHandler
                0x08009cc8                TIM15_IRQHandler
                0x08009cc8                TIM3_TIM4_IRQHandler
                0x08009cc8                EXTI0_1_IRQHandler
                0x08009cc8                SPI2_3_IRQHandler
                0x08009cc8                WWDG_IRQHandler
                0x08009cc8                TIM2_IRQHandler
                0x08009cc8                FLASH_IRQHandler
                0x08009cc8                TIM16_FDCAN_IT0_IRQHandler
                0x08009cc8                TIM1_BRK_UP_TRG_COM_IRQHandler
 *fill*         0x08009cca        0x2 
 .text.WIZCHIP_READ
                0x08009ccc       0x5c ./Core/ethernet/W5500/w5500.o
                0x08009ccc                WIZCHIP_READ
 .text.WIZCHIP_WRITE
                0x08009d28       0x5c ./Core/ethernet/W5500/w5500.o
                0x08009d28                WIZCHIP_WRITE
 .text.WIZCHIP_READ_BUF
                0x08009d84       0x74 ./Core/ethernet/W5500/w5500.o
                0x08009d84                WIZCHIP_READ_BUF
 .text.WIZCHIP_WRITE_BUF
                0x08009df8       0x74 ./Core/ethernet/W5500/w5500.o
                0x08009df8                WIZCHIP_WRITE_BUF
 .text.getSn_TX_FSR
                0x08009e6c       0x4c ./Core/ethernet/W5500/w5500.o
                0x08009e6c                getSn_TX_FSR
 .text.getSn_RX_RSR
                0x08009eb8       0x4c ./Core/ethernet/W5500/w5500.o
                0x08009eb8                getSn_RX_RSR
 .text.wiz_send_data
                0x08009f04       0x56 ./Core/ethernet/W5500/w5500.o
                0x08009f04                wiz_send_data
 .text.wiz_recv_data
                0x08009f5a       0x56 ./Core/ethernet/W5500/w5500.o
                0x08009f5a                wiz_recv_data
 .text.wiz_recv_ignore
                0x08009fb0       0x40 ./Core/ethernet/W5500/w5500.o
                0x08009fb0                wiz_recv_ignore
 .text.bytes_to_uint32
                0x08009ff0       0x16 ./Core/ethernet/net_app.o
 *fill*         0x0800a006        0x2 
 .text.reply_add_byte
                0x0800a008       0x14 ./Core/ethernet/net_app.o
 .text.xor_encrypt.part.0
                0x0800a01c       0x36 ./Core/ethernet/net_app.o
 *fill*         0x0800a052        0x2 
 .text.pack_device_info.part.0
                0x0800a054      0x12c ./Core/ethernet/net_app.o
 .text.crc      0x0800a180       0x18 ./Core/ethernet/net_app.o
                0x0800a180                crc
 .text.xor_encrypt
                0x0800a198        0xc ./Core/ethernet/net_app.o
                0x0800a198                xor_encrypt
 .text.reply_send
                0x0800a1a4       0x4c ./Core/ethernet/net_app.o
 .text.handle_read_door
                0x0800a1f0      0x1a4 ./Core/ethernet/net_app.o
 .text.pack_device_info
                0x0800a394        0xc ./Core/ethernet/net_app.o
                0x0800a394                pack_device_info
 .text.CompareUID
                0x0800a3a0       0x24 ./Core/ethernet/net_app.o
                0x0800a3a0                CompareUID
 .text.calculate_weekday
                0x0800a3c4       0x68 ./Core/ethernet/net_app.o
                0x0800a3c4                calculate_weekday
 .text.SetTime  0x0800a42c       0x34 ./Core/ethernet/net_app.o
                0x0800a42c                SetTime
 .text.write_sys_parameters
                0x0800a460      0x160 ./Core/ethernet/net_app.o
                0x0800a460                write_sys_parameters
 .text.write_sys_door
                0x0800a5c0      0x104 ./Core/ethernet/net_app.o
                0x0800a5c0                write_sys_door
 .text.handle_write_door
                0x0800a6c4       0x28 ./Core/ethernet/net_app.o
                0x0800a6c4                handle_write_door
 .text.handle_read_times
                0x0800a6ec       0x68 ./Core/ethernet/net_app.o
                0x0800a6ec                handle_read_times
 .text.handle_write_times
                0x0800a754       0x5c ./Core/ethernet/net_app.o
                0x0800a754                handle_write_times
 .text.handle_delete_user
                0x0800a7b0       0x20 ./Core/ethernet/net_app.o
                0x0800a7b0                handle_delete_user
 .text.handle_read_user
                0x0800a7d0       0x74 ./Core/ethernet/net_app.o
                0x0800a7d0                handle_read_user
 .text.handle_write_user
                0x0800a844       0x54 ./Core/ethernet/net_app.o
                0x0800a844                handle_write_user
 .text.handle_read_weekly
                0x0800a898       0x74 ./Core/ethernet/net_app.o
                0x0800a898                handle_read_weekly
 .text.handle_write_weekly
                0x0800a90c       0x50 ./Core/ethernet/net_app.o
                0x0800a90c                handle_write_weekly
 .text.handle_read_holiday
                0x0800a95c       0x74 ./Core/ethernet/net_app.o
                0x0800a95c                handle_read_holiday
 .text.handle_write_holiday
                0x0800a9d0       0x50 ./Core/ethernet/net_app.o
                0x0800a9d0                handle_write_holiday
 .text.read_event_log_total_num
                0x0800aa20       0x44 ./Core/ethernet/net_app.o
                0x0800aa20                read_event_log_total_num
 .text.ClearAllAntiPassbackTable
                0x0800aa64       0x48 ./Core/ethernet/net_app.o
                0x0800aa64                ClearAllAntiPassbackTable
 .text.handle_delete_all_antiuser
                0x0800aaac       0x18 ./Core/ethernet/net_app.o
                0x0800aaac                handle_delete_all_antiuser
 .text.handle_delete_antiuser
                0x0800aac4       0x64 ./Core/ethernet/net_app.o
                0x0800aac4                handle_delete_antiuser
 .text.handle_read_antiuser
                0x0800ab28       0x8c ./Core/ethernet/net_app.o
                0x0800ab28                handle_read_antiuser
 .text.parse_tcp_data
                0x0800abb4      0x424 ./Core/ethernet/net_app.o
                0x0800abb4                parse_tcp_data
 .text.pack_heartbeat_data
                0x0800afd8      0x110 ./Core/ethernet/net_app.o
                0x0800afd8                pack_heartbeat_data
 .text.report_event
                0x0800b0e8       0xc4 ./Core/ethernet/net_app.o
                0x0800b0e8                report_event
 .text.network_reinit
                0x0800b1ac       0xc4 ./Core/ethernet/net_services.o
 .text.is_tcp_connected
                0x0800b270       0x14 ./Core/ethernet/net_services.o
                0x0800b270                is_tcp_connected
 .text.network_init
                0x0800b284       0x30 ./Core/ethernet/net_services.o
                0x0800b284                network_init
 .text.network_process
                0x0800b2b4      0x314 ./Core/ethernet/net_services.o
                0x0800b2b4                network_process
 .text.sendto_IO_6
                0x0800b5c8      0x1c0 ./Core/ethernet/socket.o
 .text.close    0x0800b788       0x78 ./Core/ethernet/socket.o
                0x0800b788                close
 .text.socket   0x0800b800      0x138 ./Core/ethernet/socket.o
                0x0800b800                socket
 .text.recvfrom_IO_6.isra.0
                0x0800b938      0x1e8 ./Core/ethernet/socket.o
 .text.listen   0x0800bb20       0x66 ./Core/ethernet/socket.o
                0x0800bb20                listen
 *fill*         0x0800bb86        0x2 
 .text.disconnect
                0x0800bb88       0x94 ./Core/ethernet/socket.o
                0x0800bb88                disconnect
 .text.send     0x0800bc1c      0x174 ./Core/ethernet/socket.o
                0x0800bc1c                send
 .text.sendto_W5x00
                0x0800bd90       0x12 ./Core/ethernet/socket.o
                0x0800bd90                sendto_W5x00
 .text.recvfrom_W5x00
                0x0800bda2        0xc ./Core/ethernet/socket.o
                0x0800bda2                recvfrom_W5x00
 .text.my_cris_enter
                0x0800bdae        0x4 ./Core/ethernet/w5500_hal.o
 .text.my_cris_exit
                0x0800bdb2        0x4 ./Core/ethernet/w5500_hal.o
 *fill*         0x0800bdb6        0x2 
 .text.my_cs_deselect
                0x0800bdb8       0x14 ./Core/ethernet/w5500_hal.o
 .text.my_cs_select
                0x0800bdcc       0x14 ./Core/ethernet/w5500_hal.o
 .text.my_spi_writeburst
                0x0800bde0       0x18 ./Core/ethernet/w5500_hal.o
 .text.my_spi_writebyte
                0x0800bdf8       0x1c ./Core/ethernet/w5500_hal.o
 .text.my_spi_readburst
                0x0800be14       0x18 ./Core/ethernet/w5500_hal.o
 .text.my_spi_readbyte
                0x0800be2c       0x24 ./Core/ethernet/w5500_hal.o
 .text.print_network_information
                0x0800be50       0xb4 ./Core/ethernet/w5500_hal.o
                0x0800be50                print_network_information
 .text.W5500_Init_HAL
                0x0800bf04       0xec ./Core/ethernet/w5500_hal.o
                0x0800bf04                W5500_Init_HAL
 .text.wizchip_cris_enter
                0x0800bff0        0x2 ./Core/ethernet/wizchip_conf.o
                0x0800bff0                wizchip_cris_enter
 .text.wizchip_bus_readdata
                0x0800bff2        0x6 ./Core/ethernet/wizchip_conf.o
                0x0800bff2                wizchip_bus_readdata
 .text.wizchip_bus_writedata
                0x0800bff8        0x4 ./Core/ethernet/wizchip_conf.o
                0x0800bff8                wizchip_bus_writedata
 .text.wizchip_spi_readbyte
                0x0800bffc        0x4 ./Core/ethernet/wizchip_conf.o
                0x0800bffc                wizchip_spi_readbyte
 .text.wizchip_spi_writebyte
                0x0800c000        0x2 ./Core/ethernet/wizchip_conf.o
                0x0800c000                wizchip_spi_writebyte
 *fill*         0x0800c002        0x2 
 .text.wizchip_spi_readburst
                0x0800c004       0x1c ./Core/ethernet/wizchip_conf.o
                0x0800c004                wizchip_spi_readburst
 .text.wizchip_spi_writeburst
                0x0800c020       0x1c ./Core/ethernet/wizchip_conf.o
                0x0800c020                wizchip_spi_writeburst
 .text.wizchip_cris_exit
                0x0800c03c        0x2 ./Core/ethernet/wizchip_conf.o
                0x0800c03c                wizchip_cris_exit
 .text.wizchip_cs_select
                0x0800c03e        0x2 ./Core/ethernet/wizchip_conf.o
                0x0800c03e                wizchip_cs_select
 .text.wizchip_cs_deselect
                0x0800c040        0x2 ./Core/ethernet/wizchip_conf.o
                0x0800c040                wizchip_cs_deselect
 *fill*         0x0800c042        0x2 
 .text.reg_wizchip_cris_cbfunc
                0x0800c044       0x20 ./Core/ethernet/wizchip_conf.o
                0x0800c044                reg_wizchip_cris_cbfunc
 .text.reg_wizchip_cs_cbfunc
                0x0800c064       0x20 ./Core/ethernet/wizchip_conf.o
                0x0800c064                reg_wizchip_cs_cbfunc
 .text.reg_wizchip_spi_cbfunc
                0x0800c084       0x28 ./Core/ethernet/wizchip_conf.o
                0x0800c084                reg_wizchip_spi_cbfunc
 .text.reg_wizchip_spiburst_cbfunc
                0x0800c0ac       0x28 ./Core/ethernet/wizchip_conf.o
                0x0800c0ac                reg_wizchip_spiburst_cbfunc
 .text.wizchip_sw_reset
                0x0800c0d4       0x76 ./Core/ethernet/wizchip_conf.o
                0x0800c0d4                wizchip_sw_reset
 *fill*         0x0800c14a        0x2 
 .text.wizchip_init
                0x0800c14c       0x8c ./Core/ethernet/wizchip_conf.o
                0x0800c14c                wizchip_init
 .text.wizchip_clrinterrupt
                0x0800c1d8       0x32 ./Core/ethernet/wizchip_conf.o
                0x0800c1d8                wizchip_clrinterrupt
 .text.wizchip_getinterrupt
                0x0800c20a       0x20 ./Core/ethernet/wizchip_conf.o
                0x0800c20a                wizchip_getinterrupt
 .text.wizchip_setinterruptmask
                0x0800c22a       0x1a ./Core/ethernet/wizchip_conf.o
                0x0800c22a                wizchip_setinterruptmask
 .text.wizchip_getinterruptmask
                0x0800c244       0x1c ./Core/ethernet/wizchip_conf.o
                0x0800c244                wizchip_getinterruptmask
 .text.wizphy_getphylink
                0x0800c260       0x10 ./Core/ethernet/wizchip_conf.o
                0x0800c260                wizphy_getphylink
 .text.wizphy_getphypmode
                0x0800c270       0x18 ./Core/ethernet/wizchip_conf.o
                0x0800c270                wizphy_getphypmode
 .text.wizphy_reset
                0x0800c288       0x2c ./Core/ethernet/wizchip_conf.o
                0x0800c288                wizphy_reset
 .text.wizphy_setphyconf
                0x0800c2b4       0x40 ./Core/ethernet/wizchip_conf.o
                0x0800c2b4                wizphy_setphyconf
 .text.wizphy_getphyconf
                0x0800c2f4       0x60 ./Core/ethernet/wizchip_conf.o
                0x0800c2f4                wizphy_getphyconf
 .text.wizphy_getphystat
                0x0800c354       0x1c ./Core/ethernet/wizchip_conf.o
                0x0800c354                wizphy_getphystat
 .text.wizphy_setphypmode
                0x0800c370       0x4a ./Core/ethernet/wizchip_conf.o
                0x0800c370                wizphy_setphypmode
 *fill*         0x0800c3ba        0x2 
 .text.ctlwizchip
                0x0800c3bc       0xe8 ./Core/ethernet/wizchip_conf.o
                0x0800c3bc                ctlwizchip
 .text.wizchip_setnetinfo
                0x0800c4a4       0x5c ./Core/ethernet/wizchip_conf.o
                0x0800c4a4                wizchip_setnetinfo
 .text.wizchip_getnetinfo
                0x0800c500       0x5c ./Core/ethernet/wizchip_conf.o
                0x0800c500                wizchip_getnetinfo
 .text.ClearMultiState
                0x0800c55c       0x1c ./Core/user/access.o
 .text.ClearKeyCollector
                0x0800c578       0x30 ./Core/user/access.o
 .text.AddCardToMulti
                0x0800c5a8       0xb4 ./Core/user/access.o
 .text.FindUserByCard
                0x0800c65c       0x54 ./Core/user/access.o
 .text.AntiPassbackCheck
                0x0800c6b0       0xb0 ./Core/user/access.o
 .text.EncodePassword
                0x0800c760       0x40 ./Core/user/access.o
 .text.CheckHolidaySchedule.isra.0
                0x0800c7a0       0xb4 ./Core/user/access.o
 .text.WiegandAccess_Init
                0x0800c854       0x48 ./Core/user/access.o
                0x0800c854                WiegandAccess_Init
 .text.WiegandAccess_ProcessCard
                0x0800c89c      0x4cc ./Core/user/access.o
                0x0800c89c                WiegandAccess_ProcessCard
 .text.WiegandAccess_ProcessKey
                0x0800cd68      0x570 ./Core/user/access.o
                0x0800cd68                WiegandAccess_ProcessKey
 .text.WiegandAccess_TimerTick
                0x0800d2d8       0xe4 ./Core/user/access.o
                0x0800d2d8                WiegandAccess_TimerTick
 .text.Log_SaveMeta
                0x0800d3bc       0x30 ./Core/user/log.o
 .text.Log_Init
                0x0800d3ec       0x80 ./Core/user/log.o
                0x0800d3ec                Log_Init
 .text.Log_GetUnreadCount
                0x0800d46c       0x24 ./Core/user/log.o
                0x0800d46c                Log_GetUnreadCount
 .text.Log_Write
                0x0800d490       0x68 ./Core/user/log.o
                0x0800d490                Log_Write
 .text.Log_PeekUnread
                0x0800d4f8       0x6c ./Core/user/log.o
                0x0800d4f8                Log_PeekUnread
 .text.Log_CommitRead
                0x0800d564       0x24 ./Core/user/log.o
                0x0800d564                Log_CommitRead
 .text.Log_GetTotalAll
                0x0800d588       0x28 ./Core/user/log.o
                0x0800d588                Log_GetTotalAll
 .text.Log_ReadAllBlock
                0x0800d5b0       0x6c ./Core/user/log.o
                0x0800d5b0                Log_ReadAllBlock
 .text.PCF8563_Init
                0x0800d61c       0x38 ./Core/user/pcf8563.o
                0x0800d61c                PCF8563_Init
 .text.BCD2DEC  0x0800d654       0x12 ./Core/user/pcf8563.o
                0x0800d654                BCD2DEC
 .text.DEC2BCD  0x0800d666       0x1a ./Core/user/pcf8563.o
                0x0800d666                DEC2BCD
 .text.PCF8563_GetDateTime
                0x0800d680       0x7c ./Core/user/pcf8563.o
                0x0800d680                PCF8563_GetDateTime
 .text.PCF8563_SetDateTime
                0x0800d6fc       0x64 ./Core/user/pcf8563.o
                0x0800d6fc                PCF8563_SetDateTime
 .text.HAL_TIM_PeriodElapsedCallback
                0x0800d760       0x64 ./Core/user/timApp.o
                0x0800d760                HAL_TIM_PeriodElapsedCallback
 .text.__io_putchar
                0x0800d7c4       0x1c ./Core/user/usart.o
                0x0800d7c4                __io_putchar
 .text.HAL_UART_ErrorCallback
                0x0800d7e0       0x74 ./Core/user/usart.o
                0x0800d7e0                HAL_UART_ErrorCallback
 .text.read_stm32_uid
                0x0800d854       0x80 ./Core/user/user.o
                0x0800d854                read_stm32_uid
 .text.GrtVoltage
                0x0800d8d4       0x5c ./Core/user/user.o
                0x0800d8d4                GrtVoltage
 .text.SysPara_init
                0x0800d930       0xd4 ./Core/user/user.o
                0x0800d930                SysPara_init
 .text.SysDoor_init
                0x0800da04       0x8c ./Core/user/user.o
                0x0800da04                SysDoor_init
 .text.read_system_parameters
                0x0800da90       0x6c ./Core/user/user.o
                0x0800da90                read_system_parameters
 .text.w25q128_spi_swap_byte
                0x0800dafc       0x2c ./Core/user/w25q128.o
                0x0800dafc                w25q128_spi_swap_byte
 .text.w25q128_writ_enable
                0x0800db28       0x22 ./Core/user/w25q128.o
                0x0800db28                w25q128_writ_enable
 .text.w25q128_read_sr1
                0x0800db4a       0x2c ./Core/user/w25q128.o
                0x0800db4a                w25q128_read_sr1
 .text.w25q128_wait_busy
                0x0800db76        0xe ./Core/user/w25q128.o
                0x0800db76                w25q128_wait_busy
 .text.w25q128_send_address
                0x0800db84       0x1c ./Core/user/w25q128.o
                0x0800db84                w25q128_send_address
 .text.w25q128_read_data
                0x0800dba0       0x54 ./Core/user/w25q128.o
                0x0800dba0                w25q128_read_data
 .text.w25q128_write_page
                0x0800dbf4       0x58 ./Core/user/w25q128.o
                0x0800dbf4                w25q128_write_page
 .text.w25q128_erase_sector
                0x0800dc4c       0x36 ./Core/user/w25q128.o
                0x0800dc4c                w25q128_erase_sector
 *fill*         0x0800dc82        0x2 
 .text.writeW25q128
                0x0800dc84       0x84 ./Core/user/w25q128.o
                0x0800dc84                writeW25q128
 .text.WiegandDecode
                0x0800dd08      0x14c ./Core/user/wiegand.o
 .text.HAL_GPIO_EXTI_Falling_Callback
                0x0800de54       0x9c ./Core/user/wiegand.o
                0x0800de54                HAL_GPIO_EXTI_Falling_Callback
 .text.readwiegand
                0x0800def0       0xc8 ./Core/user/wiegand.o
                0x0800def0                readwiegand
 .text.HAL_InitTick
                0x0800dfb8       0x50 ./Drivers/STM32G0xx_HAL_Driver/Src/stm32g0xx_hal.o
                0x0800dfb8                HAL_InitTick
 .text.HAL_Init
                0x0800e008       0x28 ./Drivers/STM32G0xx_HAL_Driver/Src/stm32g0xx_hal.o
                0x0800e008                HAL_Init
 .text.HAL_IncTick
                0x0800e030       0x18 ./Drivers/STM32G0xx_HAL_Driver/Src/stm32g0xx_hal.o
                0x0800e030                HAL_IncTick
 .text.HAL_GetTick
                0x0800e048        0xc ./Drivers/STM32G0xx_HAL_Driver/Src/stm32g0xx_hal.o
                0x0800e048                HAL_GetTick
 .text.HAL_Delay
                0x0800e054       0x24 ./Drivers/STM32G0xx_HAL_Driver/Src/stm32g0xx_hal.o
                0x0800e054                HAL_Delay
 .text.HAL_SYSCFG_StrobeDBattpinsConfig
                0x0800e078       0x18 ./Drivers/STM32G0xx_HAL_Driver/Src/stm32g0xx_hal.o
                0x0800e078                HAL_SYSCFG_StrobeDBattpinsConfig
 .text.LL_ADC_REG_IsConversionOngoing
                0x0800e090        0x8 ./Drivers/STM32G0xx_HAL_Driver/Src/stm32g0xx_hal_adc.o
 .text.HAL_ADC_Init
                0x0800e098      0x220 ./Drivers/STM32G0xx_HAL_Driver/Src/stm32g0xx_hal_adc.o
                0x0800e098                HAL_ADC_Init
 .text.HAL_ADC_PollForConversion
                0x0800e2b8       0xc8 ./Drivers/STM32G0xx_HAL_Driver/Src/stm32g0xx_hal_adc.o
                0x0800e2b8                HAL_ADC_PollForConversion
 .text.HAL_ADC_GetValue
                0x0800e380        0x6 ./Drivers/STM32G0xx_HAL_Driver/Src/stm32g0xx_hal_adc.o
                0x0800e380                HAL_ADC_GetValue
 *fill*         0x0800e386        0x2 
 .text.HAL_ADC_ConfigChannel
                0x0800e388      0x248 ./Drivers/STM32G0xx_HAL_Driver/Src/stm32g0xx_hal_adc.o
                0x0800e388                HAL_ADC_ConfigChannel
 .text.ADC_ConversionStop
                0x0800e5d0       0x60 ./Drivers/STM32G0xx_HAL_Driver/Src/stm32g0xx_hal_adc.o
                0x0800e5d0                ADC_ConversionStop
 .text.ADC_Enable
                0x0800e630       0xb8 ./Drivers/STM32G0xx_HAL_Driver/Src/stm32g0xx_hal_adc.o
                0x0800e630                ADC_Enable
 .text.HAL_ADC_Start
                0x0800e6e8       0x5c ./Drivers/STM32G0xx_HAL_Driver/Src/stm32g0xx_hal_adc.o
                0x0800e6e8                HAL_ADC_Start
 .text.ADC_Disable
                0x0800e744       0x78 ./Drivers/STM32G0xx_HAL_Driver/Src/stm32g0xx_hal_adc.o
                0x0800e744                ADC_Disable
 .text.HAL_ADC_Stop
                0x0800e7bc       0x3c ./Drivers/STM32G0xx_HAL_Driver/Src/stm32g0xx_hal_adc.o
                0x0800e7bc                HAL_ADC_Stop
 .text.HAL_ADCEx_Calibration_Start
                0x0800e7f8      0x168 ./Drivers/STM32G0xx_HAL_Driver/Src/stm32g0xx_hal_adc_ex.o
                0x0800e7f8                HAL_ADCEx_Calibration_Start
 .text.HAL_NVIC_SetPriority
                0x0800e960       0x54 ./Drivers/STM32G0xx_HAL_Driver/Src/stm32g0xx_hal_cortex.o
                0x0800e960                HAL_NVIC_SetPriority
 .text.HAL_NVIC_EnableIRQ
                0x0800e9b4       0x18 ./Drivers/STM32G0xx_HAL_Driver/Src/stm32g0xx_hal_cortex.o
                0x0800e9b4                HAL_NVIC_EnableIRQ
 .text.HAL_SYSTICK_Config
                0x0800e9cc       0x34 ./Drivers/STM32G0xx_HAL_Driver/Src/stm32g0xx_hal_cortex.o
                0x0800e9cc                HAL_SYSTICK_Config
 .text.DMA_SetConfig
                0x0800ea00       0x38 ./Drivers/STM32G0xx_HAL_Driver/Src/stm32g0xx_hal_dma.o
 .text.DMA_CalcDMAMUXChannelBaseAndMask
                0x0800ea38       0x4c ./Drivers/STM32G0xx_HAL_Driver/Src/stm32g0xx_hal_dma.o
 .text.HAL_DMA_Init
                0x0800ea84       0xdc ./Drivers/STM32G0xx_HAL_Driver/Src/stm32g0xx_hal_dma.o
                0x0800ea84                HAL_DMA_Init
 .text.HAL_DMA_Start_IT
                0x0800eb60       0x90 ./Drivers/STM32G0xx_HAL_Driver/Src/stm32g0xx_hal_dma.o
                0x0800eb60                HAL_DMA_Start_IT
 .text.HAL_DMA_Abort
                0x0800ebf0       0x6c ./Drivers/STM32G0xx_HAL_Driver/Src/stm32g0xx_hal_dma.o
                0x0800ebf0                HAL_DMA_Abort
 .text.HAL_DMA_Abort_IT
                0x0800ec5c       0x6c ./Drivers/STM32G0xx_HAL_Driver/Src/stm32g0xx_hal_dma.o
                0x0800ec5c                HAL_DMA_Abort_IT
 .text.HAL_DMA_IRQHandler
                0x0800ecc8       0xb0 ./Drivers/STM32G0xx_HAL_Driver/Src/stm32g0xx_hal_dma.o
                0x0800ecc8                HAL_DMA_IRQHandler
 .text.HAL_GPIO_Init
                0x0800ed78      0x170 ./Drivers/STM32G0xx_HAL_Driver/Src/stm32g0xx_hal_gpio.o
                0x0800ed78                HAL_GPIO_Init
 .text.HAL_GPIO_ReadPin
                0x0800eee8        0xc ./Drivers/STM32G0xx_HAL_Driver/Src/stm32g0xx_hal_gpio.o
                0x0800eee8                HAL_GPIO_ReadPin
 .text.HAL_GPIO_WritePin
                0x0800eef4        0xc ./Drivers/STM32G0xx_HAL_Driver/Src/stm32g0xx_hal_gpio.o
                0x0800eef4                HAL_GPIO_WritePin
 .text.HAL_GPIO_TogglePin
                0x0800ef00       0x10 ./Drivers/STM32G0xx_HAL_Driver/Src/stm32g0xx_hal_gpio.o
                0x0800ef00                HAL_GPIO_TogglePin
 .text.HAL_GPIO_EXTI_Rising_Callback
                0x0800ef10        0x2 ./Drivers/STM32G0xx_HAL_Driver/Src/stm32g0xx_hal_gpio.o
                0x0800ef10                HAL_GPIO_EXTI_Rising_Callback
 *fill*         0x0800ef12        0x2 
 .text.HAL_GPIO_EXTI_IRQHandler
                0x0800ef14       0x28 ./Drivers/STM32G0xx_HAL_Driver/Src/stm32g0xx_hal_gpio.o
                0x0800ef14                HAL_GPIO_EXTI_IRQHandler
 .text.I2C_Flush_TXDR
                0x0800ef3c       0x1c ./Drivers/STM32G0xx_HAL_Driver/Src/stm32g0xx_hal_i2c.o
 .text.I2C_TransferConfig
                0x0800ef58       0x2c ./Drivers/STM32G0xx_HAL_Driver/Src/stm32g0xx_hal_i2c.o
 .text.I2C_IsErrorOccurred
                0x0800ef84       0xfc ./Drivers/STM32G0xx_HAL_Driver/Src/stm32g0xx_hal_i2c.o
 .text.I2C_WaitOnTXISFlagUntilTimeout
                0x0800f080       0x5c ./Drivers/STM32G0xx_HAL_Driver/Src/stm32g0xx_hal_i2c.o
 .text.I2C_WaitOnFlagUntilTimeout
                0x0800f0dc       0x6e ./Drivers/STM32G0xx_HAL_Driver/Src/stm32g0xx_hal_i2c.o
 .text.I2C_WaitOnSTOPFlagUntilTimeout
                0x0800f14a       0x54 ./Drivers/STM32G0xx_HAL_Driver/Src/stm32g0xx_hal_i2c.o
 *fill*         0x0800f19e        0x2 
 .text.I2C_WaitOnRXNEFlagUntilTimeout
                0x0800f1a0       0xa0 ./Drivers/STM32G0xx_HAL_Driver/Src/stm32g0xx_hal_i2c.o
 .text.HAL_I2C_Init
                0x0800f240       0xbc ./Drivers/STM32G0xx_HAL_Driver/Src/stm32g0xx_hal_i2c.o
                0x0800f240                HAL_I2C_Init
 .text.HAL_I2C_Master_Transmit
                0x0800f2fc      0x148 ./Drivers/STM32G0xx_HAL_Driver/Src/stm32g0xx_hal_i2c.o
                0x0800f2fc                HAL_I2C_Master_Transmit
 .text.HAL_I2C_Master_Receive
                0x0800f444      0x11c ./Drivers/STM32G0xx_HAL_Driver/Src/stm32g0xx_hal_i2c.o
                0x0800f444                HAL_I2C_Master_Receive
 .text.HAL_I2CEx_ConfigAnalogFilter
                0x0800f560       0x4c ./Drivers/STM32G0xx_HAL_Driver/Src/stm32g0xx_hal_i2c_ex.o
                0x0800f560                HAL_I2CEx_ConfigAnalogFilter
 .text.HAL_I2CEx_ConfigDigitalFilter
                0x0800f5ac       0x48 ./Drivers/STM32G0xx_HAL_Driver/Src/stm32g0xx_hal_i2c_ex.o
                0x0800f5ac                HAL_I2CEx_ConfigDigitalFilter
 .text.HAL_IWDG_Init
                0x0800f5f4       0x64 ./Drivers/STM32G0xx_HAL_Driver/Src/stm32g0xx_hal_iwdg.o
                0x0800f5f4                HAL_IWDG_Init
 .text.HAL_IWDG_Refresh
                0x0800f658       0x10 ./Drivers/STM32G0xx_HAL_Driver/Src/stm32g0xx_hal_iwdg.o
                0x0800f658                HAL_IWDG_Refresh
 .text.HAL_PWREx_ControlVoltageScaling
                0x0800f668       0x58 ./Drivers/STM32G0xx_HAL_Driver/Src/stm32g0xx_hal_pwr_ex.o
                0x0800f668                HAL_PWREx_ControlVoltageScaling
 .text.HAL_RCC_OscConfig
                0x0800f6c0      0x4a8 ./Drivers/STM32G0xx_HAL_Driver/Src/stm32g0xx_hal_rcc.o
                0x0800f6c0                HAL_RCC_OscConfig
 .text.HAL_RCC_GetSysClockFreq
                0x0800fb68       0x88 ./Drivers/STM32G0xx_HAL_Driver/Src/stm32g0xx_hal_rcc.o
                0x0800fb68                HAL_RCC_GetSysClockFreq
 .text.HAL_RCC_ClockConfig
                0x0800fbf0      0x154 ./Drivers/STM32G0xx_HAL_Driver/Src/stm32g0xx_hal_rcc.o
                0x0800fbf0                HAL_RCC_ClockConfig
 .text.HAL_RCC_GetPCLK1Freq
                0x0800fd44       0x28 ./Drivers/STM32G0xx_HAL_Driver/Src/stm32g0xx_hal_rcc.o
                0x0800fd44                HAL_RCC_GetPCLK1Freq
 .text.HAL_RCCEx_PeriphCLKConfig
                0x0800fd6c      0x2a4 ./Drivers/STM32G0xx_HAL_Driver/Src/stm32g0xx_hal_rcc_ex.o
                0x0800fd6c                HAL_RCCEx_PeriphCLKConfig
 .text.SPI_WaitFlagStateUntilTimeout.constprop.0
                0x08010010       0xb8 ./Drivers/STM32G0xx_HAL_Driver/Src/stm32g0xx_hal_spi.o
 .text.SPI_WaitFifoStateUntilTimeout.constprop.0
                0x080100c8       0xd8 ./Drivers/STM32G0xx_HAL_Driver/Src/stm32g0xx_hal_spi.o
 .text.SPI_EndRxTransaction
                0x080101a0       0x7a ./Drivers/STM32G0xx_HAL_Driver/Src/stm32g0xx_hal_spi.o
 .text.SPI_EndRxTxTransaction
                0x0801021a       0x46 ./Drivers/STM32G0xx_HAL_Driver/Src/stm32g0xx_hal_spi.o
 .text.HAL_SPI_Init
                0x08010260       0xf0 ./Drivers/STM32G0xx_HAL_Driver/Src/stm32g0xx_hal_spi.o
                0x08010260                HAL_SPI_Init
 .text.HAL_SPI_Transmit
                0x08010350      0x18a ./Drivers/STM32G0xx_HAL_Driver/Src/stm32g0xx_hal_spi.o
                0x08010350                HAL_SPI_Transmit
 *fill*         0x080104da        0x2 
 .text.HAL_SPI_TransmitReceive
                0x080104dc      0x22c ./Drivers/STM32G0xx_HAL_Driver/Src/stm32g0xx_hal_spi.o
                0x080104dc                HAL_SPI_TransmitReceive
 .text.HAL_SPI_Receive
                0x08010708      0x17c ./Drivers/STM32G0xx_HAL_Driver/Src/stm32g0xx_hal_spi.o
                0x08010708                HAL_SPI_Receive
 .text.TIM_TI1_ConfigInputStage
                0x08010884       0x54 ./Drivers/STM32G0xx_HAL_Driver/Src/stm32g0xx_hal_tim.o
 .text.TIM_TI2_ConfigInputStage
                0x080108d8       0x3c ./Drivers/STM32G0xx_HAL_Driver/Src/stm32g0xx_hal_tim.o
 .text.HAL_TIM_Base_Start
                0x08010914       0x6c ./Drivers/STM32G0xx_HAL_Driver/Src/stm32g0xx_hal_tim.o
                0x08010914                HAL_TIM_Base_Start
 .text.HAL_TIM_Base_Start_IT
                0x08010980       0x74 ./Drivers/STM32G0xx_HAL_Driver/Src/stm32g0xx_hal_tim.o
                0x08010980                HAL_TIM_Base_Start_IT
 .text.HAL_TIM_OC_DelayElapsedCallback
                0x080109f4        0x2 ./Drivers/STM32G0xx_HAL_Driver/Src/stm32g0xx_hal_tim.o
                0x080109f4                HAL_TIM_OC_DelayElapsedCallback
 .text.HAL_TIM_IC_CaptureCallback
                0x080109f6        0x2 ./Drivers/STM32G0xx_HAL_Driver/Src/stm32g0xx_hal_tim.o
                0x080109f6                HAL_TIM_IC_CaptureCallback
 .text.HAL_TIM_PWM_PulseFinishedCallback
                0x080109f8        0x2 ./Drivers/STM32G0xx_HAL_Driver/Src/stm32g0xx_hal_tim.o
                0x080109f8                HAL_TIM_PWM_PulseFinishedCallback
 .text.HAL_TIM_TriggerCallback
                0x080109fa        0x2 ./Drivers/STM32G0xx_HAL_Driver/Src/stm32g0xx_hal_tim.o
                0x080109fa                HAL_TIM_TriggerCallback
 .text.HAL_TIM_IRQHandler
                0x080109fc      0x158 ./Drivers/STM32G0xx_HAL_Driver/Src/stm32g0xx_hal_tim.o
                0x080109fc                HAL_TIM_IRQHandler
 .text.TIM_Base_SetConfig
                0x08010b54       0xa8 ./Drivers/STM32G0xx_HAL_Driver/Src/stm32g0xx_hal_tim.o
                0x08010b54                TIM_Base_SetConfig
 .text.HAL_TIM_Base_Init
                0x08010bfc       0x54 ./Drivers/STM32G0xx_HAL_Driver/Src/stm32g0xx_hal_tim.o
                0x08010bfc                HAL_TIM_Base_Init
 .text.TIM_ETR_SetConfig
                0x08010c50       0x18 ./Drivers/STM32G0xx_HAL_Driver/Src/stm32g0xx_hal_tim.o
                0x08010c50                TIM_ETR_SetConfig
 .text.HAL_TIM_ConfigClockSource
                0x08010c68       0xe4 ./Drivers/STM32G0xx_HAL_Driver/Src/stm32g0xx_hal_tim.o
                0x08010c68                HAL_TIM_ConfigClockSource
 .text.HAL_TIMEx_MasterConfigSynchronization
                0x08010d4c       0x7c ./Drivers/STM32G0xx_HAL_Driver/Src/stm32g0xx_hal_tim_ex.o
                0x08010d4c                HAL_TIMEx_MasterConfigSynchronization
 .text.HAL_TIMEx_CommutCallback
                0x08010dc8        0x2 ./Drivers/STM32G0xx_HAL_Driver/Src/stm32g0xx_hal_tim_ex.o
                0x08010dc8                HAL_TIMEx_CommutCallback
 .text.HAL_TIMEx_BreakCallback
                0x08010dca        0x2 ./Drivers/STM32G0xx_HAL_Driver/Src/stm32g0xx_hal_tim_ex.o
                0x08010dca                HAL_TIMEx_BreakCallback
 .text.HAL_TIMEx_Break2Callback
                0x08010dcc        0x2 ./Drivers/STM32G0xx_HAL_Driver/Src/stm32g0xx_hal_tim_ex.o
                0x08010dcc                HAL_TIMEx_Break2Callback
 *fill*         0x08010dce        0x2 
 .text.UART_EndTxTransfer
                0x08010dd0       0x3c ./Drivers/STM32G0xx_HAL_Driver/Src/stm32g0xx_hal_uart.o
 .text.UART_EndRxTransfer
                0x08010e0c       0x64 ./Drivers/STM32G0xx_HAL_Driver/Src/stm32g0xx_hal_uart.o
 .text.HAL_UART_TxCpltCallback
                0x08010e70        0x2 ./Drivers/STM32G0xx_HAL_Driver/Src/stm32g0xx_hal_uart.o
                0x08010e70                HAL_UART_TxCpltCallback
 .text.HAL_UART_RxCpltCallback
                0x08010e72        0x2 ./Drivers/STM32G0xx_HAL_Driver/Src/stm32g0xx_hal_uart.o
                0x08010e72                HAL_UART_RxCpltCallback
 .text.HAL_UART_RxHalfCpltCallback
                0x08010e74        0x2 ./Drivers/STM32G0xx_HAL_Driver/Src/stm32g0xx_hal_uart.o
                0x08010e74                HAL_UART_RxHalfCpltCallback
 .text.UART_DMAError
                0x08010e76       0x44 ./Drivers/STM32G0xx_HAL_Driver/Src/stm32g0xx_hal_uart.o
 .text.UART_DMAAbortOnError
                0x08010eba        0xa ./Drivers/STM32G0xx_HAL_Driver/Src/stm32g0xx_hal_uart.o
 .text.HAL_UARTEx_RxEventCallback
                0x08010ec4        0x2 ./Drivers/STM32G0xx_HAL_Driver/Src/stm32g0xx_hal_uart.o
                0x08010ec4                HAL_UARTEx_RxEventCallback
 *fill*         0x08010ec6        0x2 
 .text.HAL_UART_IRQHandler
                0x08010ec8      0x344 ./Drivers/STM32G0xx_HAL_Driver/Src/stm32g0xx_hal_uart.o
                0x08010ec8                HAL_UART_IRQHandler
 .text.UART_DMARxHalfCplt
                0x0801120c       0x3a ./Drivers/STM32G0xx_HAL_Driver/Src/stm32g0xx_hal_uart.o
 *fill*         0x08011246        0x2 
 .text.UART_DMAReceiveCplt
                0x08011248       0xa8 ./Drivers/STM32G0xx_HAL_Driver/Src/stm32g0xx_hal_uart.o
 .text.UART_SetConfig
                0x080112f0      0x28c ./Drivers/STM32G0xx_HAL_Driver/Src/stm32g0xx_hal_uart.o
                0x080112f0                UART_SetConfig
 .text.UART_AdvFeatureConfig
                0x0801157c       0xd0 ./Drivers/STM32G0xx_HAL_Driver/Src/stm32g0xx_hal_uart.o
                0x0801157c                UART_AdvFeatureConfig
 .text.UART_WaitOnFlagUntilTimeout
                0x0801164c       0x92 ./Drivers/STM32G0xx_HAL_Driver/Src/stm32g0xx_hal_uart.o
                0x0801164c                UART_WaitOnFlagUntilTimeout
 .text.HAL_UART_Transmit
                0x080116de       0xe2 ./Drivers/STM32G0xx_HAL_Driver/Src/stm32g0xx_hal_uart.o
                0x080116de                HAL_UART_Transmit
 .text.UART_CheckIdleState
                0x080117c0       0xc8 ./Drivers/STM32G0xx_HAL_Driver/Src/stm32g0xx_hal_uart.o
                0x080117c0                UART_CheckIdleState
 .text.HAL_UART_Init
                0x08011888       0x68 ./Drivers/STM32G0xx_HAL_Driver/Src/stm32g0xx_hal_uart.o
                0x08011888                HAL_UART_Init
 .text.UART_Start_Receive_DMA
                0x080118f0       0xac ./Drivers/STM32G0xx_HAL_Driver/Src/stm32g0xx_hal_uart.o
                0x080118f0                UART_Start_Receive_DMA
 .text.HAL_UART_Receive_DMA
                0x0801199c       0x70 ./Drivers/STM32G0xx_HAL_Driver/Src/stm32g0xx_hal_uart.o
                0x0801199c                HAL_UART_Receive_DMA
 .text.UARTEx_SetNbDataToProcess
                0x08011a0c       0x50 ./Drivers/STM32G0xx_HAL_Driver/Src/stm32g0xx_hal_uart_ex.o
 .text.HAL_UARTEx_WakeupCallback
                0x08011a5c        0x2 ./Drivers/STM32G0xx_HAL_Driver/Src/stm32g0xx_hal_uart_ex.o
                0x08011a5c                HAL_UARTEx_WakeupCallback
 .text.HAL_UARTEx_RxFifoFullCallback
                0x08011a5e        0x2 ./Drivers/STM32G0xx_HAL_Driver/Src/stm32g0xx_hal_uart_ex.o
                0x08011a5e                HAL_UARTEx_RxFifoFullCallback
 .text.HAL_UARTEx_TxFifoEmptyCallback
                0x08011a60        0x2 ./Drivers/STM32G0xx_HAL_Driver/Src/stm32g0xx_hal_uart_ex.o
                0x08011a60                HAL_UARTEx_TxFifoEmptyCallback
 *fill*         0x08011a62        0x2 
 .text.HAL_UARTEx_DisableFifoMode
                0x08011a64       0x3c ./Drivers/STM32G0xx_HAL_Driver/Src/stm32g0xx_hal_uart_ex.o
                0x08011a64                HAL_UARTEx_DisableFifoMode
 .text.HAL_UARTEx_SetTxFifoThreshold
                0x08011aa0       0x40 ./Drivers/STM32G0xx_HAL_Driver/Src/stm32g0xx_hal_uart_ex.o
                0x08011aa0                HAL_UARTEx_SetTxFifoThreshold
 .text.HAL_UARTEx_SetRxFifoThreshold
                0x08011ae0       0x44 ./Drivers/STM32G0xx_HAL_Driver/Src/stm32g0xx_hal_uart_ex.o
                0x08011ae0                HAL_UARTEx_SetRxFifoThreshold
 .text.std      0x08011b24       0x6c E:/Program Files/STM32CubeIDE_1.18.1/STM32CubeIDE/plugins/com.st.stm32cube.ide.mcu.externaltools.gnu-tools-for-stm32.13.3.rel1.win32_1.0.0.202411081344/tools/bin/../lib/gcc/arm-none-eabi/13.3.1/../../../../arm-none-eabi/lib/thumb/v6-m/nofp\libc_nano.a(libc_a-findfp.o)
 .text.stdio_exit_handler
                0x08011b90       0x1c E:/Program Files/STM32CubeIDE_1.18.1/STM32CubeIDE/plugins/com.st.stm32cube.ide.mcu.externaltools.gnu-tools-for-stm32.13.3.rel1.win32_1.0.0.202411081344/tools/bin/../lib/gcc/arm-none-eabi/13.3.1/../../../../arm-none-eabi/lib/thumb/v6-m/nofp\libc_nano.a(libc_a-findfp.o)
 .text.cleanup_stdio
                0x08011bac       0x3c E:/Program Files/STM32CubeIDE_1.18.1/STM32CubeIDE/plugins/com.st.stm32cube.ide.mcu.externaltools.gnu-tools-for-stm32.13.3.rel1.win32_1.0.0.202411081344/tools/bin/../lib/gcc/arm-none-eabi/13.3.1/../../../../arm-none-eabi/lib/thumb/v6-m/nofp\libc_nano.a(libc_a-findfp.o)
 .text.global_stdio_init.part.0
                0x08011be8       0x3c E:/Program Files/STM32CubeIDE_1.18.1/STM32CubeIDE/plugins/com.st.stm32cube.ide.mcu.externaltools.gnu-tools-for-stm32.13.3.rel1.win32_1.0.0.202411081344/tools/bin/../lib/gcc/arm-none-eabi/13.3.1/../../../../arm-none-eabi/lib/thumb/v6-m/nofp\libc_nano.a(libc_a-findfp.o)
 .text.__sfp_lock_acquire
                0x08011c24       0x10 E:/Program Files/STM32CubeIDE_1.18.1/STM32CubeIDE/plugins/com.st.stm32cube.ide.mcu.externaltools.gnu-tools-for-stm32.13.3.rel1.win32_1.0.0.202411081344/tools/bin/../lib/gcc/arm-none-eabi/13.3.1/../../../../arm-none-eabi/lib/thumb/v6-m/nofp\libc_nano.a(libc_a-findfp.o)
                0x08011c24                __sfp_lock_acquire
 .text.__sfp_lock_release
                0x08011c34       0x10 E:/Program Files/STM32CubeIDE_1.18.1/STM32CubeIDE/plugins/com.st.stm32cube.ide.mcu.externaltools.gnu-tools-for-stm32.13.3.rel1.win32_1.0.0.202411081344/tools/bin/../lib/gcc/arm-none-eabi/13.3.1/../../../../arm-none-eabi/lib/thumb/v6-m/nofp\libc_nano.a(libc_a-findfp.o)
                0x08011c34                __sfp_lock_release
 .text.__sinit  0x08011c44       0x30 E:/Program Files/STM32CubeIDE_1.18.1/STM32CubeIDE/plugins/com.st.stm32cube.ide.mcu.externaltools.gnu-tools-for-stm32.13.3.rel1.win32_1.0.0.202411081344/tools/bin/../lib/gcc/arm-none-eabi/13.3.1/../../../../arm-none-eabi/lib/thumb/v6-m/nofp\libc_nano.a(libc_a-findfp.o)
                0x08011c44                __sinit
 .text._fwalk_sglue
                0x08011c74       0x38 E:/Program Files/STM32CubeIDE_1.18.1/STM32CubeIDE/plugins/com.st.stm32cube.ide.mcu.externaltools.gnu-tools-for-stm32.13.3.rel1.win32_1.0.0.202411081344/tools/bin/../lib/gcc/arm-none-eabi/13.3.1/../../../../arm-none-eabi/lib/thumb/v6-m/nofp\libc_nano.a(libc_a-fwalk.o)
                0x08011c74                _fwalk_sglue
 .text.printf   0x08011cac       0x20 E:/Program Files/STM32CubeIDE_1.18.1/STM32CubeIDE/plugins/com.st.stm32cube.ide.mcu.externaltools.gnu-tools-for-stm32.13.3.rel1.win32_1.0.0.202411081344/tools/bin/../lib/gcc/arm-none-eabi/13.3.1/../../../../arm-none-eabi/lib/thumb/v6-m/nofp\libc_nano.a(libc_a-printf.o)
                0x08011cac                iprintf
                0x08011cac                printf
 .text._puts_r  0x08011ccc       0xac E:/Program Files/STM32CubeIDE_1.18.1/STM32CubeIDE/plugins/com.st.stm32cube.ide.mcu.externaltools.gnu-tools-for-stm32.13.3.rel1.win32_1.0.0.202411081344/tools/bin/../lib/gcc/arm-none-eabi/13.3.1/../../../../arm-none-eabi/lib/thumb/v6-m/nofp\libc_nano.a(libc_a-puts.o)
                0x08011ccc                _puts_r
 .text.puts     0x08011d78       0x14 E:/Program Files/STM32CubeIDE_1.18.1/STM32CubeIDE/plugins/com.st.stm32cube.ide.mcu.externaltools.gnu-tools-for-stm32.13.3.rel1.win32_1.0.0.202411081344/tools/bin/../lib/gcc/arm-none-eabi/13.3.1/../../../../arm-none-eabi/lib/thumb/v6-m/nofp\libc_nano.a(libc_a-puts.o)
                0x08011d78                puts
 .text.__sread  0x08011d8c       0x28 E:/Program Files/STM32CubeIDE_1.18.1/STM32CubeIDE/plugins/com.st.stm32cube.ide.mcu.externaltools.gnu-tools-for-stm32.13.3.rel1.win32_1.0.0.202411081344/tools/bin/../lib/gcc/arm-none-eabi/13.3.1/../../../../arm-none-eabi/lib/thumb/v6-m/nofp\libc_nano.a(libc_a-stdio.o)
                0x08011d8c                __sread
 .text.__swrite
                0x08011db4       0x38 E:/Program Files/STM32CubeIDE_1.18.1/STM32CubeIDE/plugins/com.st.stm32cube.ide.mcu.externaltools.gnu-tools-for-stm32.13.3.rel1.win32_1.0.0.202411081344/tools/bin/../lib/gcc/arm-none-eabi/13.3.1/../../../../arm-none-eabi/lib/thumb/v6-m/nofp\libc_nano.a(libc_a-stdio.o)
                0x08011db4                __swrite
 .text.__sseek  0x08011dec       0x2c E:/Program Files/STM32CubeIDE_1.18.1/STM32CubeIDE/plugins/com.st.stm32cube.ide.mcu.externaltools.gnu-tools-for-stm32.13.3.rel1.win32_1.0.0.202411081344/tools/bin/../lib/gcc/arm-none-eabi/13.3.1/../../../../arm-none-eabi/lib/thumb/v6-m/nofp\libc_nano.a(libc_a-stdio.o)
                0x08011dec                __sseek
 .text.__sclose
                0x08011e18        0xc E:/Program Files/STM32CubeIDE_1.18.1/STM32CubeIDE/plugins/com.st.stm32cube.ide.mcu.externaltools.gnu-tools-for-stm32.13.3.rel1.win32_1.0.0.202411081344/tools/bin/../lib/gcc/arm-none-eabi/13.3.1/../../../../arm-none-eabi/lib/thumb/v6-m/nofp\libc_nano.a(libc_a-stdio.o)
                0x08011e18                __sclose
 .text.__swbuf_r
                0x08011e24       0x84 E:/Program Files/STM32CubeIDE_1.18.1/STM32CubeIDE/plugins/com.st.stm32cube.ide.mcu.externaltools.gnu-tools-for-stm32.13.3.rel1.win32_1.0.0.202411081344/tools/bin/../lib/gcc/arm-none-eabi/13.3.1/../../../../arm-none-eabi/lib/thumb/v6-m/nofp\libc_nano.a(libc_a-wbuf.o)
                0x08011e24                __swbuf_r
 .text.__swsetup_r
                0x08011ea8       0xbc E:/Program Files/STM32CubeIDE_1.18.1/STM32CubeIDE/plugins/com.st.stm32cube.ide.mcu.externaltools.gnu-tools-for-stm32.13.3.rel1.win32_1.0.0.202411081344/tools/bin/../lib/gcc/arm-none-eabi/13.3.1/../../../../arm-none-eabi/lib/thumb/v6-m/nofp\libc_nano.a(libc_a-wsetup.o)
                0x08011ea8                __swsetup_r
 .text.memcmp   0x08011f64       0x1c E:/Program Files/STM32CubeIDE_1.18.1/STM32CubeIDE/plugins/com.st.stm32cube.ide.mcu.externaltools.gnu-tools-for-stm32.13.3.rel1.win32_1.0.0.202411081344/tools/bin/../lib/gcc/arm-none-eabi/13.3.1/../../../../arm-none-eabi/lib/thumb/v6-m/nofp\libc_nano.a(libc_a-memcmp.o)
                0x08011f64                memcmp
 .text.memset   0x08011f80       0x10 E:/Program Files/STM32CubeIDE_1.18.1/STM32CubeIDE/plugins/com.st.stm32cube.ide.mcu.externaltools.gnu-tools-for-stm32.13.3.rel1.win32_1.0.0.202411081344/tools/bin/../lib/gcc/arm-none-eabi/13.3.1/../../../../arm-none-eabi/lib/thumb/v6-m/nofp\libc_nano.a(libc_a-memset.o)
                0x08011f80                memset
 .text._close_r
                0x08011f90       0x24 E:/Program Files/STM32CubeIDE_1.18.1/STM32CubeIDE/plugins/com.st.stm32cube.ide.mcu.externaltools.gnu-tools-for-stm32.13.3.rel1.win32_1.0.0.202411081344/tools/bin/../lib/gcc/arm-none-eabi/13.3.1/../../../../arm-none-eabi/lib/thumb/v6-m/nofp\libc_nano.a(libc_a-closer.o)
                0x08011f90                _close_r
 .text._lseek_r
                0x08011fb4       0x28 E:/Program Files/STM32CubeIDE_1.18.1/STM32CubeIDE/plugins/com.st.stm32cube.ide.mcu.externaltools.gnu-tools-for-stm32.13.3.rel1.win32_1.0.0.202411081344/tools/bin/../lib/gcc/arm-none-eabi/13.3.1/../../../../arm-none-eabi/lib/thumb/v6-m/nofp\libc_nano.a(libc_a-lseekr.o)
                0x08011fb4                _lseek_r
 .text._read_r  0x08011fdc       0x28 E:/Program Files/STM32CubeIDE_1.18.1/STM32CubeIDE/plugins/com.st.stm32cube.ide.mcu.externaltools.gnu-tools-for-stm32.13.3.rel1.win32_1.0.0.202411081344/tools/bin/../lib/gcc/arm-none-eabi/13.3.1/../../../../arm-none-eabi/lib/thumb/v6-m/nofp\libc_nano.a(libc_a-readr.o)
                0x08011fdc                _read_r
 .text._write_r
                0x08012004       0x28 E:/Program Files/STM32CubeIDE_1.18.1/STM32CubeIDE/plugins/com.st.stm32cube.ide.mcu.externaltools.gnu-tools-for-stm32.13.3.rel1.win32_1.0.0.202411081344/tools/bin/../lib/gcc/arm-none-eabi/13.3.1/../../../../arm-none-eabi/lib/thumb/v6-m/nofp\libc_nano.a(libc_a-writer.o)
                0x08012004                _write_r
 .text.__errno  0x0801202c        0xc E:/Program Files/STM32CubeIDE_1.18.1/STM32CubeIDE/plugins/com.st.stm32cube.ide.mcu.externaltools.gnu-tools-for-stm32.13.3.rel1.win32_1.0.0.202411081344/tools/bin/../lib/gcc/arm-none-eabi/13.3.1/../../../../arm-none-eabi/lib/thumb/v6-m/nofp\libc_nano.a(libc_a-errno.o)
                0x0801202c                __errno
 .text.__libc_init_array
                0x08012038       0x48 E:/Program Files/STM32CubeIDE_1.18.1/STM32CubeIDE/plugins/com.st.stm32cube.ide.mcu.externaltools.gnu-tools-for-stm32.13.3.rel1.win32_1.0.0.202411081344/tools/bin/../lib/gcc/arm-none-eabi/13.3.1/../../../../arm-none-eabi/lib/thumb/v6-m/nofp\libc_nano.a(libc_a-init.o)
                0x08012038                __libc_init_array
 .text.__retarget_lock_init_recursive
                0x08012080        0x2 E:/Program Files/STM32CubeIDE_1.18.1/STM32CubeIDE/plugins/com.st.stm32cube.ide.mcu.externaltools.gnu-tools-for-stm32.13.3.rel1.win32_1.0.0.202411081344/tools/bin/../lib/gcc/arm-none-eabi/13.3.1/../../../../arm-none-eabi/lib/thumb/v6-m/nofp\libc_nano.a(libc_a-lock.o)
                0x08012080                __retarget_lock_init_recursive
 .text.__retarget_lock_acquire_recursive
                0x08012082        0x2 E:/Program Files/STM32CubeIDE_1.18.1/STM32CubeIDE/plugins/com.st.stm32cube.ide.mcu.externaltools.gnu-tools-for-stm32.13.3.rel1.win32_1.0.0.202411081344/tools/bin/../lib/gcc/arm-none-eabi/13.3.1/../../../../arm-none-eabi/lib/thumb/v6-m/nofp\libc_nano.a(libc_a-lock.o)
                0x08012082                __retarget_lock_acquire_recursive
 .text.__retarget_lock_release_recursive
                0x08012084        0x2 E:/Program Files/STM32CubeIDE_1.18.1/STM32CubeIDE/plugins/com.st.stm32cube.ide.mcu.externaltools.gnu-tools-for-stm32.13.3.rel1.win32_1.0.0.202411081344/tools/bin/../lib/gcc/arm-none-eabi/13.3.1/../../../../arm-none-eabi/lib/thumb/v6-m/nofp\libc_nano.a(libc_a-lock.o)
                0x08012084                __retarget_lock_release_recursive
 .text.memcpy   0x08012086       0x12 E:/Program Files/STM32CubeIDE_1.18.1/STM32CubeIDE/plugins/com.st.stm32cube.ide.mcu.externaltools.gnu-tools-for-stm32.13.3.rel1.win32_1.0.0.202411081344/tools/bin/../lib/gcc/arm-none-eabi/13.3.1/../../../../arm-none-eabi/lib/thumb/v6-m/nofp\libc_nano.a(libc_a-memcpy-stub.o)
                0x08012086                memcpy
 .text._free_r  0x08012098       0x94 E:/Program Files/STM32CubeIDE_1.18.1/STM32CubeIDE/plugins/com.st.stm32cube.ide.mcu.externaltools.gnu-tools-for-stm32.13.3.rel1.win32_1.0.0.202411081344/tools/bin/../lib/gcc/arm-none-eabi/13.3.1/../../../../arm-none-eabi/lib/thumb/v6-m/nofp\libc_nano.a(libc_a-freer.o)
                0x08012098                _free_r
 .text.sbrk_aligned
                0x0801212c       0x44 E:/Program Files/STM32CubeIDE_1.18.1/STM32CubeIDE/plugins/com.st.stm32cube.ide.mcu.externaltools.gnu-tools-for-stm32.13.3.rel1.win32_1.0.0.202411081344/tools/bin/../lib/gcc/arm-none-eabi/13.3.1/../../../../arm-none-eabi/lib/thumb/v6-m/nofp\libc_nano.a(libc_a-mallocr.o)
 .text._malloc_r
                0x08012170      0x100 E:/Program Files/STM32CubeIDE_1.18.1/STM32CubeIDE/plugins/com.st.stm32cube.ide.mcu.externaltools.gnu-tools-for-stm32.13.3.rel1.win32_1.0.0.202411081344/tools/bin/../lib/gcc/arm-none-eabi/13.3.1/../../../../arm-none-eabi/lib/thumb/v6-m/nofp\libc_nano.a(libc_a-mallocr.o)
                0x08012170                _malloc_r
 .text.__malloc_lock
                0x08012270       0x10 E:/Program Files/STM32CubeIDE_1.18.1/STM32CubeIDE/plugins/com.st.stm32cube.ide.mcu.externaltools.gnu-tools-for-stm32.13.3.rel1.win32_1.0.0.202411081344/tools/bin/../lib/gcc/arm-none-eabi/13.3.1/../../../../arm-none-eabi/lib/thumb/v6-m/nofp\libc_nano.a(libc_a-mlock.o)
                0x08012270                __malloc_lock
 .text.__malloc_unlock
                0x08012280       0x10 E:/Program Files/STM32CubeIDE_1.18.1/STM32CubeIDE/plugins/com.st.stm32cube.ide.mcu.externaltools.gnu-tools-for-stm32.13.3.rel1.win32_1.0.0.202411081344/tools/bin/../lib/gcc/arm-none-eabi/13.3.1/../../../../arm-none-eabi/lib/thumb/v6-m/nofp\libc_nano.a(libc_a-mlock.o)
                0x08012280                __malloc_unlock
 .text.__sfputc_r
                0x08012290       0x2a E:/Program Files/STM32CubeIDE_1.18.1/STM32CubeIDE/plugins/com.st.stm32cube.ide.mcu.externaltools.gnu-tools-for-stm32.13.3.rel1.win32_1.0.0.202411081344/tools/bin/../lib/gcc/arm-none-eabi/13.3.1/../../../../arm-none-eabi/lib/thumb/v6-m/nofp\libc_nano.a(libc_a-nano-vfprintf.o)
 .text.__sfputs_r
                0x080122ba       0x24 E:/Program Files/STM32CubeIDE_1.18.1/STM32CubeIDE/plugins/com.st.stm32cube.ide.mcu.externaltools.gnu-tools-for-stm32.13.3.rel1.win32_1.0.0.202411081344/tools/bin/../lib/gcc/arm-none-eabi/13.3.1/../../../../arm-none-eabi/lib/thumb/v6-m/nofp\libc_nano.a(libc_a-nano-vfprintf.o)
                0x080122ba                __sfputs_r
 *fill*         0x080122de        0x2 
 .text._vfprintf_r
                0x080122e0      0x238 E:/Program Files/STM32CubeIDE_1.18.1/STM32CubeIDE/plugins/com.st.stm32cube.ide.mcu.externaltools.gnu-tools-for-stm32.13.3.rel1.win32_1.0.0.202411081344/tools/bin/../lib/gcc/arm-none-eabi/13.3.1/../../../../arm-none-eabi/lib/thumb/v6-m/nofp\libc_nano.a(libc_a-nano-vfprintf.o)
                0x080122e0                _vfprintf_r
                0x080122e0                _vfiprintf_r
 .text._printf_common
                0x08012518       0xde E:/Program Files/STM32CubeIDE_1.18.1/STM32CubeIDE/plugins/com.st.stm32cube.ide.mcu.externaltools.gnu-tools-for-stm32.13.3.rel1.win32_1.0.0.202411081344/tools/bin/../lib/gcc/arm-none-eabi/13.3.1/../../../../arm-none-eabi/lib/thumb/v6-m/nofp\libc_nano.a(libc_a-nano-vfprintf_i.o)
                0x08012518                _printf_common
 *fill*         0x080125f6        0x2 
 .text._printf_i
                0x080125f8      0x218 E:/Program Files/STM32CubeIDE_1.18.1/STM32CubeIDE/plugins/com.st.stm32cube.ide.mcu.externaltools.gnu-tools-for-stm32.13.3.rel1.win32_1.0.0.202411081344/tools/bin/../lib/gcc/arm-none-eabi/13.3.1/../../../../arm-none-eabi/lib/thumb/v6-m/nofp\libc_nano.a(libc_a-nano-vfprintf_i.o)
                0x080125f8                _printf_i
 .text.__sflush_r
                0x08012810      0x10c E:/Program Files/STM32CubeIDE_1.18.1/STM32CubeIDE/plugins/com.st.stm32cube.ide.mcu.externaltools.gnu-tools-for-stm32.13.3.rel1.win32_1.0.0.202411081344/tools/bin/../lib/gcc/arm-none-eabi/13.3.1/../../../../arm-none-eabi/lib/thumb/v6-m/nofp\libc_nano.a(libc_a-fflush.o)
                0x08012810                __sflush_r
 .text._fflush_r
                0x0801291c       0x56 E:/Program Files/STM32CubeIDE_1.18.1/STM32CubeIDE/plugins/com.st.stm32cube.ide.mcu.externaltools.gnu-tools-for-stm32.13.3.rel1.win32_1.0.0.202411081344/tools/bin/../lib/gcc/arm-none-eabi/13.3.1/../../../../arm-none-eabi/lib/thumb/v6-m/nofp\libc_nano.a(libc_a-fflush.o)
                0x0801291c                _fflush_r
 *fill*         0x08012972        0x2 
 .text.__swhatbuf_r
                0x08012974       0x54 E:/Program Files/STM32CubeIDE_1.18.1/STM32CubeIDE/plugins/com.st.stm32cube.ide.mcu.externaltools.gnu-tools-for-stm32.13.3.rel1.win32_1.0.0.202411081344/tools/bin/../lib/gcc/arm-none-eabi/13.3.1/../../../../arm-none-eabi/lib/thumb/v6-m/nofp\libc_nano.a(libc_a-makebuf.o)
                0x08012974                __swhatbuf_r
 .text.__smakebuf_r
                0x080129c8       0x82 E:/Program Files/STM32CubeIDE_1.18.1/STM32CubeIDE/plugins/com.st.stm32cube.ide.mcu.externaltools.gnu-tools-for-stm32.13.3.rel1.win32_1.0.0.202411081344/tools/bin/../lib/gcc/arm-none-eabi/13.3.1/../../../../arm-none-eabi/lib/thumb/v6-m/nofp\libc_nano.a(libc_a-makebuf.o)
                0x080129c8                __smakebuf_r
 *fill*         0x08012a4a        0x2 
 .text._fstat_r
                0x08012a4c       0x24 E:/Program Files/STM32CubeIDE_1.18.1/STM32CubeIDE/plugins/com.st.stm32cube.ide.mcu.externaltools.gnu-tools-for-stm32.13.3.rel1.win32_1.0.0.202411081344/tools/bin/../lib/gcc/arm-none-eabi/13.3.1/../../../../arm-none-eabi/lib/thumb/v6-m/nofp\libc_nano.a(libc_a-fstatr.o)
                0x08012a4c                _fstat_r
 .text._isatty_r
                0x08012a70       0x24 E:/Program Files/STM32CubeIDE_1.18.1/STM32CubeIDE/plugins/com.st.stm32cube.ide.mcu.externaltools.gnu-tools-for-stm32.13.3.rel1.win32_1.0.0.202411081344/tools/bin/../lib/gcc/arm-none-eabi/13.3.1/../../../../arm-none-eabi/lib/thumb/v6-m/nofp\libc_nano.a(libc_a-isattyr.o)
                0x08012a70                _isatty_r
 .text._sbrk_r  0x08012a94       0x24 E:/Program Files/STM32CubeIDE_1.18.1/STM32CubeIDE/plugins/com.st.stm32cube.ide.mcu.externaltools.gnu-tools-for-stm32.13.3.rel1.win32_1.0.0.202411081344/tools/bin/../lib/gcc/arm-none-eabi/13.3.1/../../../../arm-none-eabi/lib/thumb/v6-m/nofp\libc_nano.a(libc_a-sbrkr.o)
                0x08012a94                _sbrk_r
 .text.memchr   0x08012ab8       0x16 E:/Program Files/STM32CubeIDE_1.18.1/STM32CubeIDE/plugins/com.st.stm32cube.ide.mcu.externaltools.gnu-tools-for-stm32.13.3.rel1.win32_1.0.0.202411081344/tools/bin/../lib/gcc/arm-none-eabi/13.3.1/../../../../arm-none-eabi/lib/thumb/v6-m/nofp\libc_nano.a(libc_a-memchr-stub.o)
                0x08012ab8                memchr
 *(.glue_7)
 .glue_7        0x08012ace        0x0 linker stubs
 *(.glue_7t)
 .glue_7t       0x08012ace        0x0 linker stubs
 *(.eh_frame)
 *fill*         0x08012ace        0x2 
 .eh_frame      0x08012ad0        0x0 E:/Program Files/STM32CubeIDE_1.18.1/STM32CubeIDE/plugins/com.st.stm32cube.ide.mcu.externaltools.gnu-tools-for-stm32.13.3.rel1.win32_1.0.0.202411081344/tools/bin/../lib/gcc/arm-none-eabi/13.3.1/thumb/v6-m/nofp/crtbegin.o
 *(.init)
 .init          0x08012ad0        0x4 E:/Program Files/STM32CubeIDE_1.18.1/STM32CubeIDE/plugins/com.st.stm32cube.ide.mcu.externaltools.gnu-tools-for-stm32.13.3.rel1.win32_1.0.0.202411081344/tools/bin/../lib/gcc/arm-none-eabi/13.3.1/thumb/v6-m/nofp/crti.o
                0x08012ad0                _init
 .init          0x08012ad4        0x8 E:/Program Files/STM32CubeIDE_1.18.1/STM32CubeIDE/plugins/com.st.stm32cube.ide.mcu.externaltools.gnu-tools-for-stm32.13.3.rel1.win32_1.0.0.202411081344/tools/bin/../lib/gcc/arm-none-eabi/13.3.1/thumb/v6-m/nofp/crtn.o
 *(.fini)
 .fini          0x08012adc        0x4 E:/Program Files/STM32CubeIDE_1.18.1/STM32CubeIDE/plugins/com.st.stm32cube.ide.mcu.externaltools.gnu-tools-for-stm32.13.3.rel1.win32_1.0.0.202411081344/tools/bin/../lib/gcc/arm-none-eabi/13.3.1/thumb/v6-m/nofp/crti.o
                0x08012adc                _fini
 .fini          0x08012ae0        0x8 E:/Program Files/STM32CubeIDE_1.18.1/STM32CubeIDE/plugins/com.st.stm32cube.ide.mcu.externaltools.gnu-tools-for-stm32.13.3.rel1.win32_1.0.0.202411081344/tools/bin/../lib/gcc/arm-none-eabi/13.3.1/thumb/v6-m/nofp/crtn.o
                0x08012ae8                        . = ALIGN (0x4)
                0x08012ae8                        _etext = .

.vfp11_veneer   0x08012ae8        0x0
 .vfp11_veneer  0x08012ae8        0x0 linker stubs

.v4_bx          0x08012ae8        0x0
 .v4_bx         0x08012ae8        0x0 linker stubs

.iplt           0x08012ae8        0x0
 .iplt          0x08012ae8        0x0 E:/Program Files/STM32CubeIDE_1.18.1/STM32CubeIDE/plugins/com.st.stm32cube.ide.mcu.externaltools.gnu-tools-for-stm32.13.3.rel1.win32_1.0.0.202411081344/tools/bin/../lib/gcc/arm-none-eabi/13.3.1/thumb/v6-m/nofp/crtbegin.o

.rodata         0x08012ae8      0xa84
                0x08012ae8                        . = ALIGN (0x4)
 *(.rodata)
 .rodata        0x08012ae8        0xb ./Core/ethernet/net_services.o
 .rodata        0x08012af3        0x7 ./Core/ethernet/w5500_hal.o
 .rodata        0x08012afa        0x6 ./Core/user/user.o
 .rodata        0x08012b00       0x7c E:/Program Files/STM32CubeIDE_1.18.1/STM32CubeIDE/plugins/com.st.stm32cube.ide.mcu.externaltools.gnu-tools-for-stm32.13.3.rel1.win32_1.0.0.202411081344/tools/bin/../lib/gcc/arm-none-eabi/13.3.1/thumb/v6-m/nofp\libgcc.a(divsf3.o)
 *(.rodata*)
 .rodata.main.str1.1
                0x08012b7c      0x960 ./Core/Src/main.o
                                 0x33 (size before relaxing)
 .rodata.APBPrescTable
                0x080134dc       0x20 ./Core/Src/system_stm32g0xx.o
                0x080134dc                APBPrescTable
 .rodata.AHBPrescTable
                0x080134fc       0x40 ./Core/Src/system_stm32g0xx.o
                0x080134fc                AHBPrescTable
 .rodata.pack_device_info.part.0.str1.1
                0x0801353c        0xa ./Core/ethernet/net_app.o
 .rodata.write_sys_parameters.str1.1
                0x0801353c       0x2a ./Core/ethernet/net_app.o
 .rodata.parse_tcp_data.str1.1
                0x0801353c       0x57 ./Core/ethernet/net_app.o
 .rodata.pack_heartbeat_data.str1.1
                0x0801353c       0x3e ./Core/ethernet/net_app.o
 .rodata.report_event.str1.1
                0x0801353c       0x3b ./Core/ethernet/net_app.o
 .rodata.network_reinit.str1.1
                0x0801353c       0x9c ./Core/ethernet/net_services.o
 .rodata.network_init.str1.1
                0x0801353c       0x1a ./Core/ethernet/net_services.o
 .rodata.network_process.str1.1
                0x0801353c      0x140 ./Core/ethernet/net_services.o
 .rodata.print_network_information.str1.1
                0x0801353c      0x154 ./Core/ethernet/w5500_hal.o
 .rodata.W5500_Init_HAL.str1.1
                0x0801353c        0x9 ./Core/ethernet/w5500_hal.o
 .rodata.AddCardToMulti.str1.1
                0x0801353c       0x28 ./Core/user/access.o
 .rodata.WiegandAccess_ProcessCard.str1.1
                0x0801353c      0x1ba ./Core/user/access.o
 .rodata.WiegandAccess_ProcessKey.str1.1
                0x0801353c      0x217 ./Core/user/access.o
 .rodata.CSWTCH.39
                0x0801353c        0x3 ./Core/user/access.o
 .rodata.CSWTCH.38
                0x0801353f        0x3 ./Core/user/access.o
 .rodata.WiegandDecode.str1.1
                0x08013542       0xdc ./Core/user/wiegand.o
 .rodata.UARTPrescTable
                0x08013542       0x18 ./Drivers/STM32G0xx_HAL_Driver/Src/stm32g0xx_hal_uart.o
                0x08013542                UARTPrescTable
 .rodata.denominator.0
                0x0801355a        0x8 ./Drivers/STM32G0xx_HAL_Driver/Src/stm32g0xx_hal_uart_ex.o
 .rodata.numerator.1
                0x08013562        0x8 ./Drivers/STM32G0xx_HAL_Driver/Src/stm32g0xx_hal_uart_ex.o
 .rodata._vfprintf_r.str1.1
                0x0801356a       0x11 E:/Program Files/STM32CubeIDE_1.18.1/STM32CubeIDE/plugins/com.st.stm32cube.ide.mcu.externaltools.gnu-tools-for-stm32.13.3.rel1.win32_1.0.0.202411081344/tools/bin/../lib/gcc/arm-none-eabi/13.3.1/../../../../arm-none-eabi/lib/thumb/v6-m/nofp\libc_nano.a(libc_a-nano-vfprintf.o)
 .rodata._printf_i.str1.1
                0x0801356a       0x22 E:/Program Files/STM32CubeIDE_1.18.1/STM32CubeIDE/plugins/com.st.stm32cube.ide.mcu.externaltools.gnu-tools-for-stm32.13.3.rel1.win32_1.0.0.202411081344/tools/bin/../lib/gcc/arm-none-eabi/13.3.1/../../../../arm-none-eabi/lib/thumb/v6-m/nofp\libc_nano.a(libc_a-nano-vfprintf_i.o)
                0x08013754                        . = ALIGN (0x4)
 *fill*         0x0801356a        0x2 

.ARM.extab      0x0801356c        0x0
                0x0801356c                        . = ALIGN (0x4)
 *(.ARM.extab* .gnu.linkonce.armextab.*)
                0x0801356c                        . = ALIGN (0x4)

.ARM            0x0801356c        0x8
                0x0801356c                        . = ALIGN (0x4)
                0x0801356c                        __exidx_start = .
 *(.ARM.exidx*)
 .ARM.exidx     0x0801356c        0x8 E:/Program Files/STM32CubeIDE_1.18.1/STM32CubeIDE/plugins/com.st.stm32cube.ide.mcu.externaltools.gnu-tools-for-stm32.13.3.rel1.win32_1.0.0.202411081344/tools/bin/../lib/gcc/arm-none-eabi/13.3.1/thumb/v6-m/nofp\libgcc.a(_udivmoddi4.o)
                0x08013574                        __exidx_end = .
                0x08013574                        . = ALIGN (0x4)

.preinit_array  0x08013574        0x0
                0x08013574                        . = ALIGN (0x4)
                0x08013574                        PROVIDE (__preinit_array_start = .)
 *(.preinit_array*)
                0x08013574                        PROVIDE (__preinit_array_end = .)
                0x08013574                        . = ALIGN (0x4)

.init_array     0x08013574        0x4
                0x08013574                        . = ALIGN (0x4)
                0x08013574                        PROVIDE (__init_array_start = .)
 *(SORT_BY_NAME(.init_array.*))
 *(.init_array*)
 .init_array    0x08013574        0x4 E:/Program Files/STM32CubeIDE_1.18.1/STM32CubeIDE/plugins/com.st.stm32cube.ide.mcu.externaltools.gnu-tools-for-stm32.13.3.rel1.win32_1.0.0.202411081344/tools/bin/../lib/gcc/arm-none-eabi/13.3.1/thumb/v6-m/nofp/crtbegin.o
                0x08013578                        PROVIDE (__init_array_end = .)
                0x08013578                        . = ALIGN (0x4)

.fini_array     0x08013578        0x4
                0x08013578                        . = ALIGN (0x4)
                [!provide]                        PROVIDE (__fini_array_start = .)
 *(SORT_BY_NAME(.fini_array.*))
 *(.fini_array*)
 .fini_array    0x08013578        0x4 E:/Program Files/STM32CubeIDE_1.18.1/STM32CubeIDE/plugins/com.st.stm32cube.ide.mcu.externaltools.gnu-tools-for-stm32.13.3.rel1.win32_1.0.0.202411081344/tools/bin/../lib/gcc/arm-none-eabi/13.3.1/thumb/v6-m/nofp/crtbegin.o
                [!provide]                        PROVIDE (__fini_array_end = .)
                0x0801357c                        . = ALIGN (0x4)
                0x0801357c                        _sidata = LOADADDR (.data)

.rel.dyn        0x0801357c        0x0
 .rel.iplt      0x0801357c        0x0 E:/Program Files/STM32CubeIDE_1.18.1/STM32CubeIDE/plugins/com.st.stm32cube.ide.mcu.externaltools.gnu-tools-for-stm32.13.3.rel1.win32_1.0.0.202411081344/tools/bin/../lib/gcc/arm-none-eabi/13.3.1/thumb/v6-m/nofp/crtbegin.o

.data           0x20000000       0x98 load address 0x0801357c
                0x20000000                        . = ALIGN (0x4)
                0x20000000                        _sdata = .
 *(.data)
 *(.data*)
 .data.SystemCoreClock
                0x20000000        0x4 ./Core/Src/system_stm32g0xx.o
                0x20000000                SystemCoreClock
 .data.phy_link_last
                0x20000004        0x1 ./Core/ethernet/net_services.o
 *fill*         0x20000005        0x1 
 .data.sock_any_port
                0x20000006        0x2 ./Core/ethernet/socket.o
 .data.WIZCHIP  0x20000008       0x2c ./Core/ethernet/wizchip_conf.o
                0x20000008                WIZCHIP
 .data.uwTickFreq
                0x20000034        0x1 ./Drivers/STM32G0xx_HAL_Driver/Src/stm32g0xx_hal.o
                0x20000034                uwTickFreq
 *fill*         0x20000035        0x3 
 .data.uwTickPrio
                0x20000038        0x4 ./Drivers/STM32G0xx_HAL_Driver/Src/stm32g0xx_hal.o
                0x20000038                uwTickPrio
 .data.__sglue  0x2000003c        0xc E:/Program Files/STM32CubeIDE_1.18.1/STM32CubeIDE/plugins/com.st.stm32cube.ide.mcu.externaltools.gnu-tools-for-stm32.13.3.rel1.win32_1.0.0.202411081344/tools/bin/../lib/gcc/arm-none-eabi/13.3.1/../../../../arm-none-eabi/lib/thumb/v6-m/nofp\libc_nano.a(libc_a-findfp.o)
                0x2000003c                __sglue
 .data._impure_ptr
                0x20000048        0x4 E:/Program Files/STM32CubeIDE_1.18.1/STM32CubeIDE/plugins/com.st.stm32cube.ide.mcu.externaltools.gnu-tools-for-stm32.13.3.rel1.win32_1.0.0.202411081344/tools/bin/../lib/gcc/arm-none-eabi/13.3.1/../../../../arm-none-eabi/lib/thumb/v6-m/nofp\libc_nano.a(libc_a-impure.o)
                0x20000048                _impure_ptr
 .data._impure_data
                0x2000004c       0x4c E:/Program Files/STM32CubeIDE_1.18.1/STM32CubeIDE/plugins/com.st.stm32cube.ide.mcu.externaltools.gnu-tools-for-stm32.13.3.rel1.win32_1.0.0.202411081344/tools/bin/../lib/gcc/arm-none-eabi/13.3.1/../../../../arm-none-eabi/lib/thumb/v6-m/nofp\libc_nano.a(libc_a-impure.o)
                0x2000004c                _impure_data
 *(.RamFunc)
 *(.RamFunc*)
                0x20000098                        . = ALIGN (0x4)
                0x20000098                        _edata = .

.igot.plt       0x20000098        0x0 load address 0x08013614
 .igot.plt      0x20000098        0x0 E:/Program Files/STM32CubeIDE_1.18.1/STM32CubeIDE/plugins/com.st.stm32cube.ide.mcu.externaltools.gnu-tools-for-stm32.13.3.rel1.win32_1.0.0.202411081344/tools/bin/../lib/gcc/arm-none-eabi/13.3.1/thumb/v6-m/nofp/crtbegin.o
                0x20000098                        . = ALIGN (0x4)

.bss            0x20000098     0x1158 load address 0x08013614
                0x20000098                        _sbss = .
                0x20000098                        __bss_start__ = _sbss
 *(.bss)
 .bss           0x20000098       0x1c E:/Program Files/STM32CubeIDE_1.18.1/STM32CubeIDE/plugins/com.st.stm32cube.ide.mcu.externaltools.gnu-tools-for-stm32.13.3.rel1.win32_1.0.0.202411081344/tools/bin/../lib/gcc/arm-none-eabi/13.3.1/thumb/v6-m/nofp/crtbegin.o
 *(.bss*)
 .bss.hdma_usart1_tx
                0x200000b4       0x60 ./Core/Src/main.o
                0x200000b4                hdma_usart1_tx
 .bss.hdma_usart1_rx
                0x20000114       0x60 ./Core/Src/main.o
                0x20000114                hdma_usart1_rx
 .bss.huart1    0x20000174       0x94 ./Core/Src/main.o
                0x20000174                huart1
 .bss.htim6     0x20000208       0x4c ./Core/Src/main.o
                0x20000208                htim6
 .bss.htim2     0x20000254       0x4c ./Core/Src/main.o
                0x20000254                htim2
 .bss.hspi2     0x200002a0       0x64 ./Core/Src/main.o
                0x200002a0                hspi2
 .bss.hspi1     0x20000304       0x64 ./Core/Src/main.o
                0x20000304                hspi1
 .bss.hiwdg     0x20000368       0x10 ./Core/Src/main.o
                0x20000368                hiwdg
 .bss.hi2c2     0x20000378       0x54 ./Core/Src/main.o
                0x20000378                hi2c2
 .bss.hadc1     0x200003cc       0x64 ./Core/Src/main.o
                0x200003cc                hadc1
 .bss.__sbrk_heap_end
                0x20000430        0x4 ./Core/Src/sysmem.o
 .bss.network_params_changed
                0x20000434        0x1 ./Core/ethernet/net_app.o
                0x20000434                network_params_changed
 *fill*         0x20000435        0x1 
 .bss.BlockCount
                0x20000436        0x2 ./Core/ethernet/net_app.o
                0x20000436                BlockCount
 .bss.udp_ready
                0x20000438        0x1 ./Core/ethernet/net_services.o
 .bss.tcp_state
                0x20000439        0x1 ./Core/ethernet/net_services.o
 *fill*         0x2000043a        0x2 
 .bss.last_heartbeat_time
                0x2000043c        0x4 ./Core/ethernet/net_services.o
 .bss.tcp_rx_buf
                0x20000440      0x410 ./Core/ethernet/net_services.o
 .bss.sock_pack_info
                0x20000850        0x8 ./Core/ethernet/socket.o
                0x20000850                sock_pack_info
 .bss.sock_remained_size
                0x20000858       0x10 ./Core/ethernet/socket.o
 .bss.sock_is_sending
                0x20000868        0x2 ./Core/ethernet/socket.o
 .bss.sock_io_mode
                0x2000086a        0x2 ./Core/ethernet/socket.o
 .bss._DHCP_    0x2000086c        0x1 ./Core/ethernet/wizchip_conf.o
 .bss._DNS_     0x2000086d        0x4 ./Core/ethernet/wizchip_conf.o
 *fill*         0x20000871        0x1 
 .bss.g_last_date
                0x20000872        0x2 ./Core/user/access.o
 .bss.g_first_card_flag
                0x20000874        0x8 ./Core/user/access.o
 .bss.g_key_state
                0x2000087c       0xc0 ./Core/user/access.o
 .bss.g_pwd_state
                0x2000093c       0x60 ./Core/user/access.o
 .bss.g_multi_state
                0x2000099c      0x180 ./Core/user/access.o
 .bss.g_log_read_idx
                0x20000b1c        0x4 ./Core/user/log.o
 .bss.g_log_write_idx
                0x20000b20        0x4 ./Core/user/log.o
 .bss.g_log_start_idx
                0x20000b24        0x4 ./Core/user/log.o
 .bss.uc500ms   0x20000b28        0x1 ./Core/user/timApp.o
 .bss.uc100ms   0x20000b29        0x1 ./Core/user/timApp.o
 .bss.uc10ms    0x20000b2a        0x1 ./Core/user/timApp.o
 .bss.buffer_RX1
                0x20000b2b      0x440 ./Core/user/usart.o
                0x20000b2b                buffer_RX1
 *fill*         0x20000f6b        0x1 
 .bss.last_valid.0
                0x20000f6c        0x4 ./Core/user/user.o
 .bss.sys_door  0x20000f70       0xc0 ./Core/user/user.o
                0x20000f70                sys_door
 .bss.sys_para  0x20001030       0x29 ./Core/user/user.o
                0x20001030                sys_para
 .bss.WiegandSign
                0x20001059        0x1 ./Core/user/wiegand.o
                0x20001059                WiegandSign
 *fill*         0x2000105a        0x6 
 .bss.Wiegand4  0x20001060       0x10 ./Core/user/wiegand.o
                0x20001060                Wiegand4
 .bss.Wiegand3  0x20001070       0x10 ./Core/user/wiegand.o
                0x20001070                Wiegand3
 .bss.Wiegand2  0x20001080       0x10 ./Core/user/wiegand.o
                0x20001080                Wiegand2
 .bss.Wiegand1  0x20001090       0x10 ./Core/user/wiegand.o
                0x20001090                Wiegand1
 .bss.uwTick    0x200010a0        0x4 ./Drivers/STM32G0xx_HAL_Driver/Src/stm32g0xx_hal.o
                0x200010a0                uwTick
 .bss.__sf      0x200010a4      0x138 E:/Program Files/STM32CubeIDE_1.18.1/STM32CubeIDE/plugins/com.st.stm32cube.ide.mcu.externaltools.gnu-tools-for-stm32.13.3.rel1.win32_1.0.0.202411081344/tools/bin/../lib/gcc/arm-none-eabi/13.3.1/../../../../arm-none-eabi/lib/thumb/v6-m/nofp\libc_nano.a(libc_a-findfp.o)
                0x200010a4                __sf
 .bss.__stdio_exit_handler
                0x200011dc        0x4 E:/Program Files/STM32CubeIDE_1.18.1/STM32CubeIDE/plugins/com.st.stm32cube.ide.mcu.externaltools.gnu-tools-for-stm32.13.3.rel1.win32_1.0.0.202411081344/tools/bin/../lib/gcc/arm-none-eabi/13.3.1/../../../../arm-none-eabi/lib/thumb/v6-m/nofp\libc_nano.a(libc_a-findfp.o)
                0x200011dc                __stdio_exit_handler
 .bss.errno     0x200011e0        0x4 E:/Program Files/STM32CubeIDE_1.18.1/STM32CubeIDE/plugins/com.st.stm32cube.ide.mcu.externaltools.gnu-tools-for-stm32.13.3.rel1.win32_1.0.0.202411081344/tools/bin/../lib/gcc/arm-none-eabi/13.3.1/../../../../arm-none-eabi/lib/thumb/v6-m/nofp\libc_nano.a(libc_a-reent.o)
                0x200011e0                errno
 .bss.__lock___malloc_recursive_mutex
                0x200011e4        0x1 E:/Program Files/STM32CubeIDE_1.18.1/STM32CubeIDE/plugins/com.st.stm32cube.ide.mcu.externaltools.gnu-tools-for-stm32.13.3.rel1.win32_1.0.0.202411081344/tools/bin/../lib/gcc/arm-none-eabi/13.3.1/../../../../arm-none-eabi/lib/thumb/v6-m/nofp\libc_nano.a(libc_a-lock.o)
                0x200011e4                __lock___malloc_recursive_mutex
 .bss.__lock___sfp_recursive_mutex
                0x200011e5        0x1 E:/Program Files/STM32CubeIDE_1.18.1/STM32CubeIDE/plugins/com.st.stm32cube.ide.mcu.externaltools.gnu-tools-for-stm32.13.3.rel1.win32_1.0.0.202411081344/tools/bin/../lib/gcc/arm-none-eabi/13.3.1/../../../../arm-none-eabi/lib/thumb/v6-m/nofp\libc_nano.a(libc_a-lock.o)
                0x200011e5                __lock___sfp_recursive_mutex
 *fill*         0x200011e6        0x2 
 .bss.__malloc_sbrk_start