../Core/Src/stm32g0xx_hal_msp.c:66:6:HAL_MspInit	16	static
../Core/Src/stm32g0xx_hal_msp.c:93:6:HAL_ADC_MspInit	112	static
../Core/Src/stm32g0xx_hal_msp.c:138:6:HAL_ADC_MspDeInit	8	static
../Core/Src/stm32g0xx_hal_msp.c:166:6:HAL_I2C_MspInit	112	static
../Core/Src/stm32g0xx_hal_msp.c:213:6:HAL_I2C_MspDeInit	8	static
../Core/Src/stm32g0xx_hal_msp.c:244:6:HAL_SPI_MspInit	48	static
../Core/Src/stm32g0xx_hal_msp.c:306:6:HAL_SPI_MspDeInit	8	static
../Core/Src/stm32g0xx_hal_msp.c:355:6:HAL_TIM_Base_MspInit	16	static
../Core/Src/stm32g0xx_hal_msp.c:391:6:HAL_TIM_Base_MspDeInit	8	static
../Core/Src/stm32g0xx_hal_msp.c:427:6:HAL_UART_MspInit	120	static
../Core/Src/stm32g0xx_hal_msp.c:513:6:HAL_UART_MspDeInit	8	static
