../Core/ethernet/net_app.c:17:24:bytes_to_uint32	0	static
../Core/ethernet/net_app.c:53:20:reply_add_byte	8	static
../Core/ethernet/net_app.c:40:6:xor_encrypt.part.0	24	static
../Core/ethernet/net_app.c:61:6:pack_device_info.part.0	48	static
../Core/ethernet/net_app.c:28:9:crc	8	static
../Core/ethernet/net_app.c:40:6:xor_encrypt	8	static
../Core/ethernet/net_app.c:167:13:reply_send	32	static
../Core/ethernet/net_app.c:313:13:handle_read_door	40	static
../Core/ethernet/net_app.c:61:6:pack_device_info	8	static
../Core/ethernet/net_app.c:125:6:CompareUID	16	static
../Core/ethernet/net_app.c:135:9:calculate_weekday	24	static
../Core/ethernet/net_app.c:151:6:SetTime	24	static
../Core/ethernet/net_app.c:190:6:write_sys_parameters	48	static
../Core/ethernet/net_app.c:358:6:write_sys_door	40	static
../Core/ethernet/net_app.c:379:6:handle_write_door	16	static
../Core/ethernet/net_app.c:388:6:handle_remote_lock	32	static
../Core/ethernet/net_app.c:410:6:handle_read_times	24	static
../Core/ethernet/net_app.c:426:6:handle_write_times	16	static
../Core/ethernet/net_app.c:440:6:handle_delete_user	16	static
../Core/ethernet/net_app.c:447:6:handle_read_user	1048	static
../Core/ethernet/net_app.c:464:6:handle_write_user	16	static
../Core/ethernet/net_app.c:478:6:handle_read_weekly	1048	static
../Core/ethernet/net_app.c:494:6:handle_write_weekly	16	static
../Core/ethernet/net_app.c:508:6:handle_read_holiday	1048	static
../Core/ethernet/net_app.c:524:6:handle_write_holiday	16	static
../Core/ethernet/net_app.c:541:6:read_event_log_total_num	16	static
../Core/ethernet/net_app.c:553:6:ClearAllAntiPassbackTable	2072	static
../Core/ethernet/net_app.c:570:6:handle_delete_all_antiuser	8	static
../Core/ethernet/net_app.c:579:6:handle_delete_antiuser	24	static
../Core/ethernet/net_app.c:595:6:handle_read_antiuser	1056	static
../Core/ethernet/net_app.c:705:6:parse_tcp_data	2112	static,ignoring_inline_asm
../Core/ethernet/net_app.c:807:9:pack_heartbeat_data	1128	static
../Core/ethernet/net_app.c:849:6:report_event	96	static
../Core/ethernet/net_app.c:916:6:send_remote_confirm_request	96	static
