../Drivers/CMSIS/Include/core_cm0plus.h:985:34:__NVIC_SystemReset	8	static,ignoring_inline_asm
../Core/ethernet/net_app.c:17:24:bytes_to_uint32	16	static
../Core/ethernet/net_app.c:22:24:bytes_to_uint16	16	static
../Core/ethernet/net_app.c:28:9:crc	24	static
../Core/ethernet/net_app.c:40:6:xor_encrypt	32	static
../Core/ethernet/net_app.c:53:20:reply_add_byte	16	static
../Core/ethernet/net_app.c:61:6:pack_device_info	56	static
../Core/ethernet/net_app.c:125:6:CompareUID	32	static
../Core/ethernet/net_app.c:135:9:calculate_weekday	40	static
../Core/ethernet/net_app.c:151:6:SetTime	40	static
../Core/ethernet/net_app.c:167:13:reply_send	32	static
../Core/ethernet/net_app.c:181:13:reply_init	16	static
../Core/ethernet/net_app.c:190:6:write_sys_parameters	56	static
../Core/ethernet/net_app.c:238:13:handle_read_params	16	static
../Core/ethernet/net_app.c:245:13:handle_write_params	24	static
../Core/ethernet/net_app.c:262:13:handle_read_ota	1072	static
../Core/ethernet/net_app.c:280:13:handle_write_ota	40	static
../Core/ethernet/net_app.c:297:13:handle_system_Reset	24	static
../Core/ethernet/net_app.c:313:13:handle_read_door	32	static
../Core/ethernet/net_app.c:358:6:write_sys_door	40	static
../Core/ethernet/net_app.c:379:6:handle_write_door	24	static
../Core/ethernet/net_app.c:389:6:handle_read_times	32	static
../Core/ethernet/net_app.c:405:6:handle_write_times	24	static
../Core/ethernet/net_app.c:419:6:handle_delete_user	16	static
../Core/ethernet/net_app.c:426:6:handle_read_user	1072	static
../Core/ethernet/net_app.c:443:6:handle_write_user	40	static
../Core/ethernet/net_app.c:457:6:handle_read_weekly	1072	static
../Core/ethernet/net_app.c:473:6:handle_write_weekly	40	static
../Core/ethernet/net_app.c:487:6:handle_read_holiday	1072	static
../Core/ethernet/net_app.c:503:6:handle_write_holiday	40	static
../Core/ethernet/net_app.c:519:6:read_event_log_total_num	24	static
../Core/ethernet/net_app.c:532:6:ClearAllAntiPassbackTable	2080	static
../Core/ethernet/net_app.c:549:6:handle_delete_all_antiuser	16	static
../Core/ethernet/net_app.c:558:6:handle_delete_antiuser	48	static
../Core/ethernet/net_app.c:575:6:handle_read_antiuser	1072	static
../Core/ethernet/net_app.c:603:6:parse_tcp_data	1096	static
../Core/ethernet/net_app.c:696:9:pack_heartbeat_data	1136	static
../Core/ethernet/net_app.c:736:6:report_event	96	static
