../Core/ethernet/net_app.c:19:24:bytes_to_uint32	0	static
../Core/ethernet/net_app.c:55:20:reply_add_byte	8	static
../Core/ethernet/net_app.c:42:6:xor_encrypt.part.0	24	static
../Core/ethernet/net_app.c:63:6:pack_device_info.part.0	48	static
../Core/ethernet/net_app.c:30:9:crc	8	static
../Core/ethernet/net_app.c:42:6:xor_encrypt	8	static
../Core/ethernet/net_app.c:177:13:reply_send	32	static
../Core/ethernet/net_app.c:323:13:handle_read_door	40	static
../Core/ethernet/net_app.c:63:6:pack_device_info	8	static
../Core/ethernet/net_app.c:127:6:CompareUID	16	static
../Core/ethernet/net_app.c:137:9:calculate_weekday	24	static
../Core/ethernet/net_app.c:153:6:SetTime	40	static
../Core/ethernet/net_app.c:200:6:write_sys_parameters	48	static
../Core/ethernet/net_app.c:368:6:write_sys_door	40	static
../Core/ethernet/net_app.c:389:6:handle_write_door	16	static
../Core/ethernet/net_app.c:399:6:handle_read_times	24	static
../Core/ethernet/net_app.c:415:6:handle_write_times	16	static
../Core/ethernet/net_app.c:429:6:handle_delete_user	16	static
../Core/ethernet/net_app.c:436:6:handle_read_user	1048	static
../Core/ethernet/net_app.c:453:6:handle_write_user	16	static
../Core/ethernet/net_app.c:467:6:handle_read_weekly	1048	static
../Core/ethernet/net_app.c:483:6:handle_write_weekly	16	static
../Core/ethernet/net_app.c:497:6:handle_read_holiday	1048	static
../Core/ethernet/net_app.c:513:6:handle_write_holiday	16	static
../Core/ethernet/net_app.c:530:6:read_event_log_total_num	16	static
../Core/ethernet/net_app.c:542:6:ClearAllAntiPassbackTable	2072	static
../Core/ethernet/net_app.c:559:6:handle_delete_all_antiuser	8	static
../Core/ethernet/net_app.c:568:6:handle_delete_antiuser	24	static
../Core/ethernet/net_app.c:584:6:handle_read_antiuser	1056	static
../Core/ethernet/net_app.c:694:6:parse_tcp_data	2112	static,ignoring_inline_asm
../Core/ethernet/net_app.c:792:9:pack_heartbeat_data	1128	static
../Core/ethernet/net_app.c:834:6:report_event	96	static
