../Core/ethernet/net_app.c:17:24:bytes_to_uint32	0	static
../Core/ethernet/net_app.c:53:20:reply_add_byte	8	static
../Core/ethernet/net_app.c:40:6:xor_encrypt.part.0	24	static
../Core/ethernet/net_app.c:61:6:pack_device_info.part.0	48	static
../Core/ethernet/net_app.c:28:9:crc	8	static
../Core/ethernet/net_app.c:40:6:xor_encrypt	8	static
../Core/ethernet/net_app.c:166:13:reply_send	32	static
../Core/ethernet/net_app.c:312:13:handle_read_door	40	static
../Core/ethernet/net_app.c:61:6:pack_device_info	8	static
../Core/ethernet/net_app.c:125:6:CompareUID	16	static
../Core/ethernet/net_app.c:135:9:calculate_weekday	24	static
../Core/ethernet/net_app.c:151:6:SetTime	24	static
../Core/ethernet/net_app.c:189:6:write_sys_parameters	48	static
../Core/ethernet/net_app.c:357:6:write_sys_door	40	static
../Core/ethernet/net_app.c:378:6:handle_write_door	16	static
../Core/ethernet/net_app.c:387:6:handle_remote_lock	32	static
../Core/ethernet/net_app.c:409:6:handle_read_times	24	static
../Core/ethernet/net_app.c:425:6:handle_write_times	16	static
../Core/ethernet/net_app.c:439:6:handle_delete_user	16	static
../Core/ethernet/net_app.c:446:6:handle_read_user	1048	static
../Core/ethernet/net_app.c:463:6:handle_write_user	16	static
../Core/ethernet/net_app.c:477:6:handle_read_weekly	1048	static
../Core/ethernet/net_app.c:493:6:handle_write_weekly	16	static
../Core/ethernet/net_app.c:507:6:handle_read_holiday	1048	static
../Core/ethernet/net_app.c:523:6:handle_write_holiday	16	static
../Core/ethernet/net_app.c:540:6:read_event_log_total_num	16	static
../Core/ethernet/net_app.c:552:6:ClearAllAntiPassbackTable	2072	static
../Core/ethernet/net_app.c:569:6:handle_delete_all_antiuser	8	static
../Core/ethernet/net_app.c:578:6:handle_delete_antiuser	24	static
../Core/ethernet/net_app.c:594:6:handle_read_antiuser	1056	static
../Core/ethernet/net_app.c:704:6:parse_tcp_data	2112	static,ignoring_inline_asm
../Core/ethernet/net_app.c:806:9:pack_heartbeat_data	1128	static
../Core/ethernet/net_app.c:848:6:report_event	96	static
../Core/ethernet/net_app.c:915:6:send_remote_confirm_request	96	static
