../Drivers/CMSIS/Include/core_cm0plus.h:985:34:__NVIC_SystemReset	8	static,ignoring_inline_asm
../Core/ethernet/net_app.c:15:24:bytes_to_uint32	16	static
../Core/ethernet/net_app.c:20:24:bytes_to_uint16	16	static
../Core/ethernet/net_app.c:26:9:crc	24	static
../Core/ethernet/net_app.c:38:6:xor_encrypt	32	static
../Core/ethernet/net_app.c:51:20:reply_add_byte	16	static
../Core/ethernet/net_app.c:59:6:pack_device_info	56	static
../Core/ethernet/net_app.c:123:6:CompareUID	32	static
../Core/ethernet/net_app.c:133:9:calculate_weekday	40	static
../Core/ethernet/net_app.c:149:6:SetTime	40	static
../Core/ethernet/net_app.c:165:13:reply_send	32	static
../Core/ethernet/net_app.c:179:13:reply_init	16	static
../Core/ethernet/net_app.c:188:6:write_sys_parameters	56	static
../Core/ethernet/net_app.c:236:13:handle_read_params	16	static
../Core/ethernet/net_app.c:243:13:handle_write_params	24	static
../Core/ethernet/net_app.c:260:13:handle_read_ota	1072	static
../Core/ethernet/net_app.c:278:13:handle_write_ota	40	static
../Core/ethernet/net_app.c:293:13:handle_system_Reset	24	static
../Core/ethernet/net_app.c:305:13:handle_read_door	32	static
../Core/ethernet/net_app.c:350:6:write_sys_door	40	static
../Core/ethernet/net_app.c:371:6:handle_write_door	24	static
../Core/ethernet/net_app.c:381:6:handle_read_times	32	static
../Core/ethernet/net_app.c:397:6:handle_write_times	24	static
../Core/ethernet/net_app.c:411:6:handle_delete_user	16	static
../Core/ethernet/net_app.c:418:6:handle_read_user	1072	static
../Core/ethernet/net_app.c:435:6:handle_write_user	40	static
../Core/ethernet/net_app.c:449:6:handle_read_weekly	1072	static
../Core/ethernet/net_app.c:465:6:handle_write_weekly	40	static
../Core/ethernet/net_app.c:479:6:handle_read_holiday	1072	static
../Core/ethernet/net_app.c:495:6:handle_write_holiday	40	static
../Core/ethernet/net_app.c:511:6:read_event_log_total_num	24	static
../Core/ethernet/net_app.c:525:6:parse_tcp_data	1096	static
../Core/ethernet/net_app.c:611:9:pack_heartbeat_data	1136	static
