../Core/ethernet/net_app.c:18:24:bytes_to_uint32	0	static
../Core/ethernet/net_app.c:54:20:reply_add_byte	8	static
../Core/ethernet/net_app.c:41:6:xor_encrypt.part.0	24	static
../Core/ethernet/net_app.c:62:6:pack_device_info.part.0	48	static
../Core/ethernet/net_app.c:29:9:crc	8	static
../Core/ethernet/net_app.c:41:6:xor_encrypt	8	static
../Core/ethernet/net_app.c:176:13:reply_send	32	static
../Core/ethernet/net_app.c:322:13:handle_read_door	40	static
../Core/ethernet/net_app.c:62:6:pack_device_info	8	static
../Core/ethernet/net_app.c:126:6:CompareUID	56	static
../Core/ethernet/net_app.c:144:9:calculate_weekday	24	static
../Core/ethernet/net_app.c:160:6:SetTime	24	static
../Core/ethernet/net_app.c:199:6:write_sys_parameters	48	static
../Core/ethernet/net_app.c:367:6:write_sys_door	40	static
../Core/ethernet/net_app.c:388:6:handle_write_door	16	static
../Core/ethernet/net_app.c:397:6:handle_remote_lock	32	static
../Core/ethernet/net_app.c:419:6:handle_read_times	24	static
../Core/ethernet/net_app.c:435:6:handle_write_times	16	static
../Core/ethernet/net_app.c:449:6:handle_delete_user	16	static
../Core/ethernet/net_app.c:456:6:handle_read_user	1048	static
../Core/ethernet/net_app.c:473:6:handle_write_user	24	static
../Core/ethernet/net_app.c:490:6:handle_read_weekly	1048	static
../Core/ethernet/net_app.c:506:6:handle_write_weekly	16	static
../Core/ethernet/net_app.c:520:6:handle_read_holiday	1048	static
../Core/ethernet/net_app.c:536:6:handle_write_holiday	16	static
../Core/ethernet/net_app.c:553:6:read_event_log_total_num	16	static
../Core/ethernet/net_app.c:565:6:ClearAllAntiPassbackTable	2072	static
../Core/ethernet/net_app.c:582:6:handle_delete_all_antiuser	8	static
../Core/ethernet/net_app.c:591:6:handle_delete_antiuser	24	static
../Core/ethernet/net_app.c:607:6:handle_read_antiuser	1056	static
../Core/ethernet/net_app.c:717:6:parse_tcp_data	2112	static,ignoring_inline_asm
../Core/ethernet/net_app.c:820:9:pack_heartbeat_data	1128	static
../Core/ethernet/net_app.c:862:6:report_event	96	static
../Core/ethernet/net_app.c:929:6:send_remote_confirm_request	96	static
