../Core/ethernet/socket.c:421:15:connect_IO_6	32	static
../Core/ethernet/socket.c:754:16:sendto_IO_6	48	static
../Core/ethernet/socket.c:347:8:close	24	static
../Core/ethernet/socket.c:200:8:socket	32	static
../Core/ethernet/socket.c:906:16:recvfrom_IO_6.isra	56	static
../Core/ethernet/socket.c:390:8:listen	16	static
../Core/ethernet/socket.c:405:8:connect_W5x00	8	static
../Core/ethernet/socket.c:413:8:connect_W6x00	8	static
../Core/ethernet/socket.c:487:8:disconnect	24	static
../Core/ethernet/socket.c:512:9:send	40	static
../Core/ethernet/socket.c:628:9:recv	40	static
../Core/ethernet/socket.c:742:9:sendto_W5x00	24	static
../Core/ethernet/socket.c:748:9:sendto_W6x00	24	static
../Core/ethernet/socket.c:894:9:recvfrom_W5x00	16	static
../Core/ethernet/socket.c:901:9:recvfrom_W6x00	16	static
../Core/ethernet/socket.c:1146:9:ctlsocket	8	static
../Core/ethernet/socket.c:1201:9:setsockopt	24	static
../Core/ethernet/socket.c:1259:8:getsockopt	16	static
