../Core/user/access.c:64:13:GetCurrentDateTime	40	static
../Core/user/access.c:80:17:FindUserByCard	72	static
../Core/user/access.c:105:16:CheckHolidaySchedule	1096	static
../Core/user/access.c:142:13:CheckTimePermission	112	static
../Core/user/access.c:182:13:DoUnlock	40	static
../Core/user/access.c:191:13:ClearMultiState	16	static
../Core/user/access.c:198:13:ClearPwdState	16	static
../Core/user/access.c:204:13:ClearKeyCollector	16	static
../Core/user/access.c:212:17:EncodePassword	40	static
../Core/user/access.c:235:13:VerifyPassword	24	static
../Core/user/access.c:242:13:AddCardToMulti	40	static
../Core/user/access.c:262:13:ProcessValidCard	48	static
../Core/user/access.c:334:6:WiegandAccess_Init	8	static
../Core/user/access.c:344:6:WiegandAccess_ProcessCard	96	static
../Core/user/access.c:424:6:WiegandAccess_ProcessKey	128	static
../Core/user/access.c:831:6:WiegandAccess_TimerTick	72	static
