../Core/user/access.c:204:13:ClearMultiState	0	static
../Core/user/access.c:217:13:ClearKeyCollector	16	static
../Core/user/access.c:92:17:FindUserByCard	56	static
../Core/user/access.c:277:13:AntiPassbackCheck	32	static
../Core/user/access.c:225:17:EncodePassword	16	static
../Core/user/access.c:114:16:CheckHolidaySchedule.isra	1056	static
../Core/user/access.c:555:6:WiegandAccess_Init	8	static
../Core/user/access.c:565:6:WiegandAccess_ProcessCard	144	static
../Core/user/access.c:652:6:WiegandAccess_ProcessKey	96	static
../Core/user/access.c:963:6:WiegandAccess_TimerTick	40	static
../Core/user/access.c:1023:6:remote_confirm_unlock	16	static
