../Core/user/user_index.c:52:17:UserIndex_CalcCrc	0	static
../Core/user/user_index.c:113:12:CompareIndexEntry	0	static
../Core/user/user_index.c:122:13:UserIndex_FillRunBuffer	24	static
../Core/user/user_index.c:85:13:UserIndex_InvalidateMeta	32	static
../Core/user/user_index.c:99:13:UserIndex_CommitMeta	32	static
../Core/user/user_index.c:202:6:UserIndex_Init	40	static
../Core/user/user_index.c:256:6:UserIndex_IsRebuilding	0	static
../Core/user/user_index.c:261:6:UserIndex_RebuildStart	16	static
../Core/user/user_index.c:250:6:UserIndex_ForceRebuild	8	static
../Core/user/user_index.c:220:6:UserIndex_VerifyIndex	32	static
../Core/user/user_index.c:279:6:UserIndex_RequestRebuild	8	static
../Core/user/user_index.c:286:6:UserIndex_Process	40	static
../Core/user/user_index.c:384:10:UserIndex_FindUserByCard	40	static
